Archive member included to satisfy reference by file (symbol)

/usr/lib/gcc/arm-none-eabi/7.3.1/thumb/v7-m/libgcc.a(_aeabi_ldivmod.o)
                              obj_zoul/spi.o (__aeabi_ldivmod)
/usr/lib/gcc/arm-none-eabi/7.3.1/thumb/v7-m/libgcc.a(_aeabi_uldivmod.o)
                              obj_zoul/spi.o (__aeabi_uldivmod)
/usr/lib/gcc/arm-none-eabi/7.3.1/thumb/v7-m/libgcc.a(_udivmoddi4.o)
                              /usr/lib/gcc/arm-none-eabi/7.3.1/thumb/v7-m/libgcc.a(_aeabi_ldivmod.o) (__udivmoddi4)
/usr/lib/gcc/arm-none-eabi/7.3.1/thumb/v7-m/libgcc.a(_dvmd_tls.o)
                              /usr/lib/gcc/arm-none-eabi/7.3.1/thumb/v7-m/libgcc.a(_aeabi_ldivmod.o) (__aeabi_ldiv0)
/usr/lib/gcc/arm-none-eabi/7.3.1/../../../arm-none-eabi/lib/thumb/v7-m/libc.a(lib_a-atoi.o)
                              /home/aghiles/Aghiles/Research/cod/engineering/1-boards/contiki/antelope/netdb/netdb-client.co (atoi)
/usr/lib/gcc/arm-none-eabi/7.3.1/../../../arm-none-eabi/lib/thumb/v7-m/libc.a(lib_a-ctype_.o)
                              obj_zoul/aql-lexer.o (_ctype_)
/usr/lib/gcc/arm-none-eabi/7.3.1/../../../arm-none-eabi/lib/thumb/v7-m/libc.a(lib_a-errno.o)
                              obj_zoul/aql-lexer.o (__errno)
/usr/lib/gcc/arm-none-eabi/7.3.1/../../../arm-none-eabi/lib/thumb/v7-m/libc.a(lib_a-impure.o)
                              /usr/lib/gcc/arm-none-eabi/7.3.1/../../../arm-none-eabi/lib/thumb/v7-m/libc.a(lib_a-errno.o) (_impure_ptr)
/usr/lib/gcc/arm-none-eabi/7.3.1/../../../arm-none-eabi/lib/thumb/v7-m/libc.a(lib_a-memcmp.o)
                              obj_zoul/polite.o (memcmp)
/usr/lib/gcc/arm-none-eabi/7.3.1/../../../arm-none-eabi/lib/thumb/v7-m/libc.a(lib_a-memcpy.o)
                              obj_zoul/aql-adt.o (memcpy)
/usr/lib/gcc/arm-none-eabi/7.3.1/../../../arm-none-eabi/lib/thumb/v7-m/libc.a(lib_a-memmove.o)
                              obj_zoul/lvm.o (memmove)
/usr/lib/gcc/arm-none-eabi/7.3.1/../../../arm-none-eabi/lib/thumb/v7-m/libc.a(lib_a-memset.o)
                              obj_zoul/aql-exec.o (memset)
/usr/lib/gcc/arm-none-eabi/7.3.1/../../../arm-none-eabi/lib/thumb/v7-m/libc.a(lib_a-reent.o)
                              obj_zoul/syscalls.o (errno)
/usr/lib/gcc/arm-none-eabi/7.3.1/../../../arm-none-eabi/lib/thumb/v7-m/libc.a(lib_a-strcasecmp.o)
                              obj_zoul/resolv.o (strcasecmp)
/usr/lib/gcc/arm-none-eabi/7.3.1/../../../arm-none-eabi/lib/thumb/v7-m/libc.a(lib_a-strcat.o)
                              obj_zoul/storage-cfs.o (strcat)
/usr/lib/gcc/arm-none-eabi/7.3.1/../../../arm-none-eabi/lib/thumb/v7-m/libc.a(lib_a-strchr.o)
                              obj_zoul/aql-lexer.o (strchr)
/usr/lib/gcc/arm-none-eabi/7.3.1/../../../arm-none-eabi/lib/thumb/v7-m/libc.a(lib_a-strcmp.o)
                              obj_zoul/aql-adt.o (strcmp)
/usr/lib/gcc/arm-none-eabi/7.3.1/../../../arm-none-eabi/lib/thumb/v7-m/libc.a(lib_a-strcpy.o)
                              obj_zoul/aql-adt.o (strcpy)
/usr/lib/gcc/arm-none-eabi/7.3.1/../../../arm-none-eabi/lib/thumb/v7-m/libc.a(lib_a-strcspn.o)
                              obj_zoul/aql-lexer.o (strcspn)
/usr/lib/gcc/arm-none-eabi/7.3.1/../../../arm-none-eabi/lib/thumb/v7-m/libc.a(lib_a-strlen-stub.o)
                              obj_zoul/aql-adt.o (strlen)
/usr/lib/gcc/arm-none-eabi/7.3.1/../../../arm-none-eabi/lib/thumb/v7-m/libc.a(lib_a-strncasecmp.o)
                              obj_zoul/aql-lexer.o (strncasecmp)
/usr/lib/gcc/arm-none-eabi/7.3.1/../../../arm-none-eabi/lib/thumb/v7-m/libc.a(lib_a-strncat.o)
                              obj_zoul/resolv.o (strncat)
/usr/lib/gcc/arm-none-eabi/7.3.1/../../../arm-none-eabi/lib/thumb/v7-m/libc.a(lib_a-strncmp.o)
                              obj_zoul/slip.o (strncmp)
/usr/lib/gcc/arm-none-eabi/7.3.1/../../../arm-none-eabi/lib/thumb/v7-m/libc.a(lib_a-strncpy.o)
                              obj_zoul/aql-parser.o (strncpy)
/usr/lib/gcc/arm-none-eabi/7.3.1/../../../arm-none-eabi/lib/thumb/v7-m/libc.a(lib_a-strspn.o)
                              obj_zoul/aql-lexer.o (strspn)
/usr/lib/gcc/arm-none-eabi/7.3.1/../../../arm-none-eabi/lib/thumb/v7-m/libc.a(lib_a-strtol.o)
                              /usr/lib/gcc/arm-none-eabi/7.3.1/../../../arm-none-eabi/lib/thumb/v7-m/libc.a(lib_a-atoi.o) (_strtol_r)
/usr/lib/gcc/arm-none-eabi/7.3.1/../../../arm-none-eabi/lib/thumb/v7-m/libc.a(lib_a-freer.o)
                              /usr/lib/gcc/arm-none-eabi/7.3.1/../../../arm-none-eabi/lib/thumb/v7-m/libc.a(lib_a-reent.o) (_free_r)
/usr/lib/gcc/arm-none-eabi/7.3.1/../../../arm-none-eabi/lib/thumb/v7-m/libc.a(lib_a-mallocr.o)
                              /usr/lib/gcc/arm-none-eabi/7.3.1/../../../arm-none-eabi/lib/thumb/v7-m/libc.a(lib_a-freer.o) (__malloc_current_mallinfo)
/usr/lib/gcc/arm-none-eabi/7.3.1/../../../arm-none-eabi/lib/thumb/v7-m/libc.a(lib_a-mlock.o)
[...]
Memory Configuration

Name             Origin             Length             Attributes
FLASH_FW         0x0000000000202000 0x000000000007dfd4 xr
FLASH_CCA        0x000000000027ffd4 0x000000000000002c xr
NRSRAM           0x0000000020000000 0x0000000000004000 xrw
FRSRAM           0x0000000020004000 0x0000000000004000 xrw
*default*        0x0000000000000000 0xffffffffffffffff

Linker script and memory map

LOAD obj_zoul/startup-gcc.o
LOAD obj_zoul/antelope.o
LOAD obj_zoul/aql-adt.o
LOAD obj_zoul/aql-exec.o
LOAD obj_zoul/aql-lexer.o
LOAD obj_zoul/aql-parser.o
LOAD obj_zoul/index.o
LOAD obj_zoul/index-inline.o
LOAD obj_zoul/index-maxheap.o
LOAD obj_zoul/lvm.o
LOAD obj_zoul/relation.o
LOAD obj_zoul/result.o
LOAD obj_zoul/storage-cfs.o
LOAD obj_zoul/contiki-main.o
LOAD obj_zoul/leds.o
LOAD obj_zoul/cc1200-zoul-arch.o
LOAD obj_zoul/adc-zoul.o
LOAD obj_zoul/button-sensor.o
LOAD obj_zoul/zoul-sensors.o
LOAD obj_zoul/board.o
LOAD obj_zoul/leds-arch.o
LOAD obj_zoul/soc.o
LOAD obj_zoul/clock.o
LOAD obj_zoul/rtimer-arch.o
LOAD obj_zoul/uart.o
LOAD obj_zoul/watchdog.o
LOAD obj_zoul/nvic.o
LOAD obj_zoul/sys-ctrl.o
LOAD obj_zoul/gpio.o
LOAD obj_zoul/ioc.o
LOAD obj_zoul/spi.o
LOAD obj_zoul/adc.o
LOAD obj_zoul/crypto.o
LOAD obj_zoul/aes.o
LOAD obj_zoul/ecb.o
LOAD obj_zoul/cbc.o
LOAD obj_zoul/ctr.o
LOAD obj_zoul/cbc-mac.o
LOAD obj_zoul/gcm.o
LOAD obj_zoul/ccm.o
LOAD obj_zoul/sha256.o
LOAD obj_zoul/cc2538-aes-128.o
LOAD obj_zoul/cc2538-ccm-star.o
LOAD obj_zoul/cc2538-rf.o
LOAD obj_zoul/udma.o
LOAD obj_zoul/lpm.o
LOAD obj_zoul/pka.o
LOAD obj_zoul/bignum-driver.o
LOAD obj_zoul/ecc-driver.o
LOAD obj_zoul/ecc-algorithm.o
LOAD obj_zoul/ecc-curve.o
LOAD obj_zoul/dbg.o
LOAD obj_zoul/ieee-addr.o
LOAD obj_zoul/slip-arch.o
LOAD obj_zoul/slip.o
LOAD obj_zoul/i2c.o
LOAD obj_zoul/cc2538-temp-sensor.o
LOAD obj_zoul/vdd3-sensor.o
LOAD obj_zoul/cfs-coffee.o
LOAD obj_zoul/cfs-coffee-arch.o
LOAD obj_zoul/pwm.o
LOAD obj_zoul/dbg-printf.o
LOAD obj_zoul/dbg-snprintf.o
LOAD obj_zoul/dbg-sprintf.o
LOAD obj_zoul/strformat.o
LOAD obj_zoul/usb-core.o
LOAD obj_zoul/cdc-acm.o
LOAD obj_zoul/usb-arch.o
LOAD obj_zoul/usb-serial.o
LOAD obj_zoul/cdc-acm-descriptors.o
LOAD obj_zoul/autostart.o
LOAD obj_zoul/stimer.o
LOAD obj_zoul/arg.o
LOAD obj_zoul/energest.o
LOAD obj_zoul/etimer.o
LOAD obj_zoul/ctimer.o
LOAD obj_zoul/compower.o
LOAD obj_zoul/process.o
LOAD obj_zoul/rtimer.o
LOAD obj_zoul/mt.o
LOAD obj_zoul/procinit.o
LOAD obj_zoul/timer.o
LOAD obj_zoul/serial-line.o
LOAD obj_zoul/nullradio.o
LOAD obj_zoul/settings.o
LOAD obj_zoul/crc16.o
LOAD obj_zoul/ifft.o
LOAD obj_zoul/trickle-timer.o
LOAD obj_zoul/mmem.o
LOAD obj_zoul/me_tabs.o
LOAD obj_zoul/ccm-star.o
LOAD obj_zoul/ringbufindex.o
LOAD obj_zoul/sensors.o
LOAD obj_zoul/list.o
LOAD obj_zoul/aes-128.o
LOAD obj_zoul/print-stats.o
LOAD obj_zoul/memb.o
LOAD obj_zoul/me.o
LOAD obj_zoul/petsciiconv.o
LOAD obj_zoul/gcr.o
LOAD obj_zoul/random.o
LOAD obj_zoul/assert.o
LOAD obj_zoul/ringbuf.o
LOAD obj_zoul/packetqueue.o
LOAD obj_zoul/chameleon-bitopt.o
LOAD obj_zoul/rime.o
LOAD obj_zoul/broadcast-announcement.o
LOAD obj_zoul/rudolph2.o
LOAD obj_zoul/polite-announcement.o
LOAD obj_zoul/trickle.o
LOAD obj_zoul/announcement.o
LOAD obj_zoul/polite.o
LOAD obj_zoul/chameleon-raw.o
LOAD obj_zoul/runicast.o
LOAD obj_zoul/collect-neighbor.o
LOAD obj_zoul/rmh.o
LOAD obj_zoul/stbroadcast.o
LOAD obj_zoul/ipolite.o
LOAD obj_zoul/stunicast.o
LOAD obj_zoul/route-discovery.o
LOAD obj_zoul/chameleon.o
LOAD obj_zoul/channel.o
LOAD obj_zoul/netflood.o
LOAD obj_zoul/broadcast.o
LOAD obj_zoul/neighbor-discovery.o
LOAD obj_zoul/collect.o
LOAD obj_zoul/abc.o
LOAD obj_zoul/timesynch.o
LOAD obj_zoul/multihop.o
LOAD obj_zoul/rudolph1.o
LOAD obj_zoul/mesh.o
LOAD obj_zoul/unicast.o
LOAD obj_zoul/rucb.o
LOAD obj_zoul/collect-link-estimate.o
LOAD obj_zoul/rimestats.o
LOAD obj_zoul/route.o
LOAD obj_zoul/syscalls.o
LOAD obj_zoul/mtarch.o
LOAD obj_zoul/queuebuf.o
LOAD obj_zoul/nbr-table.o
LOAD obj_zoul/packetbuf.o
LOAD obj_zoul/netstack.o
LOAD obj_zoul/linkaddr.o
LOAD obj_zoul/net-debug.o
LOAD obj_zoul/link-stats.o
LOAD obj_zoul/nullmac.o
LOAD obj_zoul/nullrdc-noframer.o
LOAD obj_zoul/nordc.o
LOAD obj_zoul/frame802154e-ie.o
LOAD obj_zoul/mac-sequence.o
LOAD obj_zoul/framer-802154.o
LOAD obj_zoul/csma.o
LOAD obj_zoul/frame802154.o
LOAD obj_zoul/mac.o
LOAD obj_zoul/framer-nullmac.o
LOAD obj_zoul/phase.o
LOAD obj_zoul/nullrdc.o
LOAD obj_zoul/slipdev.o
LOAD obj_zoul/dhcpc.o
LOAD obj_zoul/uip-packetqueue.o
LOAD obj_zoul/tcp-socket.o
LOAD obj_zoul/ip64-addr.o
LOAD obj_zoul/uip-udp-packet.o
LOAD obj_zoul/psock.o
LOAD obj_zoul/tcpip.o
LOAD obj_zoul/resolv.o
LOAD obj_zoul/uip-nameserver.o
LOAD obj_zoul/uip-split.o
LOAD obj_zoul/udp-socket.o
LOAD obj_zoul/simple-udp.o
LOAD obj_zoul/uiplib.o
LOAD obj_zoul/uip-debug.o
LOAD obj_zoul/contikimac.o
LOAD obj_zoul/contikimac-framer.o
LOAD obj_zoul/nullsec.o
LOAD obj_zoul/anti-replay.o
LOAD obj_zoul/ccm-star-packetbuf.o
LOAD obj_zoul/noncoresec.o
LOAD obj_zoul/cc1200-868-fsk-1-2kbps.o
LOAD obj_zoul/cc1200.o
LOAD obj_zoul/cc1200-802154g-863-870-fsk-50kbps.o
LOAD /home/aghiles/Aghiles/Research/cod/engineering/1-boards/contiki/antelope/netdb/netdb-client.co
START GROUP
LOAD /usr/lib/gcc/arm-none-eabi/7.3.1/thumb/v7-m/libgcc.a
LOAD /usr/lib/gcc/arm-none-eabi/7.3.1/../../../arm-none-eabi/lib/thumb/v7-m/libc.a
END GROUP

.text           0x0000000000202000     0x59c3
                0x0000000000202000                _text = .
 *(SORT_BY_ALIGNMENT(.vectors))
 .vectors       0x0000000000202000      0x28c obj_zoul/startup-gcc.o
                0x0000000000202000                vectors
 *(SORT_BY_ALIGNMENT(.text*))
 .text.reset_handler
                0x000000000020228c       0x40 obj_zoul/startup-gcc.o
                0x000000000020228c                reset_handler
 .text.startup.main
                0x00000000002022cc      0x188 obj_zoul/contiki-main.o
                0x00000000002022cc                main
 .text.leds_init
                0x0000000000202454       0x14 obj_zoul/leds.o
                0x0000000000202454                leds_init
 .text.leds_on  0x0000000000202468       0x10 obj_zoul/leds.o
                0x0000000000202468                leds_on
 .text.leds_off
                0x0000000000202478       0x14 obj_zoul/leds.o
                0x0000000000202478                leds_off
 .text.value    0x000000000020248c       0x20 obj_zoul/button-sensor.o
 .text.duration_exceeded_callback
                0x00000000002024ac       0x3c obj_zoul/button-sensor.o
 .text.config_user
                0x00000000002024e8       0xa0 obj_zoul/button-sensor.o
 .text.btn_callback
                0x0000000000202588       0x5c obj_zoul/button-sensor.o
 .text.leds_arch_init
                0x00000000002025e4       0x10 obj_zoul/leds-arch.o
                0x00000000002025e4                leds_arch_init
 .text.leds_arch_set
                0x00000000002025f4        0xc obj_zoul/leds-arch.o
                0x00000000002025f4                leds_arch_set
 .text.soc_get_rev
                0x0000000000202600       0x18 obj_zoul/soc.o
                0x0000000000202600                soc_get_rev
 .text.soc_get_sram_size
                0x0000000000202618       0x1c obj_zoul/soc.o
                0x0000000000202618                soc_get_sram_size
 .text.soc_print_info
                0x0000000000202634       0x70 obj_zoul/soc.o
                0x0000000000202634                soc_print_info
 .text.update_ticks
                0x00000000002026a4       0x58 obj_zoul/clock.o
 .text.clock_init
                0x00000000002026fc       0x4c obj_zoul/clock.o
                0x00000000002026fc                clock_init
 .text.clock_time
                0x0000000000202748       0x14 obj_zoul/clock.o
                0x0000000000202748                clock_time
 .text.clock_delay_usec
                0x000000000020275c       0x1c obj_zoul/clock.o
                0x000000000020275c                clock_delay_usec
 .text.clock_adjust
                0x0000000000202778       0x20 obj_zoul/clock.o
                0x0000000000202778                clock_adjust
 .text.rtimer_arch_next_trigger
                0x0000000000202798        0xc obj_zoul/rtimer-arch.o
                0x0000000000202798                rtimer_arch_next_trigger
 .text.rtimer_arch_now
                0x00000000002027a4       0x24 obj_zoul/rtimer-arch.o
                0x00000000002027a4                rtimer_arch_now
 .text.rtimer_arch_schedule
                0x00000000002027c8       0x58 obj_zoul/rtimer-arch.o
                0x00000000002027c8                rtimer_arch_schedule
 .text.rtimer_isr
                0x0000000000202820       0x2c obj_zoul/rtimer-arch.o
                0x0000000000202820                rtimer_isr
 .text.permit_pm1
                0x000000000020284c       0x24 obj_zoul/uart.o
 .text.uart_isr
                0x0000000000202870       0x60 obj_zoul/uart.o
 .text.uart_init
                0x00000000002028d0      0x198 obj_zoul/uart.o
                0x00000000002028d0                uart_init
 .text.uart_set_input
                0x0000000000202a68       0x10 obj_zoul/uart.o
                0x0000000000202a68                uart_set_input
 .text.uart_write_byte
                0x0000000000202a78       0x1c obj_zoul/uart.o
                0x0000000000202a78                uart_write_byte
 .text.watchdog_init
                0x0000000000202a94        0xc obj_zoul/watchdog.o
                0x0000000000202a94                watchdog_init
 .text.watchdog_start
                0x0000000000202aa0        0xc obj_zoul/watchdog.o
                0x0000000000202aa0                watchdog_start
 .text.watchdog_periodic
                0x0000000000202aac       0x10 obj_zoul/watchdog.o
                0x0000000000202aac                watchdog_periodic
 .text.nvic_init
                0x0000000000202abc       0x10 obj_zoul/nvic.o
                0x0000000000202abc                nvic_init
 .text.sys_ctrl_get_reset_cause
                0x0000000000202acc       0x10 obj_zoul/sys-ctrl.o
                0x0000000000202acc                sys_ctrl_get_reset_cause
 .text.sys_ctrl_get_reset_cause_str
                0x0000000000202adc       0x14 obj_zoul/sys-ctrl.o
                0x0000000000202adc                sys_ctrl_get_reset_cause_str
 .text.sys_ctrl_init
                0x0000000000202af0       0x74 obj_zoul/sys-ctrl.o
                0x0000000000202af0                sys_ctrl_init
 .text.sys_ctrl_get_sys_clock
                0x0000000000202b64       0x18 obj_zoul/sys-ctrl.o
                0x0000000000202b64                sys_ctrl_get_sys_clock
 .text.sys_ctrl_get_io_clock
                0x0000000000202b7c       0x18 obj_zoul/sys-ctrl.o
                0x0000000000202b7c                sys_ctrl_get_io_clock
 .text.gpio_register_callback
                0x0000000000202b94       0x10 obj_zoul/gpio.o
                0x0000000000202b94                gpio_register_callback
 .text.notify   0x0000000000202ba4       0x30 obj_zoul/gpio.o
                0x0000000000202ba4                notify
 .text.gpio_port_isr
                0x0000000000202bd4       0x50 obj_zoul/gpio.o
 .text.gpio_init
                0x0000000000202c24       0x10 obj_zoul/gpio.o
                0x0000000000202c24                gpio_init
 .text.ioc_init
                0x0000000000202c34       0x1c obj_zoul/ioc.o
                0x0000000000202c34                ioc_init
 .text.ioc_set_over
                0x0000000000202c50       0x14 obj_zoul/ioc.o
                0x0000000000202c50                ioc_set_over
 .text.ioc_set_sel
                0x0000000000202c64       0x14 obj_zoul/ioc.o
                0x0000000000202c64                ioc_set_sel
 .text.adc_get  0x0000000000202c78       0x74 obj_zoul/adc.o
                0x0000000000202c78                adc_get
 .text.permit_pm1
                0x0000000000202cec       0x10 obj_zoul/crypto.o
 .text.crypto_isr
                0x0000000000202cfc       0x28 obj_zoul/crypto.o
                0x0000000000202cfc                crypto_isr
 .text.crypto_enable
                0x0000000000202d24       0x20 obj_zoul/crypto.o
                0x0000000000202d24                crypto_enable
 .text.crypto_init
                0x0000000000202d44       0x3c obj_zoul/crypto.o
                0x0000000000202d44                crypto_init
 .text.crypto_disable
                0x0000000000202d80       0x20 obj_zoul/crypto.o
                0x0000000000202d80                crypto_disable
 .text.off      0x0000000000202da0       0x40 obj_zoul/cc2538-rf.o
 .text.receiving_packet
                0x0000000000202de0       0x18 obj_zoul/cc2538-rf.o
 .text.pending_packet
                0x0000000000202df8       0x10 obj_zoul/cc2538-rf.o
 .text.set_poll_mode
                0x0000000000202e08       0x98 obj_zoul/cc2538-rf.o
 .text.on       0x0000000000202ea0       0x2c obj_zoul/cc2538-rf.o
 .text.set_channel
                0x0000000000202ecc       0x48 obj_zoul/cc2538-rf.o
 .text.get_value
                0x0000000000202f14      0x160 obj_zoul/cc2538-rf.o
 .text.channel_clear
                0x0000000000203074       0x3c obj_zoul/cc2538-rf.o
 .text.set_value
                0x00000000002030b0       0xf4 obj_zoul/cc2538-rf.o
 .text.prepare  0x00000000002031a4       0x64 obj_zoul/cc2538-rf.o
 .text.transmit
                0x0000000000203208       0x9c obj_zoul/cc2538-rf.o
 .text.set_object
                0x00000000002032a4       0x30 obj_zoul/cc2538-rf.o
 .text.read     0x00000000002032d4       0xe4 obj_zoul/cc2538-rf.o
 .text.init     0x00000000002033b8       0xc8 obj_zoul/cc2538-rf.o
 .text.process_thread_cc2538_rf_process
                0x0000000000203480       0x90 obj_zoul/cc2538-rf.o
 .text.get_object
                0x0000000000203510      0x148 obj_zoul/cc2538-rf.o
 .text.cc2538_rf_rx_tx_isr
                0x0000000000203658       0x24 obj_zoul/cc2538-rf.o
                0x0000000000203658                cc2538_rf_rx_tx_isr
 .text.cc2538_rf_err_isr
                0x000000000020367c       0x28 obj_zoul/cc2538-rf.o
                0x000000000020367c                cc2538_rf_err_isr
 .text.udma_init
                0x00000000002036a4       0x34 obj_zoul/udma.o
                0x00000000002036a4                udma_init
 .text.udma_set_channel_src
                0x00000000002036d8       0x10 obj_zoul/udma.o
                0x00000000002036d8                udma_set_channel_src
 .text.udma_set_channel_dst
                0x00000000002036e8       0x14 obj_zoul/udma.o
                0x00000000002036e8                udma_set_channel_dst
 .text.udma_set_channel_control_word
                0x00000000002036fc       0x14 obj_zoul/udma.o
                0x00000000002036fc                udma_set_channel_control_word
 .text.udma_channel_enable
                0x0000000000203710       0x18 obj_zoul/udma.o
                0x0000000000203710                udma_channel_enable
 .text.udma_channel_mask_set
                0x0000000000203728       0x18 obj_zoul/udma.o
                0x0000000000203728                udma_channel_mask_set
 .text.udma_channel_sw_request
                0x0000000000203740       0x18 obj_zoul/udma.o
                0x0000000000203740                udma_channel_sw_request
 .text.udma_channel_get_mode
                0x0000000000203758       0x1c obj_zoul/udma.o
                0x0000000000203758                udma_channel_get_mode
 .text.udma_isr
                0x0000000000203774       0x10 obj_zoul/udma.o
                0x0000000000203774                udma_isr
 .text.udma_err_isr
                0x0000000000203784        0xc obj_zoul/udma.o
                0x0000000000203784                udma_err_isr
 .text.select_32_mhz_xosc
                0x0000000000203790       0x2c obj_zoul/lpm.o
 .text.lpm_exit
                0x00000000002037bc       0x30 obj_zoul/lpm.o
                0x00000000002037bc                lpm_exit
 .text.lpm_enter
                0x00000000002037ec       0xb4 obj_zoul/lpm.o
                0x00000000002037ec                lpm_enter
 .text.lpm_register_peripheral
                0x00000000002038a0       0x20 obj_zoul/lpm.o
                0x00000000002038a0                lpm_register_peripheral
 .text.lpm_init
                0x00000000002038c0       0x24 obj_zoul/lpm.o
                0x00000000002038c0                lpm_init
 .text.pka_isr  0x00000000002038e4       0x28 obj_zoul/pka.o
                0x00000000002038e4                pka_isr
 .text.ieee_addr_cpy_to
                0x000000000020390c       0x74 obj_zoul/ieee-addr.o
                0x000000000020390c                ieee_addr_cpy_to
 .text.printf   0x0000000000203980       0x20 obj_zoul/dbg-printf.o
                0x0000000000203980                printf
 .text.fill_space
                0x00000000002039a0       0x34 obj_zoul/strformat.o
 .text.format_str_v
                0x00000000002039d4      0x6dc obj_zoul/strformat.o
                0x00000000002039d4                format_str_v
 .text.update_time
                0x00000000002040b0       0x44 obj_zoul/etimer.o
 .text.etimer_request_poll
                0x00000000002040f4        0xc obj_zoul/etimer.o
                0x00000000002040f4                etimer_request_poll
 .text.process_thread_etimer_process
                0x0000000000204100       0xac obj_zoul/etimer.o
 .text.add_timer
                0x00000000002041ac       0x40 obj_zoul/etimer.o
 .text.etimer_pending
                0x00000000002041ec       0x10 obj_zoul/etimer.o
                0x00000000002041ec                etimer_pending
 .text.etimer_stop
                0x00000000002041fc       0x34 obj_zoul/etimer.o
                0x00000000002041fc                etimer_stop
 .text.process_thread_ctimer_process
                0x0000000000204230       0x7c obj_zoul/ctimer.o
 .text.ctimer_init
                0x00000000002042ac       0x28 obj_zoul/ctimer.o
                0x00000000002042ac                ctimer_init
 .text.ctimer_set_with_process
                0x00000000002042d4       0x44 obj_zoul/ctimer.o
                0x00000000002042d4                ctimer_set_with_process
 .text.ctimer_set
                0x0000000000204318       0x14 obj_zoul/ctimer.o
                0x0000000000204318                ctimer_set
 .text.ctimer_stop
                0x000000000020432c       0x2c obj_zoul/ctimer.o
                0x000000000020432c                ctimer_stop
 .text.call_process.part.0
                0x0000000000204358       0x38 obj_zoul/process.o
 .text.exit_process
                0x0000000000204390       0x80 obj_zoul/process.o
 .text.do_poll  0x0000000000204410       0x30 obj_zoul/process.o
 .text.process_alloc_event
                0x0000000000204440       0x10 obj_zoul/process.o
                0x0000000000204440                process_alloc_event
 .text.process_init
                0x0000000000204450       0x30 obj_zoul/process.o
                0x0000000000204450                process_init
 .text.process_run
                0x0000000000204480       0x88 obj_zoul/process.o
                0x0000000000204480                process_run
 .text.process_nevents
                0x0000000000204508       0x14 obj_zoul/process.o
                0x0000000000204508                process_nevents
 .text.process_post
                0x000000000020451c       0x3c obj_zoul/process.o
                0x000000000020451c                process_post
 .text.process_post_synch
                0x0000000000204558       0x14 obj_zoul/process.o
                0x0000000000204558                process_post_synch
 .text.process_start
                0x000000000020456c       0x30 obj_zoul/process.o
                0x000000000020456c                process_start
 .text.process_poll
                0x000000000020459c       0x18 obj_zoul/process.o
                0x000000000020459c                process_poll
 .text.rtimer_run_next
                0x00000000002045b4       0x28 obj_zoul/rtimer.o
                0x00000000002045b4                rtimer_run_next
 .text.process_thread_serial_line_process
                0x00000000002045dc       0x98 obj_zoul/serial-line.o
 .text.serial_line_input_byte
                0x0000000000204674       0x48 obj_zoul/serial-line.o
                0x0000000000204674                serial_line_input_byte
 .text.serial_line_init
                0x00000000002046bc       0x24 obj_zoul/serial-line.o
                0x00000000002046bc                serial_line_init
 .text.process_thread_sensors_process
                0x00000000002046e0       0xd4 obj_zoul/sensors.o
 .text.sensors_changed
                0x00000000002047b4       0x3c obj_zoul/sensors.o
                0x00000000002047b4                sensors_changed
 .text.random_rand
                0x00000000002047f0       0x24 obj_zoul/random.o
                0x00000000002047f0                random_rand
 .text.random_init
                0x0000000000204814       0x78 obj_zoul/random.o
                0x0000000000204814                random_init
 .text.get_bits_in_byte
                0x000000000020488c       0x24 obj_zoul/chameleon-bitopt.o
 .text.packet_sent
                0x00000000002048b0       0x34 obj_zoul/rime.o
 .text.input    0x00000000002048e4       0x34 obj_zoul/rime.o
 .text.rime_output
                0x0000000000204918       0x24 obj_zoul/rime.o
                0x0000000000204918                rime_output
 .text.set_timers
                0x000000000020493c       0x3c obj_zoul/broadcast-announcement.o
 .text.send_timer
                0x0000000000204978       0x18 obj_zoul/broadcast-announcement.o
 .text.send_adv
                0x0000000000204990       0x50 obj_zoul/broadcast-announcement.o
 .text.new_announcement
                0x00000000002049e0       0x18 obj_zoul/broadcast-announcement.o
 .text.broadcast_announcement_init
                0x00000000002049f8       0x30 obj_zoul/broadcast-announcement.o
                0x00000000002049f8                broadcast_announcement_init
 .text.announcement_init
                0x0000000000204a28        0xc obj_zoul/announcement.o
                0x0000000000204a28                announcement_init
 .text.announcement_register_observer_callback
                0x0000000000204a34        0xc obj_zoul/announcement.o
                0x0000000000204a34                announcement_register_observer_callback
 .text.announcement_list
                0x0000000000204a40        0xc obj_zoul/announcement.o
                0x0000000000204a40                announcement_list
 .text.announcement_heard
                0x0000000000204a4c       0x3c obj_zoul/announcement.o
                0x0000000000204a4c                announcement_heard
 .text.ipolite_open
                0x0000000000204a88       0x1c obj_zoul/ipolite.o
                0x0000000000204a88                ipolite_open
 .text.ipolite_send
                0x0000000000204aa4       0x70 obj_zoul/ipolite.o
                0x0000000000204aa4                ipolite_send
 .text.timeout_handler
                0x0000000000204b14       0x18 obj_zoul/route-discovery.o
 .text.rreq_packet_received
                0x0000000000204b2c       0xac obj_zoul/route-discovery.o
 .text.rrep_packet_received
                0x0000000000204bd8       0x80 obj_zoul/route-discovery.o
 .text.route_discovery_explicit_open
                0x0000000000204c58       0x28 obj_zoul/route-discovery.o
                0x0000000000204c58                route_discovery_explicit_open
 .text.route_discovery_discover
                0x0000000000204c80       0x70 obj_zoul/route-discovery.o
                0x0000000000204c80                route_discovery_discover
 .text.chameleon_parse
                0x0000000000204cf0       0x1c obj_zoul/chameleon.o
                0x0000000000204cf0                chameleon_parse
 .text.chameleon_create
                0x0000000000204d0c       0x20 obj_zoul/chameleon.o
                0x0000000000204d0c                chameleon_create
 .text.chameleon_hdrsize
                0x0000000000204d2c        0xc obj_zoul/chameleon.o
                0x0000000000204d2c                chameleon_hdrsize
 .text.channel_init
                0x0000000000204d38        0xc obj_zoul/channel.o
                0x0000000000204d38                channel_init
 .text.channel_open
                0x0000000000204d44       0x10 obj_zoul/channel.o
                0x0000000000204d44                channel_open
 .text.channel_close
                0x0000000000204d54        0xc obj_zoul/channel.o
                0x0000000000204d54                channel_close
 .text.channel_lookup
                0x0000000000204d60       0x20 obj_zoul/channel.o
                0x0000000000204d60                channel_lookup
 .text.netflood_open
                0x0000000000204d80       0x1c obj_zoul/netflood.o
                0x0000000000204d80                netflood_open
 .text.netflood_send
                0x0000000000204d9c       0x44 obj_zoul/netflood.o
                0x0000000000204d9c                netflood_send
 .text.broadcast_open
                0x0000000000204de0       0x24 obj_zoul/broadcast.o
                0x0000000000204de0                broadcast_open
 .text.broadcast_send
                0x0000000000204e04       0x1c obj_zoul/broadcast.o
                0x0000000000204e04                broadcast_send
 .text.abc_open
                0x0000000000204e20       0x20 obj_zoul/abc.o
                0x0000000000204e20                abc_open
 .text.data_packet_received
                0x0000000000204e40       0x8c obj_zoul/multihop.o
                0x0000000000204e40                data_packet_received
 .text.multihop_open
                0x0000000000204ecc       0x24 obj_zoul/multihop.o
                0x0000000000204ecc                multihop_open
 .text.multihop_send
                0x0000000000204ef0       0x54 obj_zoul/multihop.o
                0x0000000000204ef0                multihop_send
 .text.mesh_open
                0x0000000000204f44       0x38 obj_zoul/mesh.o
                0x0000000000204f44                mesh_open
 .text.recv_from_broadcast
                0x0000000000204f7c       0x2c obj_zoul/unicast.o
 .text.unicast_open
                0x0000000000204fa8       0x24 obj_zoul/unicast.o
                0x0000000000204fa8                unicast_open
 .text.periodic
                0x0000000000204fcc       0x60 obj_zoul/route.o
 .text.route_init
                0x000000000020502c       0x30 obj_zoul/route.o
                0x000000000020502c                route_init
 .text.route_lookup
                0x000000000020505c       0x38 obj_zoul/route.o
                0x000000000020505c                route_lookup
 .text.route_add
                0x0000000000205094       0x80 obj_zoul/route.o
                0x0000000000205094                route_add
 .text.queuebuf_init
                0x0000000000205114       0x1c obj_zoul/queuebuf.o
                0x0000000000205114                queuebuf_init
 .text.queuebuf_new_from_packetbuf
                0x0000000000205130       0x44 obj_zoul/queuebuf.o
                0x0000000000205130                queuebuf_new_from_packetbuf
 .text.queuebuf_free
                0x0000000000205174       0x2c obj_zoul/queuebuf.o
                0x0000000000205174                queuebuf_free
 .text.queuebuf_to_packetbuf
                0x00000000002051a0       0x30 obj_zoul/queuebuf.o
                0x00000000002051a0                queuebuf_to_packetbuf
 .text.queuebuf_dataptr
                0x00000000002051d0       0x18 obj_zoul/queuebuf.o
                0x00000000002051d0                queuebuf_dataptr
 .text.packetbuf_hdrreduce
                0x00000000002051e8       0x28 obj_zoul/packetbuf.o
                0x00000000002051e8                packetbuf_hdrreduce
 .text.packetbuf_set_datalen
                0x0000000000205210        0xc obj_zoul/packetbuf.o
                0x0000000000205210                packetbuf_set_datalen
 .text.packetbuf_hdrptr
                0x000000000020521c        0x8 obj_zoul/packetbuf.o
                0x000000000020521c                packetbuf_hdrptr
 .text.packetbuf_datalen
                0x0000000000205224        0xc obj_zoul/packetbuf.o
                0x0000000000205224                packetbuf_datalen
 .text.packetbuf_hdrlen
                0x0000000000205230       0x18 obj_zoul/packetbuf.o
                0x0000000000205230                packetbuf_hdrlen
 .text.packetbuf_compact
                0x0000000000205248       0x48 obj_zoul/packetbuf.o
                0x0000000000205248                packetbuf_compact
 .text.packetbuf_dataptr
                0x0000000000205290       0x10 obj_zoul/packetbuf.o
                0x0000000000205290                packetbuf_dataptr
 .text.packetbuf_copyto
                0x00000000002052a0       0x40 obj_zoul/packetbuf.o
                0x00000000002052a0                packetbuf_copyto
 .text.packetbuf_totlen
                0x00000000002052e0       0x14 obj_zoul/packetbuf.o
                0x00000000002052e0                packetbuf_totlen
 .text.packetbuf_hdralloc
                0x00000000002052f4       0x3c obj_zoul/packetbuf.o
                0x00000000002052f4                packetbuf_hdralloc
 .text.packetbuf_attr_clear
                0x0000000000205330       0x40 obj_zoul/packetbuf.o
                0x0000000000205330                packetbuf_attr_clear
 .text.packetbuf_clear
                0x0000000000205370       0x20 obj_zoul/packetbuf.o
                0x0000000000205370                packetbuf_clear
 .text.packetbuf_copyfrom
                0x0000000000205390       0x2c obj_zoul/packetbuf.o
                0x0000000000205390                packetbuf_copyfrom
 .text.packetbuf_attr_copyto
                0x00000000002053bc       0x28 obj_zoul/packetbuf.o
                0x00000000002053bc                packetbuf_attr_copyto
 .text.packetbuf_attr_copyfrom
                0x00000000002053e4       0x28 obj_zoul/packetbuf.o
                0x00000000002053e4                packetbuf_attr_copyfrom
 .text.packetbuf_set_attr
                0x000000000020540c       0x10 obj_zoul/packetbuf.o
                0x000000000020540c                packetbuf_set_attr
 .text.packetbuf_attr
                0x000000000020541c        0xc obj_zoul/packetbuf.o
                0x000000000020541c                packetbuf_attr
 .text.packetbuf_set_addr
                0x0000000000205428       0x18 obj_zoul/packetbuf.o
                0x0000000000205428                packetbuf_set_addr
 .text.packetbuf_addr
                0x0000000000205440       0x10 obj_zoul/packetbuf.o
                0x0000000000205440                packetbuf_addr
 .text.packetbuf_holds_broadcast
                0x0000000000205450       0x10 obj_zoul/packetbuf.o
                0x0000000000205450                packetbuf_holds_broadcast
 .text.netstack_init
                0x0000000000205460       0x38 obj_zoul/netstack.o
                0x0000000000205460                netstack_init
 .text.mac_sequence_is_duplicate
                0x0000000000205498       0x50 obj_zoul/mac-sequence.o
                0x0000000000205498                mac_sequence_is_duplicate
 .text.mac_sequence_register_seqno
                0x00000000002054e8       0x60 obj_zoul/mac-sequence.o
                0x00000000002054e8                mac_sequence_register_seqno
 .text.create_frame.isra.0
                0x0000000000205548      0x130 obj_zoul/framer-802154.o
 .text.input_packet
                0x0000000000205678        0xc obj_zoul/csma.o
 .text.on       0x0000000000205684        0xc obj_zoul/csma.o
 .text.off      0x0000000000205690        0xc obj_zoul/csma.o
 .text.channel_check_interval
                0x000000000020569c       0x10 obj_zoul/csma.o
 .text.schedule_transmission
                0x00000000002056ac       0x4c obj_zoul/csma.o
 .text.send_packet
                0x00000000002056f8      0x148 obj_zoul/csma.o
 .text.init     0x0000000000205840       0x24 obj_zoul/csma.o
 .text.transmit_packet_list
                0x0000000000205864       0x30 obj_zoul/csma.o
 .text.tx_done  0x0000000000205894       0x7c obj_zoul/csma.o
 .text.packet_sent
                0x0000000000205910       0xdc obj_zoul/csma.o
 .text.frame802154_get_pan_id
                0x00000000002059ec        0xc obj_zoul/frame802154.o
                0x00000000002059ec                frame802154_get_pan_id
 .text.frame802154_parse
                0x00000000002059f8      0x12c obj_zoul/frame802154.o
                0x00000000002059f8                frame802154_parse
 .text.on       0x0000000000205b24        0xc obj_zoul/nullrdc.o
 .text.send_one_packet
                0x0000000000205b30      0x114 obj_zoul/nullrdc.o
 .text.off      0x0000000000205c44       0x18 obj_zoul/nullrdc.o
 .text.packet_input
                0x0000000000205c5c       0x54 obj_zoul/nullrdc.o
 .text.hdr_length
                0x0000000000205cb0       0x10 obj_zoul/contikimac-framer.o
 .text.parse    0x0000000000205cc0       0x38 obj_zoul/contikimac-framer.o
 .text.create   0x0000000000205cf8       0x6c obj_zoul/contikimac-framer.o
 .text.input    0x0000000000205d64        0xc obj_zoul/nullsec.o
 .text.send     0x0000000000205d70       0x20 obj_zoul/nullsec.o
 .text.process_thread_netdb_process
                0x0000000000205d90       0x38 /home/aghiles/Aghiles/Research/cod/engineering/1-boards/contiki/antelope/netdb/netdb-client.co
 .text.timedout
                0x0000000000205dc8        0xc /home/aghiles/Aghiles/Research/cod/engineering/1-boards/contiki/antelope/netdb/netdb-client.co
 .text.received
                0x0000000000205dd4       0x5c /home/aghiles/Aghiles/Research/cod/engineering/1-boards/contiki/antelope/netdb/netdb-client.co
 .text.process_thread_shell_process
                0x0000000000205e30       0x9c /home/aghiles/Aghiles/Research/cod/engineering/1-boards/contiki/antelope/netdb/netdb-client.co
 .text          0x0000000000205ecc       0x30 /usr/lib/gcc/arm-none-eabi/7.3.1/thumb/v7-m/libgcc.a(_aeabi_uldivmod.o)
                0x0000000000205ecc                __aeabi_uldivmod
 .text          0x0000000000205efc      0x2d0 /usr/lib/gcc/arm-none-eabi/7.3.1/thumb/v7-m/libgcc.a(_udivmoddi4.o)
                0x0000000000205efc                __udivmoddi4
 .text          0x00000000002061cc        0x4 /usr/lib/gcc/arm-none-eabi/7.3.1/thumb/v7-m/libgcc.a(_dvmd_tls.o)
                0x00000000002061cc                __aeabi_ldiv0
                0x00000000002061cc                __aeabi_idiv0
 .text          0x00000000002061d0       0x10 /usr/lib/gcc/arm-none-eabi/7.3.1/../../../arm-none-eabi/lib/thumb/v7-m/libc.a(lib_a-atoi.o)
                0x00000000002061d0                atoi
                0x00000000002061d8                _atoi_r
 .text          0x00000000002061e0       0x64 /usr/lib/gcc/arm-none-eabi/7.3.1/../../../arm-none-eabi/lib/thumb/v7-m/libc.a(lib_a-memcmp.o)
                0x00000000002061e0                memcmp
 .text          0x0000000000206244       0xec /usr/lib/gcc/arm-none-eabi/7.3.1/../../../arm-none-eabi/lib/thumb/v7-m/libc.a(lib_a-memcpy.o)
                0x0000000000206244                memcpy
 .text          0x0000000000206330       0x94 /usr/lib/gcc/arm-none-eabi/7.3.1/../../../arm-none-eabi/lib/thumb/v7-m/libc.a(lib_a-memset.o)
                0x0000000000206330                memset
 .text          0x00000000002063c4       0x5c /usr/lib/gcc/arm-none-eabi/7.3.1/../../../arm-none-eabi/lib/thumb/v7-m/libc.a(lib_a-strlen-stub.o)
                0x00000000002063c4                strlen
 .text          0x0000000000206420       0x94 /usr/lib/gcc/arm-none-eabi/7.3.1/../../../arm-none-eabi/lib/thumb/v7-m/libc.a(lib_a-strncmp.o)
                0x0000000000206420                strncmp
 .text          0x00000000002064b4      0x13c /usr/lib/gcc/arm-none-eabi/7.3.1/../../../arm-none-eabi/lib/thumb/v7-m/libc.a(lib_a-strtol.o)
                0x00000000002065c4                _strtol_r
                0x00000000002065c8                strtol_l
                0x00000000002065dc                strtol
 .text.default_handler
                0x00000000002065f0        0x2 obj_zoul/startup-gcc.o
                0x00000000002065f0                default_handler
 .text.nmi_handler
                0x00000000002065f2        0x6 obj_zoul/startup-gcc.o
                0x00000000002065f2                nmi_handler
 .text.fade     0x00000000002065f8       0x58 obj_zoul/contiki-main.o
 .text.board_init
                0x0000000000206650        0x2 obj_zoul/board.o
                0x0000000000206650                board_init
 .text.clock_isr
                0x0000000000206652        0x4 obj_zoul/clock.o
                0x0000000000206652                clock_isr
 .text.rtimer_arch_init
                0x0000000000206656        0x2 obj_zoul/rtimer-arch.o
                0x0000000000206656                rtimer_arch_init
 .text.uart0_isr
                0x0000000000206658        0x6 obj_zoul/uart.o
                0x0000000000206658                uart0_isr
 .text.uart1_isr
                0x000000000020665e        0x6 obj_zoul/uart.o
                0x000000000020665e                uart1_isr
 .text.gpio_port_a_isr
                0x0000000000206664        0x6 obj_zoul/gpio.o
                0x0000000000206664                gpio_port_a_isr
 .text.gpio_port_b_isr
                0x000000000020666a        0x6 obj_zoul/gpio.o
                0x000000000020666a                gpio_port_b_isr
 .text.gpio_port_c_isr
                0x0000000000206670        0x6 obj_zoul/gpio.o
                0x0000000000206670                gpio_port_c_isr
 .text.gpio_port_d_isr
                0x0000000000206676        0x6 obj_zoul/gpio.o
                0x0000000000206676                gpio_port_d_isr
 .text.send     0x000000000020667c       0x12 obj_zoul/cc2538-rf.o
 .text.putchar  0x000000000020668e       0x10 obj_zoul/dbg.o
                0x000000000020668e                putchar
 .text.dbg_send_bytes
                0x000000000020669e       0x20 obj_zoul/dbg.o
                0x000000000020669e                dbg_send_bytes
 .text.puts     0x00000000002066be       0x22 obj_zoul/dbg.o
                0x00000000002066be                puts
 .text.configure
                0x00000000002066e0        0x4 obj_zoul/cc2538-temp-sensor.o
 .text.status   0x00000000002066e4        0x4 obj_zoul/cc2538-temp-sensor.o
 .text.value    0x00000000002066e8       0x34 obj_zoul/cc2538-temp-sensor.o
 .text.configure
                0x000000000020671c        0x4 obj_zoul/vdd3-sensor.o
 .text.status   0x0000000000206720        0x4 obj_zoul/vdd3-sensor.o
 .text.value    0x0000000000206724       0x2a obj_zoul/vdd3-sensor.o
 .text.write_str
                0x000000000020674e       0x10 obj_zoul/dbg-printf.o
 .text.autostart_start
                0x000000000020675e       0x14 obj_zoul/autostart.o
                0x000000000020675e                autostart_start
 .text.energest_init
                0x0000000000206772        0x2 obj_zoul/energest.o
                0x0000000000206772                energest_init
 .text.etimer_set
                0x0000000000206774       0x12 obj_zoul/etimer.o
                0x0000000000206774                etimer_set
 .text.call_process
                0x0000000000206786        0xc obj_zoul/process.o
 .text.rtimer_init
                0x0000000000206792        0x4 obj_zoul/rtimer.o
                0x0000000000206792                rtimer_init
 .text.timer_set
                0x0000000000206796        0xe obj_zoul/timer.o
                0x0000000000206796                timer_set
 .text.timer_expired
                0x00000000002067a4       0x1c obj_zoul/timer.o
                0x00000000002067a4                timer_expired
 .text.list_init
                0x00000000002067c0        0x6 obj_zoul/list.o
                0x00000000002067c0                list_init
 .text.list_head
                0x00000000002067c6        0x4 obj_zoul/list.o
                0x00000000002067c6                list_head
 .text.list_tail
                0x00000000002067ca       0x10 obj_zoul/list.o
                0x00000000002067ca                list_tail
 .text.list_remove
                0x00000000002067da       0x26 obj_zoul/list.o
                0x00000000002067da                list_remove
 .text.list_add
                0x0000000000206800       0x1a obj_zoul/list.o
                0x0000000000206800                list_add
 .text.list_push
                0x000000000020681a       0x10 obj_zoul/list.o
                0x000000000020681a                list_push
 .text.list_length
                0x000000000020682a        0xe obj_zoul/list.o
                0x000000000020682a                list_length
 .text.list_item_next
                0x0000000000206838        0x6 obj_zoul/list.o
                0x0000000000206838                list_item_next
 .text.memb_init
                0x000000000020683e       0x20 obj_zoul/memb.o
                0x000000000020683e                memb_init
 .text.memb_alloc
                0x000000000020685e       0x28 obj_zoul/memb.o
                0x000000000020685e                memb_alloc
 .text.memb_free
                0x0000000000206886       0x2c obj_zoul/memb.o
                0x0000000000206886                memb_free
 .text.memb_inmemb
                0x00000000002068b2       0x1c obj_zoul/memb.o
                0x00000000002068b2                memb_inmemb
 .text.ringbuf_init
                0x00000000002068ce        0xe obj_zoul/ringbuf.o
                0x00000000002068ce                ringbuf_init
 .text.ringbuf_put
                0x00000000002068dc       0x26 obj_zoul/ringbuf.o
                0x00000000002068dc                ringbuf_put
 .text.ringbuf_get
                0x0000000000206902       0x20 obj_zoul/ringbuf.o
                0x0000000000206902                ringbuf_get
 .text.header_size
                0x0000000000206922       0x16 obj_zoul/chameleon-bitopt.o
 .text.get_bits
                0x0000000000206938       0x6a obj_zoul/chameleon-bitopt.o
                0x0000000000206938                get_bits
 .text.unpack_header
                0x00000000002069a2       0xa6 obj_zoul/chameleon-bitopt.o
 .text.set_bits
                0x0000000000206a48       0xc2 obj_zoul/chameleon-bitopt.o
                0x0000000000206a48                set_bits
 .text.pack_header
                0x0000000000206b0a       0x88 obj_zoul/chameleon-bitopt.o
 .text.init     0x0000000000206b92       0x28 obj_zoul/rime.o
 .text.adv_packet_sent
                0x0000000000206bba        0x2 obj_zoul/broadcast-announcement.o
 .text.adv_packet_received
                0x0000000000206bbc       0x34 obj_zoul/broadcast-announcement.o
 .text.sent     0x0000000000206bf0        0x2 obj_zoul/ipolite.o
 .text.recv     0x0000000000206bf2       0x90 obj_zoul/ipolite.o
 .text.send     0x0000000000206c82       0x2c obj_zoul/ipolite.o
 .text.ipolite_close
                0x0000000000206cae       0x1e obj_zoul/ipolite.o
                0x0000000000206cae                ipolite_close
 .text.route_discovery_open
                0x0000000000206ccc       0x10 obj_zoul/route-discovery.o
                0x0000000000206ccc                route_discovery_open
 .text.route_discovery_close
                0x0000000000206cdc       0x1c obj_zoul/route-discovery.o
                0x0000000000206cdc                route_discovery_close
 .text.chameleon_init
                0x0000000000206cf8        0x4 obj_zoul/chameleon.o
                0x0000000000206cf8                chameleon_init
 .text.channel_set_attributes
                0x0000000000206cfc       0x18 obj_zoul/channel.o
                0x0000000000206cfc                channel_set_attributes
 .text.sent     0x0000000000206d14        0xa obj_zoul/netflood.o
 .text.dropped  0x0000000000206d1e        0xa obj_zoul/netflood.o
 .text.recv_from_ipolite
                0x0000000000206d28       0xd2 obj_zoul/netflood.o
 .text.netflood_close
                0x0000000000206dfa        0x4 obj_zoul/netflood.o
                0x0000000000206dfa                netflood_close
 .text.sent_by_abc
                0x0000000000206dfe        0xa obj_zoul/broadcast.o
 .text.recv_from_abc
                0x0000000000206e08       0x22 obj_zoul/broadcast.o
 .text.broadcast_close
                0x0000000000206e2a        0x4 obj_zoul/broadcast.o
                0x0000000000206e2a                broadcast_close
 .text.abc_close
                0x0000000000206e2e        0x4 obj_zoul/abc.o
                0x0000000000206e2e                abc_close
 .text.abc_send
                0x0000000000206e32        0x4 obj_zoul/abc.o
                0x0000000000206e32                abc_send
 .text.abc_input
                0x0000000000206e36        0xa obj_zoul/abc.o
                0x0000000000206e36                abc_input
 .text.abc_sent
                0x0000000000206e40        0xa obj_zoul/abc.o
                0x0000000000206e40                abc_sent
 .text.multihop_close
                0x0000000000206e4a        0x4 obj_zoul/multihop.o
                0x0000000000206e4a                multihop_close
 .text.multihop_resend
                0x0000000000206e4e        0x4 obj_zoul/multihop.o
                0x0000000000206e4e                multihop_resend
 .text.route_timed_out
                0x0000000000206e52       0x2a obj_zoul/mesh.o
 .text.found_route
                0x0000000000206e7c       0x5c obj_zoul/mesh.o
 .text.data_packet_received
                0x0000000000206ed8       0x2a obj_zoul/mesh.o
 .text.data_packet_forward
                0x0000000000206f02       0x46 obj_zoul/mesh.o
 .text.mesh_close
                0x0000000000206f48       0x14 obj_zoul/mesh.o
                0x0000000000206f48                mesh_close
 .text.mesh_send
                0x0000000000206f5c       0x1a obj_zoul/mesh.o
                0x0000000000206f5c                mesh_send
 .text.sent_by_broadcast
                0x0000000000206f76        0xa obj_zoul/unicast.o
 .text.unicast_close
                0x0000000000206f80        0x4 obj_zoul/unicast.o
                0x0000000000206f80                unicast_close
 .text.unicast_send
                0x0000000000206f84       0x14 obj_zoul/unicast.o
                0x0000000000206f84                unicast_send
 .text.route_refresh
                0x0000000000206f98        0x8 obj_zoul/route.o
                0x0000000000206f98                route_refresh
 .text.svcall_handler
                0x0000000000206fa0       0x1e obj_zoul/mtarch.o
                0x0000000000206fa0                svcall_handler
 .text.pendsv_handler
                0x0000000000206fbe       0x18 obj_zoul/mtarch.o
                0x0000000000206fbe                pendsv_handler
 .text.queuebuf_update_attr_from_packetbuf
                0x0000000000206fd6        0xc obj_zoul/queuebuf.o
                0x0000000000206fd6                queuebuf_update_attr_from_packetbuf
 .text.queuebuf_datalen
                0x0000000000206fe2        0x8 obj_zoul/queuebuf.o
                0x0000000000206fe2                queuebuf_datalen
 .text.queuebuf_attr
                0x0000000000206fea        0xc obj_zoul/queuebuf.o
                0x0000000000206fea                queuebuf_attr
 .text.linkaddr_copy
                0x0000000000206ff6        0x6 obj_zoul/linkaddr.o
                0x0000000000206ff6                linkaddr_copy
 .text.linkaddr_cmp
                0x0000000000206ffc       0x10 obj_zoul/linkaddr.o
                0x0000000000206ffc                linkaddr_cmp
 .text.parse    0x000000000020700c       0x9e obj_zoul/framer-802154.o
 .text.create   0x00000000002070aa        0x6 obj_zoul/framer-802154.o
 .text.hdr_length
                0x00000000002070b0        0x6 obj_zoul/framer-802154.o
 .text.frame802154_has_panid
                0x00000000002070b6       0xbc obj_zoul/frame802154.o
                0x00000000002070b6                frame802154_has_panid
 .text.field_len
                0x0000000000207172       0x80 obj_zoul/frame802154.o
 .text.frame802154_is_broadcast_addr
                0x00000000002071f2       0x1e obj_zoul/frame802154.o
                0x00000000002071f2                frame802154_is_broadcast_addr
 .text.frame802154_hdrlen
                0x0000000000207210       0x32 obj_zoul/frame802154.o
                0x0000000000207210                frame802154_hdrlen
 .text.frame802154_create_fcf
                0x0000000000207242       0x5e obj_zoul/frame802154.o
                0x0000000000207242                frame802154_create_fcf
 .text.frame802154_create
                0x00000000002072a0       0x8e obj_zoul/frame802154.o
                0x00000000002072a0                frame802154_create
 .text.frame802154_parse_fcf
                0x000000000020732e       0x40 obj_zoul/frame802154.o
                0x000000000020732e                frame802154_parse_fcf
 .text.mac_call_sent_callback
                0x000000000020736e       0x18 obj_zoul/mac.o
                0x000000000020736e                mac_call_sent_callback
 .text.channel_check_interval
                0x0000000000207386        0x4 obj_zoul/nullrdc.o
 .text.init     0x000000000020738a        0x4 obj_zoul/nullrdc.o
 .text.send_list
                0x000000000020738e       0x20 obj_zoul/nullrdc.o
 .text.send_packet
                0x00000000002073ae        0x4 obj_zoul/nullrdc.o
 .text.init     0x00000000002073b2        0x2 obj_zoul/nullsec.o
 .text.sent     0x00000000002073b4        0x2 /home/aghiles/Aghiles/Research/cod/engineering/1-boards/contiki/antelope/netdb/netdb-client.co
 *(SORT_BY_ALIGNMENT(.rodata*))
 *fill*         0x00000000002073b6        0x2 00000000
 .rodata.button_sensor
                0x00000000002073b8       0x10 obj_zoul/button-sensor.o
                0x00000000002073b8                button_sensor
 .rodata.uart_regs
                0x00000000002073c8       0x58 obj_zoul/uart.o
 .rodata.reset_cause.5256
                0x0000000000207420       0x10 obj_zoul/sys-ctrl.o
 .rodata.cc2538_rf_driver
                0x0000000000207430       0x38 obj_zoul/cc2538-rf.o
                0x0000000000207430                cc2538_rf_driver
 .rodata.output_power
                0x0000000000207468       0x70 obj_zoul/cc2538-rf.o
 .rodata.cc2538_temp_sensor
                0x00000000002074d8       0x10 obj_zoul/cc2538-temp-sensor.o
                0x00000000002074d8                cc2538_temp_sensor
 .rodata.vdd3_sensor
                0x00000000002074e8       0x10 obj_zoul/vdd3-sensor.o
                0x00000000002074e8                vdd3_sensor
 .rodata.chameleon_bitopt
                0x00000000002074f8        0xc obj_zoul/chameleon-bitopt.o
                0x00000000002074f8                chameleon_bitopt
 .rodata.rime_driver
                0x0000000000207504        0xc obj_zoul/rime.o
                0x0000000000207504                rime_driver
 .rodata.broadcast_callbacks
                0x0000000000207510        0x8 obj_zoul/broadcast-announcement.o
 .rodata.broadcast
                0x0000000000207518        0x8 obj_zoul/ipolite.o
 .rodata.rrep_callbacks
                0x0000000000207520        0x8 obj_zoul/route-discovery.o
 .rodata.rreq_callbacks
                0x0000000000207528        0xc obj_zoul/route-discovery.o
 .rodata.netflood
                0x0000000000207534        0xc obj_zoul/netflood.o
 .rodata.broadcast
                0x0000000000207540        0x8 obj_zoul/broadcast.o
 .rodata.data_callbacks
                0x0000000000207548        0x8 obj_zoul/multihop.o
 .rodata.data_callbacks
                0x0000000000207550        0x8 obj_zoul/mesh.o
 .rodata.route_discovery_callbacks
                0x0000000000207558        0x8 obj_zoul/mesh.o
 .rodata.uc     0x0000000000207560        0x8 obj_zoul/unicast.o
 .rodata.framer_802154
                0x0000000000207568        0xc obj_zoul/framer-802154.o
                0x0000000000207568                framer_802154
 .rodata.csma_driver
                0x0000000000207574       0x1c obj_zoul/csma.o
                0x0000000000207574                csma_driver
 .rodata.nullrdc_driver
                0x0000000000207590       0x20 obj_zoul/nullrdc.o
                0x0000000000207590                nullrdc_driver
 .rodata.contikimac_framer
                0x00000000002075b0        0xc obj_zoul/contikimac-framer.o
                0x00000000002075b0                contikimac_framer
 .rodata.nullsec_driver
                0x00000000002075bc       0x10 obj_zoul/nullsec.o
                0x00000000002075bc                nullsec_driver
 .rodata.autostart_processes
                0x00000000002075cc        0x8 /home/aghiles/Aghiles/Research/cod/engineering/1-boards/contiki/antelope/netdb/netdb-client.co
                0x00000000002075cc                autostart_processes
 .rodata.callbacks
                0x00000000002075d4        0xc /home/aghiles/Aghiles/Research/cod/engineering/1-boards/contiki/antelope/netdb/netdb-client.co
 .rodata        0x00000000002075e0      0x101 /usr/lib/gcc/arm-none-eabi/7.3.1/../../../arm-none-eabi/lib/thumb/v7-m/libc.a(lib_a-ctype_.o)
                0x00000000002075e0                _ctype_
 *fill*         0x00000000002076e1        0x1 00000000
 .rodata.linkaddr_null
                0x00000000002076e2        0x2 obj_zoul/linkaddr.o
                0x00000000002076e2                linkaddr_null
 .rodata.main.str1.1
                0x00000000002076e4       0x75 obj_zoul/contiki-main.o
 .rodata.str1.1
                0x0000000000207759        0x7 obj_zoul/button-sensor.o
 .rodata.soc_print_info.str1.1
                0x0000000000207760       0x94 obj_zoul/soc.o
 .rodata.str1.1
                0x00000000002077f4       0x2d obj_zoul/sys-ctrl.o
 .rodata.str1.1
                0x0000000000207821       0x11 obj_zoul/cc2538-rf.o
 .rodata.str1.1
                0x0000000000207832       0x14 obj_zoul/cc2538-temp-sensor.o
 .rodata.str1.1
                0x0000000000207846        0x5 obj_zoul/vdd3-sensor.o
 .rodata.buffer.4173
                0x000000000020784b       0x10 obj_zoul/strformat.o
 .rodata.buffer.4182
                0x000000000020785b       0x10 obj_zoul/strformat.o
 .rodata.format_str_v.str1.1
                0x000000000020786b       0x35 obj_zoul/strformat.o
                                         0x37 (size before relaxing)
 .rodata.str1.1
                0x00000000002078a0        0xc obj_zoul/etimer.o
 .rodata.str1.1
                0x00000000002078ac        0xf obj_zoul/ctimer.o
 .rodata.str1.1
                0x00000000002078bb        0xe obj_zoul/serial-line.o
 .rodata.str1.1
                0x00000000002078c9        0x8 obj_zoul/sensors.o
 .rodata.bitmask
                0x00000000002078d1        0x9 obj_zoul/chameleon-bitopt.o
 .rodata.str1.1
                0x00000000002078da        0x5 obj_zoul/rime.o
 .rodata.attributes
                0x00000000002078df        0x4 obj_zoul/broadcast.o
 .rodata.attributes
                0x00000000002078e3        0x2 obj_zoul/abc.o
 .rodata.attributes
                0x00000000002078e5        0xc obj_zoul/multihop.o
 .rodata.attributes
                0x00000000002078f1        0x6 obj_zoul/unicast.o
 .rodata.str1.1
                0x00000000002078f7        0x5 obj_zoul/csma.o
 .rodata.str1.1
                0x00000000002078fc        0x8 obj_zoul/nullrdc.o
 .rodata.str1.1
                0x0000000000207904        0x8 obj_zoul/nullsec.o
 .rodata.process_thread_shell_process.str1.1
                0x000000000020790c       0x3d /home/aghiles/Aghiles/Research/cod/engineering/1-boards/contiki/antelope/netdb/netdb-client.co
 .rodata.received.str1.1
                0x0000000000207949       0x46 /home/aghiles/Aghiles/Research/cod/engineering/1-boards/contiki/antelope/netdb/netdb-client.co
 .rodata.str1.1
                0x000000000020798f       0x14 /home/aghiles/Aghiles/Research/cod/engineering/1-boards/contiki/antelope/netdb/netdb-client.co
 .rodata.timedout.str1.1
                0x00000000002079a3       0x20 /home/aghiles/Aghiles/Research/cod/engineering/1-boards/contiki/antelope/netdb/netdb-client.co
                0x00000000002079c3                _etext = .

.glue_7         0x00000000002079c4        0x0
 .glue_7        0x00000000002079c4        0x0 linker stubs

.glue_7t        0x00000000002079c4        0x0
 .glue_7t       0x00000000002079c4        0x0 linker stubs

.vfp11_veneer   0x00000000002079c4        0x0
 .vfp11_veneer  0x00000000002079c4        0x0 linker stubs

.v4_bx          0x00000000002079c4        0x0
 .v4_bx         0x00000000002079c4        0x0 linker stubs

.iplt           0x00000000002079c4        0x0
 .iplt          0x00000000002079c4        0x0 obj_zoul/startup-gcc.o

.socdata        0x0000000020004000       0x40
 *(SORT_BY_ALIGNMENT(.udma_channel_control_table))
 .udma_channel_control_table
                0x0000000020004000       0x40 obj_zoul/udma.o

.data           0x0000000020004040      0x50c load address 0x00000000002079c4
                0x0000000020004040                _data = .
 *(SORT_BY_ALIGNMENT(.data*))
 .data          0x0000000020004040      0x430 /usr/lib/gcc/arm-none-eabi/7.3.1/../../../arm-none-eabi/lib/thumb/v7-m/libc.a(lib_a-impure.o)
                0x0000000020004040                _impure_ptr
 .data.sensors  0x0000000020004470       0x10 obj_zoul/zoul-sensors.o
                0x0000000020004470                sensors
 .data.cc2538_rf_process
                0x0000000020004480       0x10 obj_zoul/cc2538-rf.o
                0x0000000020004480                cc2538_rf_process
 .data.ctxt     0x0000000020004490        0x8 obj_zoul/dbg-printf.o
 .data.etimer_process
                0x0000000020004498       0x10 obj_zoul/etimer.o
                0x0000000020004498                etimer_process
 .data.ctimer_process
                0x00000000200044a8       0x10 obj_zoul/ctimer.o
                0x00000000200044a8                ctimer_process
 .data.serial_line_process
                0x00000000200044b8       0x10 obj_zoul/serial-line.o
                0x00000000200044b8                serial_line_process
 .data.sensors_process
                0x00000000200044c8       0x10 obj_zoul/sensors.o
                0x00000000200044c8                sensors_process
 .data.max_time
                0x00000000200044d8        0x4 obj_zoul/route.o
 .data.route_mem
                0x00000000200044dc        0xc obj_zoul/route.o
 .data.bufmem   0x00000000200044e8        0xc obj_zoul/queuebuf.o
 .data.buframmem
                0x00000000200044f4        0xc obj_zoul/queuebuf.o
 .data.metadata_memb
                0x0000000020004500        0xc obj_zoul/csma.o
 .data.neighbor_memb
                0x000000002000450c        0xc obj_zoul/csma.o
 .data.packet_memb
                0x0000000020004518        0xc obj_zoul/csma.o
 .data.netdb_process
                0x0000000020004524       0x10 /home/aghiles/Aghiles/Research/cod/engineering/1-boards/contiki/antelope/netdb/netdb-client.co
                0x0000000020004524                netdb_process
 .data.server_id
                0x0000000020004534        0x4 /home/aghiles/Aghiles/Research/cod/engineering/1-boards/contiki/antelope/netdb/netdb-client.co
 .data.shell_process
                0x0000000020004538       0x10 /home/aghiles/Aghiles/Research/cod/engineering/1-boards/contiki/antelope/netdb/netdb-client.co
                0x0000000020004538                shell_process
 .data.mac_pan_id
                0x0000000020004548        0x2 obj_zoul/frame802154.o
 .data.rf_channel
                0x000000002000454a        0x1 obj_zoul/cc2538-rf.o
 .data.send_on_cca
                0x000000002000454b        0x1 obj_zoul/cc2538-rf.o
                0x000000002000454c                _edata = .
                0x00000000002079c4                _ldata = LOADADDR (.data)

.igot.plt       0x000000002000454c        0x0 load address 0x0000000000207ed0
 .igot.plt      0x000000002000454c        0x0 obj_zoul/startup-gcc.o

.ARM.exidx      0x0000000000207ed0        0x8
 *(SORT_BY_ALIGNMENT(.ARM.exidx*))
 .ARM.exidx     0x0000000000207ed0        0x8 /usr/lib/gcc/arm-none-eabi/7.3.1/thumb/v7-m/libgcc.a(_udivmoddi4.o)

.bss            0x0000000020004550      0xb6d
                0x0000000020004550                _bss = .
 *(SORT_BY_ALIGNMENT(.bss*))
 .bss.rt_ticks_epoch
                0x0000000020004550        0x8 obj_zoul/clock.o
 .bss.rt_ticks_startup
                0x0000000020004558        0x8 obj_zoul/clock.o
 .bss.debouncetimer
                0x0000000020004560        0x8 obj_zoul/button-sensor.o
 .bss.press_counter
                0x0000000020004568       0x20 obj_zoul/button-sensor.o
 .bss.press_duration
                0x0000000020004588        0x4 obj_zoul/button-sensor.o
 .bss.next_trigger
                0x000000002000458c        0x4 obj_zoul/rtimer-arch.o
 .bss.input_handler
                0x0000000020004590        0x8 obj_zoul/uart.o
 .bss.gpio_callbacks
                0x0000000020004598       0x80 obj_zoul/gpio.o
 .bss.ioc_over  0x0000000020004618        0x4 obj_zoul/ioc.o
 .bss.ioc_sel   0x000000002000461c        0x4 obj_zoul/ioc.o
 .bss.notification_process
                0x0000000020004620        0x4 obj_zoul/crypto.o
 .bss.periph_permit_pm1_funcs
                0x0000000020004624       0x14 obj_zoul/lpm.o
 .bss.notification_process
                0x0000000020004638        0x4 obj_zoul/pka.o
 .bss.next_expiration
                0x000000002000463c        0x4 obj_zoul/etimer.o
 .bss.timerlist
                0x0000000020004640        0x4 obj_zoul/etimer.o
 .bss.ctimer_list_list
                0x0000000020004644        0x4 obj_zoul/ctimer.o
 .bss.events    0x0000000020004648      0x180 obj_zoul/process.o
 .bss.process_current
                0x00000000200047c8        0x4 obj_zoul/process.o
                0x00000000200047c8                process_current
 .bss.process_list
                0x00000000200047cc        0x4 obj_zoul/process.o
                0x00000000200047cc                process_list
 .bss.next_rtimer
                0x00000000200047d0        0x4 obj_zoul/rtimer.o
 .bss.ptr.5275  0x00000000200047d4        0x4 obj_zoul/serial-line.o
 .bss.rxbuf     0x00000000200047d8        0x8 obj_zoul/serial-line.o
 .bss.events.5291
                0x00000000200047e0        0x4 obj_zoul/sensors.o
 .bss.i.5290    0x00000000200047e4        0x4 obj_zoul/sensors.o
 .bss.sniffers_list
                0x00000000200047e8        0x4 obj_zoul/rime.o
 .bss.c         0x00000000200047ec       0x6c obj_zoul/broadcast-announcement.o
 .bss.announcements_list
                0x0000000020004858        0x4 obj_zoul/announcement.o
 .bss.observer_callback
                0x000000002000485c        0x4 obj_zoul/announcement.o
 .bss.channel_list_list
                0x0000000020004860        0x4 obj_zoul/channel.o
 .bss.route_mem_memb_mem
                0x0000000020004864       0x80 obj_zoul/route.o
 .bss.route_table_list
                0x00000000200048e4        0x4 obj_zoul/route.o
 .bss.t         0x00000000200048e8       0x20 obj_zoul/route.o
 .bss.bufmem_memb_mem
                0x0000000020004908       0x10 obj_zoul/queuebuf.o
 .bss.packetbuf_aligned
                0x0000000020004918       0x80 obj_zoul/packetbuf.o
 .bss.received_seqnos
                0x0000000020004998       0xc0 obj_zoul/mac-sequence.o
 .bss.metadata_memb_memb_mem
                0x0000000020004a58       0x30 obj_zoul/csma.o
 .bss.neighbor_list_list
                0x0000000020004a88        0x4 obj_zoul/csma.o
 .bss.neighbor_memb_memb_mem
                0x0000000020004a8c       0x68 obj_zoul/csma.o
 .bss.packet_memb_memb_mem
                0x0000000020004af4       0x30 obj_zoul/csma.o
 .bss.mesh      0x0000000020004b24       0xc4 /home/aghiles/Aghiles/Research/cod/engineering/1-boards/contiki/antelope/netdb/netdb-client.co
 .bss.buframmem_memb_mem
                0x0000000020004be8      0x2f8 obj_zoul/queuebuf.o
 .bss.buflen    0x0000000020004ee0        0x2 obj_zoul/packetbuf.o
 .bss.bufptr    0x0000000020004ee2        0x2 obj_zoul/packetbuf.o
 .bss.seqno.6900
                0x0000000020004ee4        0x2 obj_zoul/csma.o
 .bss.leds      0x0000000020004ee6        0x1 obj_zoul/leds.o
 .bss.press_event_counter
                0x0000000020004ee7        0x1 obj_zoul/button-sensor.o
 .bss.crc_corr  0x0000000020004ee8        0x1 obj_zoul/cc2538-rf.o
 .bss.poll_mode
                0x0000000020004ee9        0x1 obj_zoul/cc2538-rf.o
 .bss.rf_flags  0x0000000020004eea        0x1 obj_zoul/cc2538-rf.o
 .bss.rssi      0x0000000020004eeb        0x1 obj_zoul/cc2538-rf.o
 .bss.max_pm    0x0000000020004eec        0x1 obj_zoul/lpm.o
 .bss.initialized
                0x0000000020004eed        0x1 obj_zoul/ctimer.o
 .bss.fevent    0x0000000020004eee        0x1 obj_zoul/process.o
 .bss.lastevent
                0x0000000020004eef        0x1 obj_zoul/process.o
 .bss.nevents   0x0000000020004ef0        0x1 obj_zoul/process.o
 .bss.poll_requested
                0x0000000020004ef1        0x1 obj_zoul/process.o
 .bss.buf.5274  0x0000000020004ef2       0x80 obj_zoul/serial-line.o
 .bss.overflow.5268
                0x0000000020004f72        0x1 obj_zoul/serial-line.o
 .bss.rxbuf_data
                0x0000000020004f73       0x80 obj_zoul/serial-line.o
 .bss.num_sensors
                0x0000000020004ff3        0x1 obj_zoul/sensors.o
 .bss.rrep_pending
                0x0000000020004ff4        0x1 obj_zoul/route-discovery.o
 .bss.route_mem_memb_count
                0x0000000020004ff5        0x8 obj_zoul/route.o
 .bss.bufmem_memb_count
                0x0000000020004ffd        0x4 obj_zoul/queuebuf.o
 .bss.buframmem_memb_count
                0x0000000020005001        0x4 obj_zoul/queuebuf.o
 .bss.hdrlen    0x0000000020005005        0x1 obj_zoul/packetbuf.o
 .bss.initialized
                0x0000000020005006        0x1 obj_zoul/framer-802154.o
 .bss.mac_dsn   0x0000000020005007        0x1 obj_zoul/framer-802154.o
 .bss.initialized.6899
                0x0000000020005008        0x1 obj_zoul/csma.o
 .bss.metadata_memb_memb_count
                0x0000000020005009        0x4 obj_zoul/csma.o
 .bss.neighbor_memb_memb_count
                0x000000002000500d        0x2 obj_zoul/csma.o
 .bss.packet_memb_memb_count
                0x000000002000500f        0x4 obj_zoul/csma.o
 .bss.reply.8337
                0x0000000020005013       0x65 /home/aghiles/Aghiles/Research/cod/engineering/1-boards/contiki/antelope/netdb/netdb-client.co
 *(SORT_BY_ALIGNMENT(COMMON))
 COMMON         0x0000000020005078       0x3c obj_zoul/packetbuf.o
                0x0000000020005078                packetbuf_addrs
                0x0000000020005080                packetbuf_attrs
 COMMON         0x00000000200050b4        0x2 obj_zoul/linkaddr.o
                0x00000000200050b4                linkaddr_node_addr
 COMMON         0x00000000200050b6        0x1 obj_zoul/button-sensor.o
                0x00000000200050b6                button_press_duration_exceeded
 COMMON         0x00000000200050b7        0x4 obj_zoul/zoul-sensors.o
                0x00000000200050b7                sensors_flags
 COMMON         0x00000000200050bb        0x1 obj_zoul/serial-line.o
                0x00000000200050bb                serial_line_event_message
 COMMON         0x00000000200050bc        0x1 obj_zoul/sensors.o
                0x00000000200050bc                sensors_event
                0x00000000200050bd                _ebss = .

.stack          0x00000000200050c0      0x800
 *(SORT_BY_ALIGNMENT(.stack))
 .stack         0x00000000200050c0      0x800 obj_zoul/startup-gcc.o
                0x00000000200058c0                _heap = .
                0x0000000020008000                _eheap = (ORIGIN (FRSRAM) + LENGTH (FRSRAM))

.nrdata         0x0000000020000000        0x0
                0x0000000020000000                _nrdata = .
 *(SORT_BY_ALIGNMENT(.nrdata*))
                0x0000000020000000                _enrdata = .

.flashcca       0x000000000027ffd4       0x2c
 *(SORT_BY_ALIGNMENT(.flashcca))
 .flashcca      0x000000000027ffd4       0x2c obj_zoul/startup-gcc.o
                0x000000000027ffd4                flash_cca_lock_page
OUTPUT(/home/aghiles/Aghiles/Research/cod/engineering/1-boards/contiki/antelope/netdb/netdb-client.elf elf32-littlearm)

.rel.dyn        0x0000000000280000        0x0
 .rel.iplt      0x0000000000280000        0x0 obj_zoul/startup-gcc.o

.comment        0x0000000000000000       0xae
 .comment       0x0000000000000000       0x57 obj_zoul/startup-gcc.o
                                         0x58 (size before relaxing)
 .comment       0x0000000000000057       0x58 obj_zoul/contiki-main.o
 .comment       0x0000000000000057       0x58 obj_zoul/leds.o
 .comment       0x0000000000000057       0x58 obj_zoul/button-sensor.o
 .comment       0x0000000000000057       0x58 obj_zoul/zoul-sensors.o
 .comment       0x0000000000000057       0x58 obj_zoul/board.o
 .comment       0x0000000000000057       0x58 obj_zoul/leds-arch.o
 .comment       0x0000000000000057       0x58 obj_zoul/soc.o
 .comment       0x0000000000000057       0x58 obj_zoul/clock.o
 .comment       0x0000000000000057       0x58 obj_zoul/rtimer-arch.o
 .comment       0x0000000000000057       0x58 obj_zoul/uart.o
 .comment       0x0000000000000057       0x58 obj_zoul/watchdog.o
 .comment       0x0000000000000057       0x58 obj_zoul/nvic.o
 .comment       0x0000000000000057       0x58 obj_zoul/sys-ctrl.o
 .comment       0x0000000000000057       0x58 obj_zoul/gpio.o
 .comment       0x0000000000000057       0x58 obj_zoul/ioc.o
 .comment       0x0000000000000057       0x58 obj_zoul/adc.o
 .comment       0x0000000000000057       0x58 obj_zoul/crypto.o
 .comment       0x0000000000000057       0x58 obj_zoul/cc2538-rf.o
 .comment       0x0000000000000057       0x58 obj_zoul/udma.o
 .comment       0x0000000000000057       0x58 obj_zoul/lpm.o
 .comment       0x0000000000000057       0x58 obj_zoul/pka.o
 .comment       0x0000000000000057       0x58 obj_zoul/dbg.o
 .comment       0x0000000000000057       0x58 obj_zoul/ieee-addr.o
 .comment       0x0000000000000057       0x58 obj_zoul/cc2538-temp-sensor.o
 .comment       0x0000000000000057       0x58 obj_zoul/vdd3-sensor.o
 .comment       0x0000000000000057       0x58 obj_zoul/dbg-printf.o
 .comment       0x0000000000000057       0x58 obj_zoul/strformat.o
 .comment       0x0000000000000057       0x58 obj_zoul/autostart.o
 .comment       0x0000000000000057       0x58 obj_zoul/energest.o
 .comment       0x0000000000000057       0x58 obj_zoul/etimer.o
 .comment       0x0000000000000057       0x58 obj_zoul/ctimer.o
 .comment       0x0000000000000057       0x58 obj_zoul/process.o
 .comment       0x0000000000000057       0x58 obj_zoul/rtimer.o
 .comment       0x0000000000000057       0x58 obj_zoul/timer.o
 .comment       0x0000000000000057       0x58 obj_zoul/serial-line.o
 .comment       0x0000000000000057       0x58 obj_zoul/sensors.o
 .comment       0x0000000000000057       0x58 obj_zoul/list.o
 .comment       0x0000000000000057       0x58 obj_zoul/memb.o
 .comment       0x0000000000000057       0x58 obj_zoul/random.o
 .comment       0x0000000000000057       0x58 obj_zoul/ringbuf.o
 .comment       0x0000000000000057       0x58 obj_zoul/chameleon-bitopt.o
 .comment       0x0000000000000057       0x58 obj_zoul/rime.o
 .comment       0x0000000000000057       0x58 obj_zoul/broadcast-announcement.o
 .comment       0x0000000000000057       0x58 obj_zoul/announcement.o
 .comment       0x0000000000000057       0x58 obj_zoul/ipolite.o
 .comment       0x0000000000000057       0x58 obj_zoul/route-discovery.o
 .comment       0x0000000000000057       0x58 obj_zoul/chameleon.o
 .comment       0x0000000000000057       0x58 obj_zoul/channel.o
 .comment       0x0000000000000057       0x58 obj_zoul/netflood.o
 .comment       0x0000000000000057       0x58 obj_zoul/broadcast.o
 .comment       0x0000000000000057       0x58 obj_zoul/abc.o
 .comment       0x0000000000000057       0x58 obj_zoul/multihop.o
 .comment       0x0000000000000057       0x58 obj_zoul/mesh.o
 .comment       0x0000000000000057       0x58 obj_zoul/unicast.o
 .comment       0x0000000000000057       0x58 obj_zoul/route.o
 .comment       0x0000000000000057       0x58 obj_zoul/mtarch.o
 .comment       0x0000000000000057       0x58 obj_zoul/queuebuf.o
 .comment       0x0000000000000057       0x58 obj_zoul/packetbuf.o
 .comment       0x0000000000000057       0x58 obj_zoul/netstack.o
 .comment       0x0000000000000057       0x58 obj_zoul/linkaddr.o
 .comment       0x0000000000000057       0x58 obj_zoul/mac-sequence.o
 .comment       0x0000000000000057       0x58 obj_zoul/framer-802154.o
 .comment       0x0000000000000057       0x58 obj_zoul/csma.o
 .comment       0x0000000000000057       0x58 obj_zoul/frame802154.o
 .comment       0x0000000000000057       0x58 obj_zoul/mac.o
 .comment       0x0000000000000057       0x58 obj_zoul/nullrdc.o
 .comment       0x0000000000000057       0x58 obj_zoul/contikimac-framer.o
 .comment       0x0000000000000057       0x58 obj_zoul/nullsec.o
 .comment       0x0000000000000057       0x58 /home/aghiles/Aghiles/Research/cod/engineering/1-boards/contiki/antelope/netdb/netdb-client.co
 .comment       0x0000000000000057       0x58 /usr/lib/gcc/arm-none-eabi/7.3.1/thumb/v7-m/libgcc.a(_udivmoddi4.o)
 .comment       0x0000000000000057       0x57 /usr/lib/gcc/arm-none-eabi/7.3.1/../../../arm-none-eabi/lib/thumb/v7-m/libc.a(lib_a-atoi.o)
                                         0x58 (size before relaxing)
 .comment       0x00000000000000ae       0x58 /usr/lib/gcc/arm-none-eabi/7.3.1/../../../arm-none-eabi/lib/thumb/v7-m/libc.a(lib_a-ctype_.o)
 .comment       0x00000000000000ae       0x58 /usr/lib/gcc/arm-none-eabi/7.3.1/../../../arm-none-eabi/lib/thumb/v7-m/libc.a(lib_a-impure.o)
 .comment       0x00000000000000ae       0x58 /usr/lib/gcc/arm-none-eabi/7.3.1/../../../arm-none-eabi/lib/thumb/v7-m/libc.a(lib_a-memcmp.o)
 .comment       0x00000000000000ae       0x58 /usr/lib/gcc/arm-none-eabi/7.3.1/../../../arm-none-eabi/lib/thumb/v7-m/libc.a(lib_a-memset.o)
 .comment       0x00000000000000ae       0x58 /usr/lib/gcc/arm-none-eabi/7.3.1/../../../arm-none-eabi/lib/thumb/v7-m/libc.a(lib_a-strlen-stub.o)
 .comment       0x00000000000000ae       0x58 /usr/lib/gcc/arm-none-eabi/7.3.1/../../../arm-none-eabi/lib/thumb/v7-m/libc.a(lib_a-strncmp.o)
 .comment       0x00000000000000ae       0x58 /usr/lib/gcc/arm-none-eabi/7.3.1/../../../arm-none-eabi/lib/thumb/v7-m/libc.a(lib_a-strtol.o)

.ARM.attributes
                0x0000000000000000       0x31
 .ARM.attributes
                0x0000000000000000       0x33 obj_zoul/startup-gcc.o
 .ARM.attributes
                0x0000000000000033       0x33 obj_zoul/contiki-main.o
 .ARM.attributes
                0x0000000000000066       0x33 obj_zoul/leds.o
 .ARM.attributes
                0x0000000000000099       0x33 obj_zoul/button-sensor.o
 .ARM.attributes
                0x00000000000000cc       0x33 obj_zoul/zoul-sensors.o
 .ARM.attributes
                0x00000000000000ff       0x33 obj_zoul/board.o
 .ARM.attributes
                0x0000000000000132       0x33 obj_zoul/leds-arch.o
 .ARM.attributes
                0x0000000000000165       0x33 obj_zoul/soc.o
 .ARM.attributes
                0x0000000000000198       0x33 obj_zoul/clock.o
 .ARM.attributes
                0x00000000000001cb       0x33 obj_zoul/rtimer-arch.o
 .ARM.attributes
                0x00000000000001fe       0x33 obj_zoul/uart.o
 .ARM.attributes
                0x0000000000000231       0x33 obj_zoul/watchdog.o
 .ARM.attributes
                0x0000000000000264       0x33 obj_zoul/nvic.o
 .ARM.attributes
                0x0000000000000297       0x33 obj_zoul/sys-ctrl.o
 .ARM.attributes
                0x00000000000002ca       0x33 obj_zoul/gpio.o
 .ARM.attributes
                0x00000000000002fd       0x33 obj_zoul/ioc.o
 .ARM.attributes
                0x0000000000000330       0x33 obj_zoul/adc.o
 .ARM.attributes
                0x0000000000000363       0x33 obj_zoul/crypto.o
 .ARM.attributes
                0x0000000000000396       0x33 obj_zoul/cc2538-rf.o
 .ARM.attributes
                0x00000000000003c9       0x33 obj_zoul/udma.o
 .ARM.attributes
                0x00000000000003fc       0x33 obj_zoul/lpm.o
 .ARM.attributes
                0x000000000000042f       0x33 obj_zoul/pka.o
 .ARM.attributes
                0x0000000000000462       0x33 obj_zoul/dbg.o
 .ARM.attributes
                0x0000000000000495       0x33 obj_zoul/ieee-addr.o
 .ARM.attributes
                0x00000000000004c8       0x33 obj_zoul/cc2538-temp-sensor.o
 .ARM.attributes
                0x00000000000004fb       0x33 obj_zoul/vdd3-sensor.o
 .ARM.attributes
                0x000000000000052e       0x33 obj_zoul/dbg-printf.o
 .ARM.attributes
                0x0000000000000561       0x33 obj_zoul/strformat.o
 .ARM.attributes
                0x0000000000000594       0x33 obj_zoul/autostart.o
 .ARM.attributes
                0x00000000000005c7       0x33 obj_zoul/energest.o
 .ARM.attributes
                0x00000000000005fa       0x33 obj_zoul/etimer.o
 .ARM.attributes
                0x000000000000062d       0x33 obj_zoul/ctimer.o
 .ARM.attributes
                0x0000000000000660       0x33 obj_zoul/process.o
 .ARM.attributes
                0x0000000000000693       0x33 obj_zoul/rtimer.o
 .ARM.attributes
                0x00000000000006c6       0x33 obj_zoul/timer.o
 .ARM.attributes
                0x00000000000006f9       0x33 obj_zoul/serial-line.o
 .ARM.attributes
                0x000000000000072c       0x33 obj_zoul/sensors.o
 .ARM.attributes
                0x000000000000075f       0x33 obj_zoul/list.o
 .ARM.attributes
                0x0000000000000792       0x33 obj_zoul/memb.o
 .ARM.attributes
                0x00000000000007c5       0x33 obj_zoul/random.o
 .ARM.attributes
                0x00000000000007f8       0x33 obj_zoul/ringbuf.o
 .ARM.attributes
                0x000000000000082b       0x33 obj_zoul/chameleon-bitopt.o
 .ARM.attributes
                0x000000000000085e       0x33 obj_zoul/rime.o
 .ARM.attributes
                0x0000000000000891       0x33 obj_zoul/broadcast-announcement.o
 .ARM.attributes
                0x00000000000008c4       0x33 obj_zoul/announcement.o
 .ARM.attributes
                0x00000000000008f7       0x33 obj_zoul/ipolite.o
 .ARM.attributes
                0x000000000000092a       0x33 obj_zoul/route-discovery.o
 .ARM.attributes
                0x000000000000095d       0x33 obj_zoul/chameleon.o
 .ARM.attributes
                0x0000000000000990       0x33 obj_zoul/channel.o
 .ARM.attributes
                0x00000000000009c3       0x33 obj_zoul/netflood.o
 .ARM.attributes
                0x00000000000009f6       0x33 obj_zoul/broadcast.o
 .ARM.attributes
                0x0000000000000a29       0x33 obj_zoul/abc.o
 .ARM.attributes
                0x0000000000000a5c       0x33 obj_zoul/multihop.o
 .ARM.attributes
                0x0000000000000a8f       0x33 obj_zoul/mesh.o
 .ARM.attributes
                0x0000000000000ac2       0x33 obj_zoul/unicast.o
 .ARM.attributes
                0x0000000000000af5       0x33 obj_zoul/route.o
 .ARM.attributes
                0x0000000000000b28       0x33 obj_zoul/mtarch.o
 .ARM.attributes
                0x0000000000000b5b       0x33 obj_zoul/queuebuf.o
 .ARM.attributes
                0x0000000000000b8e       0x33 obj_zoul/packetbuf.o
 .ARM.attributes
                0x0000000000000bc1       0x33 obj_zoul/netstack.o
 .ARM.attributes
                0x0000000000000bf4       0x33 obj_zoul/linkaddr.o
 .ARM.attributes
                0x0000000000000c27       0x33 obj_zoul/mac-sequence.o
 .ARM.attributes
                0x0000000000000c5a       0x33 obj_zoul/framer-802154.o
 .ARM.attributes
                0x0000000000000c8d       0x33 obj_zoul/csma.o
 .ARM.attributes
                0x0000000000000cc0       0x33 obj_zoul/frame802154.o
 .ARM.attributes
                0x0000000000000cf3       0x33 obj_zoul/mac.o
 .ARM.attributes
                0x0000000000000d26       0x33 obj_zoul/nullrdc.o
 .ARM.attributes
                0x0000000000000d59       0x33 obj_zoul/contikimac-framer.o
 .ARM.attributes
                0x0000000000000d8c       0x33 obj_zoul/nullsec.o
 .ARM.attributes
                0x0000000000000dbf       0x33 /home/aghiles/Aghiles/Research/cod/engineering/1-boards/contiki/antelope/netdb/netdb-client.co
 .ARM.attributes
                0x0000000000000df2       0x1d /usr/lib/gcc/arm-none-eabi/7.3.1/thumb/v7-m/libgcc.a(_aeabi_uldivmod.o)
 .ARM.attributes
                0x0000000000000e0f       0x2d /usr/lib/gcc/arm-none-eabi/7.3.1/thumb/v7-m/libgcc.a(_udivmoddi4.o)
 .ARM.attributes
                0x0000000000000e3c       0x1d /usr/lib/gcc/arm-none-eabi/7.3.1/thumb/v7-m/libgcc.a(_dvmd_tls.o)
 .ARM.attributes
                0x0000000000000e59       0x2d /usr/lib/gcc/arm-none-eabi/7.3.1/../../../arm-none-eabi/lib/thumb/v7-m/libc.a(lib_a-atoi.o)
 .ARM.attributes
                0x0000000000000e86       0x2d /usr/lib/gcc/arm-none-eabi/7.3.1/../../../arm-none-eabi/lib/thumb/v7-m/libc.a(lib_a-ctype_.o)
 .ARM.attributes
                0x0000000000000eb3       0x2d /usr/lib/gcc/arm-none-eabi/7.3.1/../../../arm-none-eabi/lib/thumb/v7-m/libc.a(lib_a-impure.o)
 .ARM.attributes
                0x0000000000000ee0       0x2d /usr/lib/gcc/arm-none-eabi/7.3.1/../../../arm-none-eabi/lib/thumb/v7-m/libc.a(lib_a-memcmp.o)
 .ARM.attributes
                0x0000000000000f0d       0x1b /usr/lib/gcc/arm-none-eabi/7.3.1/../../../arm-none-eabi/lib/thumb/v7-m/libc.a(lib_a-memcpy.o)
 .ARM.attributes
                0x0000000000000f28       0x2d /usr/lib/gcc/arm-none-eabi/7.3.1/../../../arm-none-eabi/lib/thumb/v7-m/libc.a(lib_a-memset.o)
 .ARM.attributes
                0x0000000000000f55       0x2d /usr/lib/gcc/arm-none-eabi/7.3.1/../../../arm-none-eabi/lib/thumb/v7-m/libc.a(lib_a-strlen-stub.o)
 .ARM.attributes
                0x0000000000000f82       0x2d /usr/lib/gcc/arm-none-eabi/7.3.1/../../../arm-none-eabi/lib/thumb/v7-m/libc.a(lib_a-strncmp.o)
 .ARM.attributes
                0x0000000000000faf       0x2d /usr/lib/gcc/arm-none-eabi/7.3.1/../../../arm-none-eabi/lib/thumb/v7-m/libc.a(lib_a-strtol.o)

.debug_line     0x0000000000000000      0xe72
 .debug_line    0x0000000000000000       0x5d /usr/lib/gcc/arm-none-eabi/7.3.1/thumb/v7-m/libgcc.a(_aeabi_uldivmod.o)
 .debug_line    0x000000000000005d      0x24f /usr/lib/gcc/arm-none-eabi/7.3.1/thumb/v7-m/libgcc.a(_udivmoddi4.o)
 .debug_line    0x00000000000002ac       0x5d /usr/lib/gcc/arm-none-eabi/7.3.1/thumb/v7-m/libgcc.a(_dvmd_tls.o)
 .debug_line    0x0000000000000309      0x11b /usr/lib/gcc/arm-none-eabi/7.3.1/../../../arm-none-eabi/lib/thumb/v7-m/libc.a(lib_a-atoi.o)
 .debug_line    0x0000000000000424      0x139 /usr/lib/gcc/arm-none-eabi/7.3.1/../../../arm-none-eabi/lib/thumb/v7-m/libc.a(lib_a-ctype_.o)
 .debug_line    0x000000000000055d       0xd4 /usr/lib/gcc/arm-none-eabi/7.3.1/../../../arm-none-eabi/lib/thumb/v7-m/libc.a(lib_a-impure.o)
 .debug_line    0x0000000000000631      0x13e /usr/lib/gcc/arm-none-eabi/7.3.1/../../../arm-none-eabi/lib/thumb/v7-m/libc.a(lib_a-memcmp.o)
 .debug_line    0x000000000000076f       0xbe /usr/lib/gcc/arm-none-eabi/7.3.1/../../../arm-none-eabi/lib/thumb/v7-m/libc.a(lib_a-memcpy.o)
 .debug_line    0x000000000000082d      0x1b8 /usr/lib/gcc/arm-none-eabi/7.3.1/../../../arm-none-eabi/lib/thumb/v7-m/libc.a(lib_a-memset.o)
 .debug_line    0x00000000000009e5      0x128 /usr/lib/gcc/arm-none-eabi/7.3.1/../../../arm-none-eabi/lib/thumb/v7-m/libc.a(lib_a-strlen-stub.o)
 .debug_line    0x0000000000000b0d      0x177 /usr/lib/gcc/arm-none-eabi/7.3.1/../../../arm-none-eabi/lib/thumb/v7-m/libc.a(lib_a-strncmp.o)
 .debug_line    0x0000000000000c84      0x1ee /usr/lib/gcc/arm-none-eabi/7.3.1/../../../arm-none-eabi/lib/thumb/v7-m/libc.a(lib_a-strtol.o)

.debug_info     0x0000000000000000     0x66aa
 .debug_info    0x0000000000000000       0x26 /usr/lib/gcc/arm-none-eabi/7.3.1/thumb/v7-m/libgcc.a(_aeabi_uldivmod.o)
 .debug_info    0x0000000000000026      0xd0b /usr/lib/gcc/arm-none-eabi/7.3.1/thumb/v7-m/libgcc.a(_udivmoddi4.o)
 .debug_info    0x0000000000000d31       0x26 /usr/lib/gcc/arm-none-eabi/7.3.1/thumb/v7-m/libgcc.a(_dvmd_tls.o)
 .debug_info    0x0000000000000d57      0x945 /usr/lib/gcc/arm-none-eabi/7.3.1/../../../arm-none-eabi/lib/thumb/v7-m/libc.a(lib_a-atoi.o)
 .debug_info    0x000000000000169c      0xdb6 /usr/lib/gcc/arm-none-eabi/7.3.1/../../../arm-none-eabi/lib/thumb/v7-m/libc.a(lib_a-ctype_.o)
 .debug_info    0x0000000000002452      0x8a9 /usr/lib/gcc/arm-none-eabi/7.3.1/../../../arm-none-eabi/lib/thumb/v7-m/libc.a(lib_a-impure.o)
 .debug_info    0x0000000000002cfb      0x91d /usr/lib/gcc/arm-none-eabi/7.3.1/../../../arm-none-eabi/lib/thumb/v7-m/libc.a(lib_a-memcmp.o)
 .debug_info    0x0000000000003618       0x26 /usr/lib/gcc/arm-none-eabi/7.3.1/../../../arm-none-eabi/lib/thumb/v7-m/libc.a(lib_a-memcpy.o)
 .debug_info    0x000000000000363e      0xe22 /usr/lib/gcc/arm-none-eabi/7.3.1/../../../arm-none-eabi/lib/thumb/v7-m/libc.a(lib_a-memset.o)
 .debug_info    0x0000000000004460      0x8ba /usr/lib/gcc/arm-none-eabi/7.3.1/../../../arm-none-eabi/lib/thumb/v7-m/libc.a(lib_a-strlen-stub.o)
 .debug_info    0x0000000000004d1a      0x8fa /usr/lib/gcc/arm-none-eabi/7.3.1/../../../arm-none-eabi/lib/thumb/v7-m/libc.a(lib_a-strncmp.o)
 .debug_info    0x0000000000005614     0x1096 /usr/lib/gcc/arm-none-eabi/7.3.1/../../../arm-none-eabi/lib/thumb/v7-m/libc.a(lib_a-strtol.o)

.debug_abbrev   0x0000000000000000     0x1072
 .debug_abbrev  0x0000000000000000       0x14 /usr/lib/gcc/arm-none-eabi/7.3.1/thumb/v7-m/libgcc.a(_aeabi_uldivmod.o)
 .debug_abbrev  0x0000000000000014      0x199 /usr/lib/gcc/arm-none-eabi/7.3.1/thumb/v7-m/libgcc.a(_udivmoddi4.o)
 .debug_abbrev  0x00000000000001ad       0x14 /usr/lib/gcc/arm-none-eabi/7.3.1/thumb/v7-m/libgcc.a(_dvmd_tls.o)
 .debug_abbrev  0x00000000000001c1      0x1e5 /usr/lib/gcc/arm-none-eabi/7.3.1/../../../arm-none-eabi/lib/thumb/v7-m/libc.a(lib_a-atoi.o)
 .debug_abbrev  0x00000000000003a6      0x190 /usr/lib/gcc/arm-none-eabi/7.3.1/../../../arm-none-eabi/lib/thumb/v7-m/libc.a(lib_a-ctype_.o)
 .debug_abbrev  0x0000000000000536      0x192 /usr/lib/gcc/arm-none-eabi/7.3.1/../../../arm-none-eabi/lib/thumb/v7-m/libc.a(lib_a-impure.o)
 .debug_abbrev  0x00000000000006c8      0x1bd /usr/lib/gcc/arm-none-eabi/7.3.1/../../../arm-none-eabi/lib/thumb/v7-m/libc.a(lib_a-memcmp.o)
 .debug_abbrev  0x0000000000000885       0x14 /usr/lib/gcc/arm-none-eabi/7.3.1/../../../arm-none-eabi/lib/thumb/v7-m/libc.a(lib_a-memcpy.o)
 .debug_abbrev  0x0000000000000899      0x1de /usr/lib/gcc/arm-none-eabi/7.3.1/../../../arm-none-eabi/lib/thumb/v7-m/libc.a(lib_a-memset.o)
 .debug_abbrev  0x0000000000000a77      0x1a7 /usr/lib/gcc/arm-none-eabi/7.3.1/../../../arm-none-eabi/lib/thumb/v7-m/libc.a(lib_a-strlen-stub.o)
 .debug_abbrev  0x0000000000000c1e      0x1b8 /usr/lib/gcc/arm-none-eabi/7.3.1/../../../arm-none-eabi/lib/thumb/v7-m/libc.a(lib_a-strncmp.o)
 .debug_abbrev  0x0000000000000dd6      0x29c /usr/lib/gcc/arm-none-eabi/7.3.1/../../../arm-none-eabi/lib/thumb/v7-m/libc.a(lib_a-strtol.o)

.debug_aranges  0x0000000000000000      0x170
 .debug_aranges
                0x0000000000000000       0x20 /usr/lib/gcc/arm-none-eabi/7.3.1/thumb/v7-m/libgcc.a(_aeabi_uldivmod.o)
 .debug_aranges
                0x0000000000000020       0x20 /usr/lib/gcc/arm-none-eabi/7.3.1/thumb/v7-m/libgcc.a(_udivmoddi4.o)
 .debug_aranges
                0x0000000000000040       0x20 /usr/lib/gcc/arm-none-eabi/7.3.1/thumb/v7-m/libgcc.a(_dvmd_tls.o)
 .debug_aranges
                0x0000000000000060       0x20 /usr/lib/gcc/arm-none-eabi/7.3.1/../../../arm-none-eabi/lib/thumb/v7-m/libc.a(lib_a-atoi.o)
 .debug_aranges
                0x0000000000000080       0x18 /usr/lib/gcc/arm-none-eabi/7.3.1/../../../arm-none-eabi/lib/thumb/v7-m/libc.a(lib_a-ctype_.o)
 .debug_aranges
                0x0000000000000098       0x18 /usr/lib/gcc/arm-none-eabi/7.3.1/../../../arm-none-eabi/lib/thumb/v7-m/libc.a(lib_a-impure.o)
 .debug_aranges
                0x00000000000000b0       0x20 /usr/lib/gcc/arm-none-eabi/7.3.1/../../../arm-none-eabi/lib/thumb/v7-m/libc.a(lib_a-memcmp.o)
 .debug_aranges
                0x00000000000000d0       0x20 /usr/lib/gcc/arm-none-eabi/7.3.1/../../../arm-none-eabi/lib/thumb/v7-m/libc.a(lib_a-memcpy.o)
 .debug_aranges
                0x00000000000000f0       0x20 /usr/lib/gcc/arm-none-eabi/7.3.1/../../../arm-none-eabi/lib/thumb/v7-m/libc.a(lib_a-memset.o)
 .debug_aranges
                0x0000000000000110       0x20 /usr/lib/gcc/arm-none-eabi/7.3.1/../../../arm-none-eabi/lib/thumb/v7-m/libc.a(lib_a-strlen-stub.o)
 .debug_aranges
                0x0000000000000130       0x20 /usr/lib/gcc/arm-none-eabi/7.3.1/../../../arm-none-eabi/lib/thumb/v7-m/libc.a(lib_a-strncmp.o)
 .debug_aranges
                0x0000000000000150       0x20 /usr/lib/gcc/arm-none-eabi/7.3.1/../../../arm-none-eabi/lib/thumb/v7-m/libc.a(lib_a-strtol.o)

.debug_str      0x0000000000000000     0x1ee1
 .debug_str     0x0000000000000000       0x73 /usr/lib/gcc/arm-none-eabi/7.3.1/thumb/v7-m/libgcc.a(_aeabi_uldivmod.o)
 .debug_str     0x0000000000000073     0x136f /usr/lib/gcc/arm-none-eabi/7.3.1/thumb/v7-m/libgcc.a(_udivmoddi4.o)
                                       0x13e9 (size before relaxing)
 .debug_str     0x00000000000013e2       0x2d /usr/lib/gcc/arm-none-eabi/7.3.1/thumb/v7-m/libgcc.a(_dvmd_tls.o)
                                         0x77 (size before relaxing)
 .debug_str     0x000000000000140f      0x4dc /usr/lib/gcc/arm-none-eabi/7.3.1/../../../arm-none-eabi/lib/thumb/v7-m/libc.a(lib_a-atoi.o)
                                        0x59e (size before relaxing)
 .debug_str     0x00000000000018eb      0x2f1 /usr/lib/gcc/arm-none-eabi/7.3.1/../../../arm-none-eabi/lib/thumb/v7-m/libc.a(lib_a-ctype_.o)
                                        0x89a (size before relaxing)
 .debug_str     0x0000000000001bdc       0x83 /usr/lib/gcc/arm-none-eabi/7.3.1/../../../arm-none-eabi/lib/thumb/v7-m/libc.a(lib_a-impure.o)
                                        0x582 (size before relaxing)
 .debug_str     0x0000000000001c5f       0x80 /usr/lib/gcc/arm-none-eabi/7.3.1/../../../arm-none-eabi/lib/thumb/v7-m/libc.a(lib_a-memcmp.o)
                                        0x586 (size before relaxing)
 .debug_str     0x0000000000001cdf       0x8d /usr/lib/gcc/arm-none-eabi/7.3.1/../../../arm-none-eabi/lib/thumb/v7-m/libc.a(lib_a-memcpy.o)
                                         0x9b (size before relaxing)
 .debug_str     0x0000000000001d6c       0x4c /usr/lib/gcc/arm-none-eabi/7.3.1/../../../arm-none-eabi/lib/thumb/v7-m/libc.a(lib_a-memset.o)
                                        0x8af (size before relaxing)
 .debug_str     0x0000000000001db8       0x45 /usr/lib/gcc/arm-none-eabi/7.3.1/../../../arm-none-eabi/lib/thumb/v7-m/libc.a(lib_a-strlen-stub.o)
                                        0x598 (size before relaxing)
 .debug_str     0x0000000000001dfd       0x3a /usr/lib/gcc/arm-none-eabi/7.3.1/../../../arm-none-eabi/lib/thumb/v7-m/libc.a(lib_a-strncmp.o)
                                        0x588 (size before relaxing)
 .debug_str     0x0000000000001e37       0xaa /usr/lib/gcc/arm-none-eabi/7.3.1/../../../arm-none-eabi/lib/thumb/v7-m/libc.a(lib_a-strtol.o)
                                        0x93d (size before relaxing)

.debug_frame    0x0000000000000000      0x1e8
 .debug_frame   0x0000000000000000       0x2c /usr/lib/gcc/arm-none-eabi/7.3.1/thumb/v7-m/libgcc.a(_aeabi_uldivmod.o)
 .debug_frame   0x000000000000002c       0x34 /usr/lib/gcc/arm-none-eabi/7.3.1/thumb/v7-m/libgcc.a(_udivmoddi4.o)
 .debug_frame   0x0000000000000060       0x30 /usr/lib/gcc/arm-none-eabi/7.3.1/../../../arm-none-eabi/lib/thumb/v7-m/libc.a(lib_a-atoi.o)
 .debug_frame   0x0000000000000090       0x38 /usr/lib/gcc/arm-none-eabi/7.3.1/../../../arm-none-eabi/lib/thumb/v7-m/libc.a(lib_a-memcmp.o)
 .debug_frame   0x00000000000000c8       0x38 /usr/lib/gcc/arm-none-eabi/7.3.1/../../../arm-none-eabi/lib/thumb/v7-m/libc.a(lib_a-memset.o)
 .debug_frame   0x0000000000000100       0x20 /usr/lib/gcc/arm-none-eabi/7.3.1/../../../arm-none-eabi/lib/thumb/v7-m/libc.a(lib_a-strlen-stub.o)
 .debug_frame   0x0000000000000120       0x48 /usr/lib/gcc/arm-none-eabi/7.3.1/../../../arm-none-eabi/lib/thumb/v7-m/libc.a(lib_a-strncmp.o)
 .debug_frame   0x0000000000000168       0x80 /usr/lib/gcc/arm-none-eabi/7.3.1/../../../arm-none-eabi/lib/thumb/v7-m/libc.a(lib_a-strtol.o)

.debug_loc      0x0000000000000000     0x1724
 .debug_loc     0x0000000000000000      0xe8b /usr/lib/gcc/arm-none-eabi/7.3.1/thumb/v7-m/libgcc.a(_udivmoddi4.o)
 .debug_loc     0x0000000000000e8b       0x63 /usr/lib/gcc/arm-none-eabi/7.3.1/../../../arm-none-eabi/lib/thumb/v7-m/libc.a(lib_a-atoi.o)
 .debug_loc     0x0000000000000eee      0x157 /usr/lib/gcc/arm-none-eabi/7.3.1/../../../arm-none-eabi/lib/thumb/v7-m/libc.a(lib_a-memcmp.o)
 .debug_loc     0x0000000000001045      0x175 /usr/lib/gcc/arm-none-eabi/7.3.1/../../../arm-none-eabi/lib/thumb/v7-m/libc.a(lib_a-memset.o)
 .debug_loc     0x00000000000011ba       0x21 /usr/lib/gcc/arm-none-eabi/7.3.1/../../../arm-none-eabi/lib/thumb/v7-m/libc.a(lib_a-strlen-stub.o)
 .debug_loc     0x00000000000011db      0x138 /usr/lib/gcc/arm-none-eabi/7.3.1/../../../arm-none-eabi/lib/thumb/v7-m/libc.a(lib_a-strncmp.o)
 .debug_loc     0x0000000000001313      0x411 /usr/lib/gcc/arm-none-eabi/7.3.1/../../../arm-none-eabi/lib/thumb/v7-m/libc.a(lib_a-strtol.o)

.debug_ranges   0x0000000000000000      0x108
 .debug_ranges  0x0000000000000000       0xf8 /usr/lib/gcc/arm-none-eabi/7.3.1/thumb/v7-m/libgcc.a(_udivmoddi4.o)
 .debug_ranges  0x00000000000000f8       0x10 /usr/lib/gcc/arm-none-eabi/7.3.1/../../../arm-none-eabi/lib/thumb/v7-m/libc.a(lib_a-strlen-stub.o)

Cross Reference Table

Symbol                                            File
__aeabi_idiv0                                     /usr/lib/gcc/arm-none-eabi/7.3.1/thumb/v7-m/libgcc.a(_dvmd_tls.o)
__aeabi_ldiv0                                     /usr/lib/gcc/arm-none-eabi/7.3.1/thumb/v7-m/libgcc.a(_dvmd_tls.o)
                                                  /usr/lib/gcc/arm-none-eabi/7.3.1/thumb/v7-m/libgcc.a(_aeabi_uldivmod.o)
                                                  /usr/lib/gcc/arm-none-eabi/7.3.1/thumb/v7-m/libgcc.a(_aeabi_ldivmod.o)
__aeabi_ldivmod                                   /usr/lib/gcc/arm-none-eabi/7.3.1/thumb/v7-m/libgcc.a(_aeabi_ldivmod.o)
                                                  obj_zoul/spi.o
__aeabi_uldivmod                                  /usr/lib/gcc/arm-none-eabi/7.3.1/thumb/v7-m/libgcc.a(_aeabi_uldivmod.o)
                                                  obj_zoul/strformat.o
                                                  obj_zoul/cc2538-rf.o
                                                  obj_zoul/spi.o