Archive member included to satisfy reference by file (symbol)

build/native///contiki-ng-native.a(coap-blocking-a)
                              coap-example-client.o (coap_blocking_request)
build/native///contiki-ng-native.a(coap-transactio)
                              build/native///contiki-ng-native.a(coap-blocking-a) (coap_send_transaction)
build/native///contiki-ng-native.a(coap.o)
                              build/native///contiki-ng-native.a(coap-blocking-a) (coap_get_mid)
build/native///contiki-ng-native.a(coap-uip.o)
                              coap-example-client.o (coap_endpoint_log)
build/native///contiki-ng-native.a(coap-timer.o)
                              build/native///contiki-ng-native.a(coap-transactio) (coap_timer_stop)
build/native///contiki-ng-native.a(contiki-main.o)
                              /usr/lib/gcc/x86_64-linux-gnu/6/../../../x86_64-linux-gnu/Scrt1.o (main)
build/native///contiki-ng-native.a(autostart.o)
                              build/native///contiki-ng-native.a(contiki-main.o) (autostart_start)
build/native///contiki-ng-native.a(ctimer.o)
                              build/native///contiki-ng-native.a(contiki-main.o) (ctimer_init)
build/native///contiki-ng-native.a(log.o)
                              build/native///contiki-ng-native.a(contiki-main.o) (curr_log_level_main)
build/native///contiki-ng-native.a(energest.o)
                              build/native///contiki-ng-native.a(contiki-main.o) (energest_init)
build/native///contiki-ng-native.a(etimer.o)
                              build/native///contiki-ng-native.a(contiki-main.o) (etimer_process)
build/native///contiki-ng-native.a(node-id.o)
                              build/native///contiki-ng-native.a(contiki-main.o) (node_id)
build/native///contiki-ng-native.a(process.o)
                              build/native///contiki-ng-native.a(coap-blocking-a) (process_current)
build/native///contiki-ng-native.a(rtimer.o)
                              build/native///contiki-ng-native.a(contiki-main.o) (rtimer_init)
build/native///contiki-ng-native.a(timer.o)
                              build/native///contiki-ng-native.a(etimer.o) (timer_set)
build/native///contiki-ng-native.a(list.o)
                              build/native///contiki-ng-native.a(coap-timer.o) (list_init)
build/native///contiki-ng-native.a(memb.o)
                              build/native///contiki-ng-native.a(coap-transactio) (memb_alloc)
build/native///contiki-ng-native.a(queuebuf.o)
                              build/native///contiki-ng-native.a(contiki-main.o) (queuebuf_init)
build/native///contiki-ng-native.a(packetbuf.o)
                              build/native///contiki-ng-native.a(queuebuf.o) (packetbuf_copyfrom)
build/native///contiki-ng-native.a(netstack.o)
                              build/native///contiki-ng-native.a(contiki-main.o) (netstack_init)
build/native///contiki-ng-native.a(linkaddr.o)
                              build/native///contiki-ng-native.a(contiki-main.o) (linkaddr_node_addr)
build/native///contiki-ng-native.a(nullmac.o)
                              build/native///contiki-ng-native.a(contiki-main.o) (nullmac_driver)
build/native///contiki-ng-native.a(uip-ds6.o)
                              build/native///contiki-ng-native.a(contiki-main.o) (uip_ds6_get_link_local)
build/native///contiki-ng-native.a(tcpip.o)
                              build/native///contiki-ng-native.a(coap-uip.o) (tcpip_event)
build/native///contiki-ng-native.a(uip-udp-packet.)
                              build/native///contiki-ng-native.a(coap-uip.o) (uip_udp_packet_sendto)
build/native///contiki-ng-native.a(uip-ds6-route.o)
                              build/native///contiki-ng-native.a(uip-ds6.o) (uip_ds6_route_init)
build/native///contiki-ng-native.a(uip-ds6-nbr.o)
                              build/native///contiki-ng-native.a(uip-ds6.o) (uip_ds6_neighbors_init)
build/native///contiki-ng-native.a(uip6.o)
                              build/native///contiki-ng-native.a(contiki-main.o) (uip_lladdr)
build/native///contiki-ng-native.a(uip-nd6.o)
                              build/native///contiki-ng-native.a(uip6.o) (uip_nd6_init)
build/native///contiki-ng-native.a(uiplib.o)
                              build/native///contiki-ng-native.a(coap-uip.o) (uiplib_ip6addrconv)
build/native///contiki-ng-native.a(rpl.o)
                              build/native///contiki-ng-native.a(contiki-main.o) (rpl_lite_driver)
build/native///contiki-ng-native.a(rpl-dag-root.o)
                              build/native///contiki-ng-native.a(rpl.o) (rpl_dag_root_is_root)
build/native///contiki-ng-native.a(platform.o)
                              build/native///contiki-ng-native.a(contiki-main.o) (platform_process_args)
build/native///contiki-ng-native.a(clock.o)
                              build/native///contiki-ng-native.a(etimer.o) (clock_time)
build/native///contiki-ng-native.a(tun6-net.o)
[...]
Memory Configuration

Name             Origin             Length             Attributes
*default*        0x0000000000000000 0xffffffffffffffff

Linker script and memory map

LOAD /usr/lib/gcc/x86_64-linux-gnu/6/../../../x86_64-linux-gnu/Scrt1.o
LOAD /usr/lib/gcc/x86_64-linux-gnu/6/../../../x86_64-linux-gnu/crti.o
LOAD /usr/lib/gcc/x86_64-linux-gnu/6/crtbeginS.o
LOAD coap-example-client.o
LOAD build/native///contiki-ng-native.a
LOAD /usr/lib/gcc/x86_64-linux-gnu/6/../../../x86_64-linux-gnu/librt.so
LOAD /usr/lib/gcc/x86_64-linux-gnu/6/libgcc.a
LOAD /usr/lib/gcc/x86_64-linux-gnu/6/libgcc_s.so
START GROUP
LOAD /usr/lib/gcc/x86_64-linux-gnu/6/libgcc_s.so.1
LOAD /usr/lib/gcc/x86_64-linux-gnu/6/libgcc.a
END GROUP
LOAD /usr/lib/gcc/x86_64-linux-gnu/6/../../../x86_64-linux-gnu/libc.so
START GROUP
LOAD /lib/x86_64-linux-gnu/libc.so.6
LOAD /usr/lib/x86_64-linux-gnu/libc_nonshared.a
LOAD /lib/x86_64-linux-gnu/ld-linux-x86-64.so.2
END GROUP
LOAD /usr/lib/gcc/x86_64-linux-gnu/6/libgcc.a
LOAD /usr/lib/gcc/x86_64-linux-gnu/6/libgcc_s.so
START GROUP
LOAD /usr/lib/gcc/x86_64-linux-gnu/6/libgcc_s.so.1
LOAD /usr/lib/gcc/x86_64-linux-gnu/6/libgcc.a
END GROUP
LOAD /usr/lib/gcc/x86_64-linux-gnu/6/crtendS.o
LOAD /usr/lib/gcc/x86_64-linux-gnu/6/../../../x86_64-linux-gnu/crtn.o
                [!provide]                        PROVIDE (__executable_start, SEGMENT_START ("text-segment", 0x0))
                0x0000000000000238                . = (SEGMENT_START ("text-segment", 0x0) + SIZEOF_HEADERS)

.interp         0x0000000000000238       0x1c
 *(.interp)
 .interp        0x0000000000000238       0x1c /usr/lib/gcc/x86_64-linux-gnu/6/../../../x86_64-linux-gnu/Scrt1.o

.note.ABI-tag   0x0000000000000254       0x20
 .note.ABI-tag  0x0000000000000254       0x20 /usr/lib/gcc/x86_64-linux-gnu/6/../../../x86_64-linux-gnu/Scrt1.o

.note.gnu.build-id
                0x0000000000000274       0x24
 *(.note.gnu.build-id)
 .note.gnu.build-id
                0x0000000000000274       0x24 /usr/lib/gcc/x86_64-linux-gnu/6/../../../x86_64-linux-gnu/Scrt1.o

.hash
 *(.hash)

.gnu.hash       0x0000000000000298     0x133c
 *(.gnu.hash)
 .gnu.hash      0x0000000000000298     0x133c /usr/lib/gcc/x86_64-linux-gnu/6/../../../x86_64-linux-gnu/Scrt1.o

.dynsym         0x00000000000015d8     0x3a20
 *(.dynsym)
 .dynsym        0x00000000000015d8     0x3a20 /usr/lib/gcc/x86_64-linux-gnu/6/../../../x86_64-linux-gnu/Scrt1.o

.dynstr         0x0000000000004ff8     0x2c98
 *(.dynstr)
 .dynstr        0x0000000000004ff8     0x2c98 /usr/lib/gcc/x86_64-linux-gnu/6/../../../x86_64-linux-gnu/Scrt1.o

.gnu.version    0x0000000000007c90      0x4d8
 *(.gnu.version)
 .gnu.version   0x0000000000007c90      0x4d8 /usr/lib/gcc/x86_64-linux-gnu/6/../../../x86_64-linux-gnu/Scrt1.o

.gnu.version_d  0x0000000000008168        0x0
 *(.gnu.version_d)
 .gnu.version_d
                0x0000000000008168        0x0 /usr/lib/gcc/x86_64-linux-gnu/6/../../../x86_64-linux-gnu/Scrt1.o

.gnu.version_r  0x0000000000008168       0x50
 *(.gnu.version_r)
 .gnu.version_r
                0x0000000000008168       0x50 /usr/lib/gcc/x86_64-linux-gnu/6/../../../x86_64-linux-gnu/Scrt1.o

.rela.dyn       0x00000000000081b8      0xf78
 *(.rela.init)
 *(.rela.text .rela.text.* .rela.gnu.linkonce.t.*)
 .rela.text     0x00000000000081b8        0x0 /usr/lib/gcc/x86_64-linux-gnu/6/../../../x86_64-linux-gnu/Scrt1.o
 *(.rela.fini)
 *(.rela.rodata .rela.rodata.* .rela.gnu.linkonce.r.*)
 *(.rela.data .rela.data.* .rela.gnu.linkonce.d.*)
 .rela.data.rel.ro
                0x00000000000081b8      0x1f8 /usr/lib/gcc/x86_64-linux-gnu/6/../../../x86_64-linux-gnu/Scrt1.o
 .rela.data.rel.local
                0x00000000000083b0      0x978 /usr/lib/gcc/x86_64-linux-gnu/6/../../../x86_64-linux-gnu/Scrt1.o
 .rela.data.rel.ro.local
                0x0000000000008d28      0x318 /usr/lib/gcc/x86_64-linux-gnu/6/../../../x86_64-linux-gnu/Scrt1.o
 *(.rela.tdata .rela.tdata.* .rela.gnu.linkonce.td.*)
 *(.rela.tbss .rela.tbss.* .rela.gnu.linkonce.tb.*)
 *(.rela.ctors)
 *(.rela.dtors)
 *(.rela.got)
 .rela.got      0x0000000000009040       0x90 /usr/lib/gcc/x86_64-linux-gnu/6/../../../x86_64-linux-gnu/Scrt1.o
 *(.rela.bss .rela.bss.* .rela.gnu.linkonce.b.*)
 .rela.bss      0x00000000000090d0       0x30 /usr/lib/gcc/x86_64-linux-gnu/6/../../../x86_64-linux-gnu/Scrt1.o
 *(.rela.ldata .rela.ldata.* .rela.gnu.linkonce.l.*)
 *(.rela.lbss .rela.lbss.* .rela.gnu.linkonce.lb.*)
 *(.rela.lrodata .rela.lrodata.* .rela.gnu.linkonce.lr.*)
 *(.rela.ifunc)
 .rela.fini_array
                0x0000000000009100       0x18 /usr/lib/gcc/x86_64-linux-gnu/6/../../../x86_64-linux-gnu/Scrt1.o
 .rela.init_array
                0x0000000000009118       0x18 /usr/lib/gcc/x86_64-linux-gnu/6/../../../x86_64-linux-gnu/Scrt1.o

.rela.plt       0x0000000000009130      0x348
 *(.rela.plt)
 .rela.plt      0x0000000000009130      0x348 /usr/lib/gcc/x86_64-linux-gnu/6/../../../x86_64-linux-gnu/Scrt1.o
                [!provide]                        PROVIDE (__rela_iplt_start, .)
 *(.rela.iplt)
                [!provide]                        PROVIDE (__rela_iplt_end, .)

.init           0x0000000000009478       0x17
 *(SORT(.init))
 .init          0x0000000000009478       0x12 /usr/lib/gcc/x86_64-linux-gnu/6/../../../x86_64-linux-gnu/crti.o
                0x0000000000009478                _init
 .init          0x000000000000948a        0x5 /usr/lib/gcc/x86_64-linux-gnu/6/../../../x86_64-linux-gnu/crtn.o

.plt            0x0000000000009490      0x240
 *(.plt)
 .plt           0x0000000000009490      0x240 /usr/lib/gcc/x86_64-linux-gnu/6/../../../x86_64-linux-gnu/Scrt1.o
 *(.iplt)

.plt.got        0x00000000000096d0        0x8
 *(.plt.got)
 .plt.got       0x00000000000096d0        0x8 /usr/lib/gcc/x86_64-linux-gnu/6/../../../x86_64-linux-gnu/Scrt1.o

.plt.bnd
 *(.plt.bnd)

.text           0x00000000000096e0    0x14e89
 *(.text.unlikely .text.*_unlikely .text.unlikely.*)
 *(.text.exit .text.exit.*)
 *(.text.startup .text.startup.*)
 *(.text.hot .text.hot.*)
 *(.text .stub .text.* .gnu.linkonce.t.*)
 .text          0x00000000000096e0       0x2b /usr/lib/gcc/x86_64-linux-gnu/6/../../../x86_64-linux-gnu/Scrt1.o
                0x00000000000096e0                _start
 .text          0x000000000000970b        0x0 /usr/lib/gcc/x86_64-linux-gnu/6/../../../x86_64-linux-gnu/crti.o
 *fill*         0x000000000000970b        0x5 
 .text          0x0000000000009710      0x100 /usr/lib/gcc/x86_64-linux-gnu/6/crtbeginS.o
 .text          0x0000000000009810      0x1bc coap-example-client.o
                0x0000000000009810                client_chunk_handler
 .text          0x00000000000099cc      0x2d2 build/native///contiki-ng-native.a(coap-blocking-a)
                0x00000000000099cc                coap_blocking_request_callback
                0x0000000000009a03                coap_blocking_request
 .text          0x0000000000009c9e      0x319 build/native///contiki-ng-native.a(coap-transactio)
                0x0000000000009d2c                coap_new_transaction
                0x0000000000009d9c                coap_send_transaction
                0x0000000000009f10                coap_clear_transaction
                0x0000000000009f5f                coap_get_transaction_by_mid
 .text          0x0000000000009fb7     0x233b build/native///contiki-ng-native.a(coap.o)
                0x000000000000a669                coap_init_connection
                0x000000000000a67c                coap_get_mid
                0x000000000000a69a                coap_init_message
                0x000000000000a6ec                coap_serialize_message
                0x000000000000ae6d                coap_parse_message
                0x000000000000b5fb                coap_get_query_variable
                0x000000000000b653                coap_get_post_variable
                0x000000000000b6a9                coap_set_status_code
                0x000000000000b6d7                coap_set_token
                0x000000000000b732                coap_get_header_content_format
                0x000000000000b776                coap_set_header_content_format
                0x000000000000b7aa                coap_get_header_accept
                0x000000000000b7f1                coap_set_header_accept
                0x000000000000b828                coap_get_header_max_age
                0x000000000000b86d                coap_set_header_max_age
                0x000000000000b89e                coap_get_header_etag
                0x000000000000b8e6                coap_set_header_etag
                0x000000000000b952                coap_get_header_if_match
                0x000000000000b9a0                coap_set_header_if_match
                0x000000000000ba18                coap_get_header_if_none_match
                0x000000000000ba3f                coap_set_header_if_none_match
                0x000000000000ba63                coap_get_header_proxy_uri
                0x000000000000baa8                coap_set_header_proxy_uri
                0x000000000000baf6                coap_get_header_uri_host
                0x000000000000bb3b                coap_set_header_uri_host
                0x000000000000bb89                coap_get_header_uri_path
                0x000000000000bbd4                coap_set_header_uri_path
                0x000000000000bc3d                coap_get_header_uri_query
                0x000000000000bc88                coap_set_header_uri_query
                0x000000000000bcf1                coap_get_header_location_path
                0x000000000000bd36                coap_set_header_location_path
                0x000000000000bdf1                coap_get_header_location_query
                0x000000000000be3c                coap_set_header_location_query
                0x000000000000bea5                coap_get_header_observe
                0x000000000000beea                coap_set_header_observe
                0x000000000000bf1e                coap_get_header_block2
                0x000000000000bfbc                coap_set_header_block2
                0x000000000000c048                coap_get_header_block1
                0x000000000000c0e6                coap_set_header_block1
                0x000000000000c16d                coap_get_header_size2
                0x000000000000c1b0                coap_set_header_size2
                0x000000000000c1e4                coap_get_header_size1
                0x000000000000c227                coap_set_header_size1
                0x000000000000c25b                coap_get_payload
                0x000000000000c2a7                coap_set_payload
 .text          0x000000000000c2f2      0x7e7 build/native///contiki-ng-native.a(coap-uip.o)
                0x000000000000c2f2                coap_endpoint_log
                0x000000000000c37e                coap_endpoint_print
                0x000000000000c40a                coap_endpoint_snprint
                0x000000000000c58f                coap_endpoint_copy
                0x000000000000c5d3                coap_endpoint_cmp
                0x000000000000c71c                coap_endpoint_parse
                0x000000000000c918                coap_endpoint_is_secure
                0x000000000000c92d                coap_endpoint_is_connected
                0x000000000000c93c                coap_endpoint_connect
                0x000000000000c95e                coap_endpoint_disconnect
                0x000000000000c969                coap_databuf
                0x000000000000c976                coap_transport_init
                0x000000000000c9c5                coap_sendto
 .text          0x000000000000cad9      0x2fb build/native///contiki-ng-native.a(coap-timer.o)
                0x000000000000cbdf                coap_timer_stop
                0x000000000000cc14                coap_timer_set
                0x000000000000cc4a                coap_timer_reset
                0x000000000000cc80                coap_timer_time_to_next_expiration
                0x000000000000ccd5                coap_timer_run
                0x000000000000cd95                coap_timer_init
 .text          0x000000000000cdd4      0x368 build/native///contiki-ng-native.a(contiki-main.o)
                0x000000000000cdd4                main
 .text          0x000000000000d13c       0xb3 build/native///contiki-ng-native.a(autostart.o)
                0x000000000000d13c                autostart_start
                0x000000000000d198                autostart_exit
 .text          0x000000000000d1ef      0x3f4 build/native///contiki-ng-native.a(ctimer.o)
                0x000000000000d341                ctimer_init
                0x000000000000d36f                ctimer_set
                0x000000000000d3ac                ctimer_set_with_process
                0x000000000000d459                ctimer_reset
                0x000000000000d4bd                ctimer_restart
                0x000000000000d521                ctimer_stop
                0x000000000000d57b                ctimer_expired
 .text          0x000000000000d5e3      0x455 build/native///contiki-ng-native.a(log.o)
                0x000000000000d5e3                log_6addr
                0x000000000000d61f                log_6addr_compact_snprint
                0x000000000000d6f6                log_6addr_compact
                0x000000000000d732                log_lladdr
                0x000000000000d7a8                log_lladdr_compact
                0x000000000000d81c                log_set_level
                0x000000000000d91f                log_get_level
                0x000000000000d9d1                log_level_to_str
 .text          0x000000000000da38       0x19 build/native///contiki-ng-native.a(energest.o)
                0x000000000000da38                energest_init
                0x000000000000da3f                energest_flush
                0x000000000000da46                energest_get_total_time
 .text          0x000000000000da51      0x536 build/native///contiki-ng-native.a(etimer.o)
                0x000000000000dcf0                etimer_request_poll
                0x000000000000dd91                etimer_set
                0x000000000000ddc3                etimer_reset_with_new_interval
                0x000000000000ddfa                etimer_reset
                0x000000000000de21                etimer_restart
                0x000000000000de48                etimer_adjust
                0x000000000000de75                etimer_expired
                0x000000000000de90                etimer_expiration_time
                0x000000000000deac                etimer_start_time
                0x000000000000debd                etimer_pending
                0x000000000000ded3                etimer_next_expiration_time
                0x000000000000def0                etimer_stop
 .text          0x000000000000df87       0x27 build/native///contiki-ng-native.a(node-id.o)
                0x000000000000df87                node_id_init
 .text          0x000000000000dfae      0x602 build/native///contiki-ng-native.a(process.o)
                0x000000000000dfae                process_alloc_event
                0x000000000000dfc4                process_start
                0x000000000000e202                process_exit
                0x000000000000e227                process_init
                0x000000000000e408                process_run
                0x000000000000e439                process_nevents
                0x000000000000e455                process_post
                0x000000000000e519                process_post_synch
                0x000000000000e55d                process_poll
                0x000000000000e596                process_is_running
 .text          0x000000000000e5b0       0xee build/native///contiki-ng-native.a(rtimer.o)
                0x000000000000e5b0                rtimer_init
                0x000000000000e5bc                rtimer_set
                0x000000000000e633                rtimer_run_next
 .text          0x000000000000e69e       0xf3 build/native///contiki-ng-native.a(timer.o)
                0x000000000000e69e                timer_set
                0x000000000000e6cc                timer_reset
                0x000000000000e704                timer_restart
                0x000000000000e722                timer_expired
                0x000000000000e75f                timer_remaining
 .text          0x000000000000e791      0x367 build/native///contiki-ng-native.a(list.o)
                0x000000000000e791                list_init
                0x000000000000e7a7                list_head
                0x000000000000e7b8                list_copy
                0x000000000000e7d5                list_tail
                0x000000000000e81a                list_add
                0x000000000000e87a                list_push
                0x000000000000e8b9                list_chop
                0x000000000000e942                list_pop
                0x000000000000e978                list_remove
                0x000000000000ea00                list_length
                0x000000000000ea37                list_insert
                0x000000000000ea96                list_item_next
                0x000000000000eab5                list_contains
 .text          0x000000000000eaf8      0x20e build/native///contiki-ng-native.a(memb.o)
                0x000000000000eaf8                memb_init
                0x000000000000eb57                memb_alloc
                0x000000000000ebcf                memb_free
                0x000000000000ec67                memb_inmemb
                0x000000000000ecba                memb_numfree
 .text          0x000000000000ed06      0x330 build/native///contiki-ng-native.a(queuebuf.o)
                0x000000000000ed17                queuebuf_init
                0x000000000000ed36                queuebuf_numfree
                0x000000000000ed48                queuebuf_new_from_packetbuf
                0x000000000000edf1                queuebuf_update_attr_from_packetbuf
                0x000000000000ee30                queuebuf_update_from_packetbuf
                0x000000000000ee88                queuebuf_free
                0x000000000000eed7                queuebuf_to_packetbuf
                0x000000000000ef49                queuebuf_dataptr
                0x000000000000ef89                queuebuf_datalen
                0x000000000000efb5                queuebuf_addr
                0x000000000000eff8                queuebuf_attr
                0x000000000000f02f                queuebuf_debug_print
 .text          0x000000000000f036      0x442 build/native///contiki-ng-native.a(packetbuf.o)
                0x000000000000f036                packetbuf_clear
                0x000000000000f060                packetbuf_copyfrom
                0x000000000000f0b6                packetbuf_copyto
                0x000000000000f159                packetbuf_hdralloc
                0x000000000000f1e3                packetbuf_hdrreduce
                0x000000000000f22f                packetbuf_set_datalen
                0x000000000000f247                packetbuf_dataptr
                0x000000000000f269                packetbuf_hdrptr
                0x000000000000f276                packetbuf_datalen
                0x000000000000f283                packetbuf_hdrlen
                0x000000000000f29b                packetbuf_totlen
                0x000000000000f2b2                packetbuf_remaininglen
                0x000000000000f2c6                packetbuf_attr_clear
                0x000000000000f320                packetbuf_attr_copyto
                0x000000000000f364                packetbuf_attr_copyfrom
                0x000000000000f3a8                packetbuf_set_attr
                0x000000000000f3d7                packetbuf_attr
                0x000000000000f3f7                packetbuf_set_addr
                0x000000000000f439                packetbuf_addr
                0x000000000000f45f                packetbuf_holds_broadcast
 .text          0x000000000000f478      0x110 build/native///contiki-ng-native.a(netstack.o)
                0x000000000000f478                netstack_process_ip_callback
                0x000000000000f515                netstack_ip_packet_processor_add
                0x000000000000f541                uip_ds6_ip_packet_processor_rm
                0x000000000000f566                netstack_init
 .text          0x000000000000f588       0x71 build/native///contiki-ng-native.a(linkaddr.o)
                0x000000000000f588                linkaddr_copy
                0x000000000000f5a5                linkaddr_cmp
                0x000000000000f5d7                linkaddr_set_node_addr
 .text          0x000000000000f5f9       0x3e build/native///contiki-ng-native.a(nullmac.o)
 .text          0x000000000000f637      0xcb6 build/native///contiki-ng-native.a(uip-ds6.o)
                0x000000000000f637                uip_ds6_init
                0x000000000000f7e6                uip_ds6_periodic
                0x000000000000f876                uip_ds6_list_loop
                0x000000000000f958                uip_ds6_prefix_add
                0x000000000000fa21                uip_ds6_prefix_rm
                0x000000000000fa3b                uip_ds6_prefix_lookup
                0x000000000000fa8b                uip_ds6_is_addr_onlink
                0x000000000000fb17                uip_ds6_addr_add
                0x000000000000fc54                uip_ds6_addr_rm
                0x000000000000fd08                uip_ds6_addr_lookup
                0x000000000000fd52                uip_ds6_get_link_local
                0x000000000000fde8                uip_ds6_get_global
                0x000000000000fe7e                uip_ds6_maddr_add
                0x000000000000feec                uip_ds6_maddr_rm
                0x000000000000ff06                uip_ds6_maddr_lookup
                0x000000000000ff50                uip_ds6_aaddr_add
                0x000000000000ffbe                uip_ds6_aaddr_rm
                0x000000000000ffd8                uip_ds6_aaddr_lookup
                0x0000000000010022                uip_ds6_select_src
                0x000000000001019d                uip_ds6_set_addr_iid
                0x00000000000101d2                uip_ds6_set_lladdr_from_iid
                0x0000000000010205                get_match_length
                0x00000000000102af                uip_ds6_compute_reachable_time
 .text          0x00000000000102ed      0x755 build/native///contiki-ng-native.a(tcpip.o)
                0x0000000000010316                tcpip_output
                0x0000000000010398                udp_attach
                0x00000000000103c2                udp_new
                0x0000000000010419                udp_broadcast_new
                0x0000000000010586                tcpip_input
                0x0000000000010721                tcpip_ipv6_output
                0x0000000000010919                tcpip_poll_udp
                0x0000000000010940                tcpip_uipcall
 .text          0x0000000000010a42      0x10a build/native///contiki-ng-native.a(uip-udp-packet.)
                0x0000000000010a42                uip_udp_packet_send
                0x0000000000010aae                uip_udp_packet_sendto
 .text          0x0000000000010b4c      0x399 build/native///contiki-ng-native.a(uip-ds6-route.o)
                0x0000000000010b9c                uip_ds6_route_init
                0x0000000000010bbe                uip_ds6_route_nexthop
                0x0000000000010bcd                uip_ds6_route_head
                0x0000000000010bd8                uip_ds6_route_next
                0x0000000000010be7                uip_ds6_route_is_nexthop
                0x0000000000010bf6                uip_ds6_route_num_routes
                0x0000000000010c01                uip_ds6_route_lookup
                0x0000000000010c10                uip_ds6_route_add
                0x0000000000010c28                uip_ds6_route_rm
                0x0000000000010c33                uip_ds6_route_rm_by_nexthop
                0x0000000000010c3e                uip_ds6_defrt_head
                0x0000000000010c53                uip_ds6_defrt_add
                0x0000000000010d0c                uip_ds6_defrt_rm
                0x0000000000010d7b                uip_ds6_defrt_lookup
                0x0000000000010dee                uip_ds6_defrt_choose
                0x0000000000010e6d                uip_ds6_defrt_periodic
 .text          0x0000000000010ee5      0x3ad build/native///contiki-ng-native.a(uip-ds6-nbr.o)
                0x0000000000010ee5                uip_ds6_neighbors_init
                0x0000000000010f07                uip_ds6_nbr_add
                0x0000000000010f9a                uip_ds6_nbr_rm
                0x0000000000010fec                uip_ds6_nbr_update_ll
                0x00000000000110cd                uip_ds6_nbr_get_ipaddr
                0x00000000000110e9                uip_ds6_nbr_get_ll
                0x000000000001110d                uip_ds6_nbr_num
                0x000000000001115b                uip_ds6_nbr_head
                0x0000000000011170                uip_ds6_nbr_next
                0x0000000000011194                uip_ds6_nbr_lookup
                0x00000000000111f9                uip_ds6_nbr_ll_lookup
                0x000000000001121d                uip_ds6_nbr_ipaddr_from_lladdr
                0x000000000001124d                uip_ds6_nbr_lladdr_from_ipaddr
                0x0000000000011285                uip_ds6_link_callback
 .text          0x0000000000011292     0x136c build/native///contiki-ng-native.a(uip6.o)
                0x0000000000011350                uip_chksum
                0x0000000000011428                uip_icmp6chksum
                0x0000000000011438                uip_udpchksum
                0x0000000000011448                uip_init
                0x00000000000114a7                uip_remove_ext_hdr
                0x0000000000011569                uip_udp_new
                0x00000000000118d6                uip_process
                0x00000000000124b2                uip_htons
                0x00000000000124d1                uip_htonl
                0x0000000000012515                uip_send
 .text          0x00000000000125fe      0x72d build/native///contiki-ng-native.a(uip-nd6.o)
                0x0000000000012d18                uip_nd6_init
 .text          0x0000000000012d2b      0x56d build/native///contiki-ng-native.a(uiplib.o)
                0x0000000000012d2b                uiplib_ip6addrconv
                0x0000000000012f0d                uiplib_ip4addrconv
                0x0000000000012fdb                uiplib_ipaddr_print
                0x0000000000013017                uiplib_ipaddr_snprint
 .text          0x0000000000013298      0x55a build/native///contiki-ng-native.a(rpl.o)
                0x0000000000013298                rpl_lollipop_greater_than
                0x00000000000132f8                rpl_get_global_address
                0x0000000000013478                rpl_link_callback
                0x00000000000134cc                rpl_has_joined
                0x00000000000134f3                rpl_is_reachable
                0x0000000000013586                rpl_reset_prefix
                0x00000000000135d2                rpl_set_prefix_from_addr
                0x00000000000136a3                rpl_set_prefix
                0x00000000000137cf                rpl_set_leaf_only
                0x00000000000137e5                rpl_get_leaf_only
 .text          0x00000000000137f2      0x31a build/native///contiki-ng-native.a(rpl-dag-root.o)
                0x00000000000137f2                rpl_dag_root_print_links
                0x000000000001394f                rpl_dag_root_set_prefix
                0x0000000000013987                rpl_dag_root_start
                0x0000000000013adc                rpl_dag_root_is_root
 .text          0x0000000000013b0c      0x568 build/native///contiki-ng-native.a(platform.o)
                0x0000000000013b0c                select_set_callback
                0x0000000000013de1                platform_process_args
                0x0000000000013e03                platform_init_stage_one
                0x0000000000013e19                platform_init_stage_two
                0x0000000000013e2a                platform_init_stage_three
                0x0000000000013e54                platform_main_loop
                0x0000000000014010                log_message
                0x0000000000014046                uip_log
 .text          0x0000000000014074       0xab build/native///contiki-ng-native.a(clock.o)
                0x00000000000140ab                clock_time
                0x00000000000140f4                clock_seconds
                0x000000000001410e                clock_delay
                0x0000000000014118                clock_init
 .text          0x000000000001411f      0x555 build/native///contiki-ng-native.a(tun6-net.o)
 .text          0x0000000000014674       0xbe build/native///contiki-ng-native.a(rtimer-arch.o)
                0x0000000000014698                rtimer_arch_init
                0x00000000000146b0                rtimer_arch_schedule
 .text          0x0000000000014732       0x2a build/native///contiki-ng-native.a(watchdog.o)
                0x0000000000014732                watchdog_init
                0x0000000000014739                watchdog_start
                0x0000000000014740                watchdog_periodic
                0x0000000000014747                watchdog_stop
                0x000000000001474e                watchdog_reboot
 .text          0x000000000001475c      0xcd1 build/native///contiki-ng-native.a(coap-engine.o)
                0x000000000001482b                coap_add_handler
                0x0000000000014850                coap_remove_handler
                0x0000000000014875                coap_call_handlers
                0x00000000000149ab                coap_receive
                0x0000000000014ffb                coap_engine_init
                0x0000000000015051                coap_activate_resource
                0x000000000001511b                coap_get_first_resource
                0x0000000000015130                coap_get_next_resource
 .text          0x000000000001542d      0x373 build/native///contiki-ng-native.a(coap-res-well-k)
 .text          0x00000000000157a0      0x9d8 build/native///contiki-ng-native.a(coap-observe.o)
                0x00000000000158ea                coap_remove_observer
                0x0000000000015922                coap_remove_observer_by_client
                0x0000000000015994                coap_remove_observer_by_token
                0x0000000000015a3e                coap_remove_observer_by_uri
                0x0000000000015af7                coap_remove_observer_by_mid
                0x0000000000015b7d                coap_notify_observers
                0x0000000000015b9d                coap_notify_observers_sub
                0x0000000000015fb8                coap_observe_handler
                0x0000000000016105                coap_has_observers
 .text          0x0000000000016178      0x1c2 build/native///contiki-ng-native.a(coap-timer-defa)
 .text          0x000000000001633a      0x11a build/native///contiki-ng-native.a(stimer.o)
                0x000000000001633a                stimer_set
                0x0000000000016368                stimer_reset
                0x00000000000163a0                stimer_restart
                0x00000000000163be                stimer_expired
                0x00000000000163ff                stimer_remaining
                0x0000000000016431                stimer_elapsed
 .text          0x0000000000016454      0x496 build/native///contiki-ng-native.a(button-hal.o)
                0x00000000000165eb                button_hal_get_by_id
                0x0000000000016635                button_hal_get_by_index
                0x000000000001666c                button_hal_get_state
                0x00000000000166cb                button_hal_init
 .text          0x00000000000168ea      0x1fb build/native///contiki-ng-native.a(serial-line.o)
                0x00000000000168ea                serial_line_input_byte
                0x0000000000016ab5                serial_line_init
 .text          0x0000000000016ae5       0xa9 build/native///contiki-ng-native.a(leds.o)
                0x0000000000016ae5                leds_init
                0x0000000000016aff                leds_single_on
                0x0000000000016b0b                leds_single_off
                0x0000000000016b17                leds_single_toggle
                0x0000000000016b23                leds_on
                0x0000000000016b34                leds_off
                0x0000000000016b45                leds_toggle
                0x0000000000016b56                leds_set
                0x0000000000016b7b                leds_get
 .text          0x0000000000016b8e       0xfd build/native///contiki-ng-native.a(nullradio.o)
 .text          0x0000000000016c8b      0x104 build/native///contiki-ng-native.a(gpio-hal.o)
                0x0000000000016c8b                gpio_hal_register_handler
                0x0000000000016cb0                gpio_hal_event_handler
                0x0000000000016d16                gpio_hal_init
                0x0000000000016d31                gpio_hal_arch_toggle_pin
                0x0000000000016d67                gpio_hal_arch_toggle_pins
 .text          0x0000000000016d8f       0x27 build/native///contiki-ng-native.a(random.o)
                0x0000000000016d8f                random_init
                0x0000000000016dab                random_rand
 .text          0x0000000000016db6      0x189 build/native///contiki-ng-native.a(ringbuf.o)
                0x0000000000016db6                ringbuf_init
                0x0000000000016df3                ringbuf_put
                0x0000000000016e7e                ringbuf_get
                0x0000000000016ef8                ringbuf_size
                0x0000000000016f10                ringbuf_elements
 .text          0x0000000000016f3f      0x98b build/native///contiki-ng-native.a(nbr-table.o)
                0x00000000000174d7                nbr_table_register
                0x0000000000017565                nbr_table_is_registered
                0x00000000000175b8                nbr_table_head
                0x000000000001761f                nbr_table_next
                0x0000000000017695                nbr_table_add_lladdr
                0x0000000000017787                nbr_table_get_from_lladdr
                0x00000000000177df                nbr_table_remove
                0x000000000001782f                nbr_table_lock
                0x000000000001785d                nbr_table_unlock
                0x000000000001788b                nbr_table_get_lladdr
 .text          0x00000000000178ca      0x3fd build/native///contiki-ng-native.a(link-stats.o)
                0x00000000000178ca                link_stats_from_lladdr
                0x00000000000178ee                link_stats_get_lladdr
                0x0000000000017912                link_stats_is_fresh
                0x000000000001795c                guess_etx_from_rssi
                0x00000000000179dd                link_stats_packet_sent
                0x0000000000017b0e                link_stats_input_callback
                0x0000000000017c38                link_stats_reset
                0x0000000000017c8f                link_stats_init
 .text          0x0000000000017cc7      0x502 build/native///contiki-ng-native.a(uipbuf.o)
                0x0000000000017cc7                uipbuf_clear
                0x0000000000017cea                uipbuf_add_ext_hdr
                0x0000000000017d56                uipbuf_set_len
                0x0000000000017d81                uipbuf_set_len_field
                0x0000000000017db0                uipbuf_get_len_field
                0x0000000000017dd7                uipbuf_get_next_header
                0x0000000000017f28                uipbuf_get_last_header
                0x0000000000017fbd                uipbuf_search_header
                0x0000000000018063                uipbuf_get_attr
                0x0000000000018090                uipbuf_set_attr
                0x00000000000180cc                uipbuf_set_default_attr
                0x0000000000018108                uipbuf_clear_attr
                0x0000000000018129                uipbuf_set_attr_flag
                0x0000000000018148                uipbuf_clr_attr_flag
                0x000000000001816d                uipbuf_is_attr_flag
                0x000000000001818e                uipbuf_init
 .text          0x00000000000181c9      0x770 build/native///contiki-ng-native.a(uip-icmp6.o)
                0x0000000000018242                uip_icmp6_input
                0x000000000001829c                uip_icmp6_register_input_handler
                0x00000000000183fa                uip_icmp6_error_output
                0x00000000000186ca                uip_icmp6_send
                0x00000000000188b2                uip_icmp6_echo_reply_callback_add
                0x00000000000188f5                uip_icmp6_echo_reply_callback_rm
                0x000000000001891a                uip_icmp6_init
 .text          0x0000000000018939      0x6ee build/native///contiki-ng-native.a(uip-sr.o)
                0x0000000000018939                uip_sr_num_nodes
                0x00000000000189b5                uip_sr_get_node
                0x0000000000018a19                uip_sr_is_addr_reachable
                0x0000000000018ab6                uip_sr_expire_parent
                0x0000000000018b15                uip_sr_update_node
                0x0000000000018c82                uip_sr_init
                0x0000000000018cae                uip_sr_node_head
                0x0000000000018cc3                uip_sr_node_next
                0x0000000000018cdd                uip_sr_periodic
                0x0000000000018dd8                uip_sr_free_all
                0x0000000000018e4f                uip_sr_link_snprint
 .text          0x0000000000019027      0x197 build/native///contiki-ng-native.a(uip-packetqueue)
                0x000000000001905f                uip_packetqueue_new
                0x0000000000019075                uip_packetqueue_alloc
                0x00000000000190eb                uip_packetqueue_free
                0x000000000001913c                uip_packetqueue_buf
                0x0000000000019164                uip_packetqueue_buflen
                0x000000000001918f                uip_packetqueue_set_buflen
 .text          0x00000000000191be     0x141a build/native///contiki-ng-native.a(rpl-icmp6.o)
                0x0000000000019332                rpl_icmp6_update_nbr_table
                0x00000000000193d3                rpl_icmp6_dis_output
                0x000000000001998f                rpl_icmp6_dio_output
                0x000000000001a1e2                rpl_icmp6_dao_output
                0x000000000001a518                rpl_icmp6_dao_ack_output
                0x000000000001a5a1                rpl_icmp6_init
 .text          0x000000000001a5d8      0x9c5 build/native///contiki-ng-native.a(rpl-neighbor.o)
                0x000000000001a657                rpl_neighbor_snprint
                0x000000000001a97f                rpl_neighbor_print_list
                0x000000000001aa07                rpl_neighbor_count
                0x000000000001aac2                rpl_neighbor_get_from_lladdr
                0x000000000001aae6                rpl_neighbor_is_acceptable_parent
                0x000000000001ab26                rpl_neighbor_get_link_metric
                0x000000000001ab66                rpl_neighbor_rank_via_nbr
                0x000000000001aba6                rpl_neighbor_get_lladdr
                0x000000000001abca                rpl_neighbor_get_ipaddr
                0x000000000001abf4                rpl_neighbor_get_link_stats
                0x000000000001ac1e                rpl_neighbor_is_fresh
                0x000000000001ac48                rpl_neighbor_is_reachable
                0x000000000001ac98                rpl_neighbor_is_parent
                0x000000000001acc9                rpl_neighbor_set_preferred_parent
                0x000000000001ad57                rpl_neighbor_remove_all
                0x000000000001ada9                rpl_neighbor_get_from_ipaddr
                0x000000000001aec1                rpl_neighbor_select_best
                0x000000000001af80                rpl_neighbor_init
 .text          0x000000000001af9d      0xef6 build/native///contiki-ng-native.a(rpl-dag.o)
                0x000000000001af9d                rpl_dag_state_to_str
                0x000000000001afea                rpl_dag_get_root_ipaddr
                0x000000000001b02b                rpl_dag_leave
                0x000000000001b0ad                rpl_dag_poison_and_leave
                0x000000000001b0c3                rpl_dag_periodic
                0x000000000001b153                rpl_is_addr_in_our_dag
                0x000000000001b19c                rpl_get_default_instance
                0x000000000001b1bb                rpl_get_any_dag
                0x000000000001b218                rpl_refresh_routes
                0x000000000001b260                rpl_global_repair
                0x000000000001b2f0                rpl_local_repair
                0x000000000001b33f                rpl_dag_ready_to_advertise
                0x000000000001b383                rpl_dag_update_state
                0x000000000001bae6                rpl_process_dio
                0x000000000001bb78                rpl_process_dis
                0x000000000001bbc5                rpl_process_dao
                0x000000000001bc66                rpl_process_dao_ack
                0x000000000001bcf2                rpl_process_hbh
                0x000000000001bd4d                rpl_dag_init_root
                0x000000000001be76                rpl_dag_init
 .text          0x000000000001be93      0xaca build/native///contiki-ng-native.a(rpl-timers.o)
                0x000000000001be93                rpl_timers_schedule_periodic_dis
                0x000000000001c01b                rpl_timers_dio_reset
                0x000000000001c120                rpl_timers_schedule_unicast_dio
                0x000000000001c2e2                rpl_timers_schedule_dao
                0x000000000001c42a                rpl_timers_schedule_dao_ack
                0x000000000001c4b7                get_probing_delay
                0x000000000001c4eb                get_probing_target
                0x000000000001c6fd                rpl_schedule_probing
                0x000000000001c72f                rpl_schedule_probing_now
                0x000000000001c7a3                rpl_timers_unschedule_leaving
                0x000000000001c7d1                rpl_timers_schedule_leaving
                0x000000000001c810                rpl_timers_init
                0x000000000001c8a1                rpl_timers_stop_dag_timers
                0x000000000001c8fc                rpl_timers_unschedule_state_update
                0x000000000001c91a                rpl_timers_schedule_state_update
 .text          0x000000000001c95d      0xbea build/native///contiki-ng-native.a(rpl-ext-header.)
                0x000000000001c95d                rpl_ext_header_srh_get_next_hop
                0x000000000001ca51                rpl_ext_header_srh_update
                0x000000000001d002                rpl_ext_header_hbh_update
                0x000000000001d344                rpl_ext_header_update
                0x000000000001d3d2                rpl_ext_header_remove
 .text          0x000000000001d547      0x1d2 build/native///contiki-ng-native.a(rpl-nbr-policy.)
                0x000000000001d6cb                rpl_nbr_policy_find_removable
 .text          0x000000000001d719      0x341 build/native///contiki-ng-native.a(rpl-mrhof.o)
 .text          0x000000000001da5a        0x0 build/native///contiki-ng-native.a(buttons.o)
 .text          0x000000000001da5a       0x51 build/native///contiki-ng-native.a(int-master.o)
                0x000000000001da5a                int_master_enable
                0x000000000001da6b                int_master_read_and_disable
                0x000000000001da87                int_master_status_set
                0x000000000001da9a                int_master_is_enabled
 .text          0x000000000001daab      0x287 build/native///contiki-ng-native.a(gpio-hal-arch.o)
                0x000000000001daab                gpio_hal_arch_init
                0x000000000001dab2                gpio_hal_arch_interrupt_enable
                0x000000000001dac1                gpio_hal_arch_interrupt_disable
                0x000000000001dad0                gpio_hal_arch_pin_cfg_set
                0x000000000001db02                gpio_hal_arch_pin_cfg_get
                0x000000000001db32                gpio_hal_arch_pin_set_input
                0x000000000001db41                gpio_hal_arch_pin_set_output
                0x000000000001db50                gpio_hal_arch_set_pin
                0x000000000001db76                gpio_hal_arch_clear_pin
                0x000000000001db9c                gpio_hal_arch_read_pin
                0x000000000001dbc6                gpio_hal_arch_write_pin
                0x000000000001dbf4                gpio_hal_arch_set_pins
                0x000000000001dc3c                gpio_hal_arch_clear_pins
                0x000000000001dc84                gpio_hal_arch_read_pins
                0x000000000001dccf                gpio_hal_arch_write_pins
 .text          0x000000000001dd32      0x78d build/native///contiki-ng-native.a(coap-observe-cl)
                0x000000000001ddfb                coap_obs_add_observee
                0x000000000001dec4                coap_obs_remove_observee
                0x000000000001defc                coap_get_obs_subject_by_token
                0x000000000001df78                coap_obs_remove_observee_by_token
                0x000000000001e022                coap_obs_remove_observee_by_url
                0x000000000001e1b7                coap_handle_notification
                0x000000000001e31b                coap_generate_token
                0x000000000001e348                coap_obs_request_registration
 *fill*         0x000000000001e4bf        0x1 
 .text          0x000000000001e4c0       0x72 /usr/lib/x86_64-linux-gnu/libc_nonshared.a(elf-init.oS)
                0x000000000001e4c0                __libc_csu_init
                0x000000000001e530                __libc_csu_fini
 *fill*         0x000000000001e532        0xe 
 .text          0x000000000001e540       0x29 /usr/lib/x86_64-linux-gnu/libc_nonshared.a(atexit.oS)
                0x000000000001e540                atexit
 .text          0x000000000001e569        0x0 /usr/lib/gcc/x86_64-linux-gnu/6/crtendS.o
 .text          0x000000000001e569        0x0 /usr/lib/gcc/x86_64-linux-gnu/6/../../../x86_64-linux-gnu/crtn.o
 *(.gnu.warning)

.fini           0x000000000001e56c        0x9
 *(SORT(.fini))
 .fini          0x000000000001e56c        0x4 /usr/lib/gcc/x86_64-linux-gnu/6/../../../x86_64-linux-gnu/crti.o
                0x000000000001e56c                _fini
 .fini          0x000000000001e570        0x5 /usr/lib/gcc/x86_64-linux-gnu/6/../../../x86_64-linux-gnu/crtn.o
                [!provide]                        PROVIDE (__etext, .)
                [!provide]                        PROVIDE (_etext, .)
                [!provide]                        PROVIDE (etext, .)

.rodata         0x000000000001e578      0x8d4
 *(.rodata .rodata.* .gnu.linkonce.r.*)
 .rodata.cst4   0x000000000001e578        0x4 /usr/lib/gcc/x86_64-linux-gnu/6/../../../x86_64-linux-gnu/Scrt1.o
                0x000000000001e578                _IO_stdin_used
 *fill*         0x000000000001e57c        0x4 
 .rodata        0x000000000001e580       0x95 coap-example-client.o
 *fill*         0x000000000001e615        0x3 
 .rodata        0x000000000001e618      0x1b0 build/native///contiki-ng-native.a(coap.o)
 .rodata        0x000000000001e7c8       0x35 build/native///contiki-ng-native.a(coap-uip.o)
 *fill*         0x000000000001e7fd        0x3 
 .rodata        0x000000000001e800       0xdc build/native///contiki-ng-native.a(contiki-main.o)
 .rodata        0x000000000001e8dc        0xf build/native///contiki-ng-native.a(ctimer.o)
 *fill*         0x000000000001e8eb        0x1 
 .rodata        0x000000000001e8ec       0xbc build/native///contiki-ng-native.a(log.o)
 .rodata        0x000000000001e9a8        0xc build/native///contiki-ng-native.a(etimer.o)
 *fill*         0x000000000001e9b4        0x4 
 .rodata        0x000000000001e9b8        0x8 build/native///contiki-ng-native.a(linkaddr.o)
                0x000000000001e9b8                linkaddr_null
 .rodata        0x000000000001e9c0        0x8 build/native///contiki-ng-native.a(nullmac.o)
 .rodata        0x000000000001e9c8        0xd build/native///contiki-ng-native.a(tcpip.o)
 *fill*         0x000000000001e9d5        0x3 
 .rodata        0x000000000001e9d8       0x4c build/native///contiki-ng-native.a(uip-ds6-route.o)
 .rodata        0x000000000001ea24       0x2d build/native///contiki-ng-native.a(uiplib.o)
 .rodata        0x000000000001ea51        0x9 build/native///contiki-ng-native.a(rpl.o)
 .rodata        0x000000000001ea5a       0x47 build/native///contiki-ng-native.a(platform.o)
 *fill*         0x000000000001eaa1        0x7 
 .rodata        0x000000000001eaa8      0x180 build/native///contiki-ng-native.a(tun6-net.o)
 .rodata        0x000000000001ec28       0x41 build/native///contiki-ng-native.a(coap-engine.o)
 .rodata        0x000000000001ec69       0x19 build/native///contiki-ng-native.a(coap-res-well-k)
 .rodata        0x000000000001ec82       0x11 build/native///contiki-ng-native.a(coap-observe.o)
 .rodata        0x000000000001ec93       0x13 build/native///contiki-ng-native.a(coap-timer-defa)
 .rodata        0x000000000001eca6       0x13 build/native///contiki-ng-native.a(button-hal.o)
 .rodata        0x000000000001ecb9        0xe build/native///contiki-ng-native.a(serial-line.o)
 .rodata        0x000000000001ecc7       0x44 build/native///contiki-ng-native.a(uip-sr.o)
 *fill*         0x000000000001ed0b        0x5 
 .rodata        0x000000000001ed10       0x58 build/native///contiki-ng-native.a(rpl-neighbor.o)
 .rodata        0x000000000001ed68       0xd7 build/native///contiki-ng-native.a(rpl-dag.o)
 .rodata        0x000000000001ee3f        0xc build/native///contiki-ng-native.a(rpl-timers.o)
 .rodata        0x000000000001ee4b        0x1 build/native///contiki-ng-native.a(buttons.o)
                0x000000000001ee4b                button_hal_button_count

.rodata1
 *(.rodata1)

.eh_frame_hdr   0x000000000001ee4c     0x1584
 *(.eh_frame_hdr)
 .eh_frame_hdr  0x000000000001ee4c     0x1584 /usr/lib/gcc/x86_64-linux-gnu/6/../../../x86_64-linux-gnu/Scrt1.o
                0x000000000001ee4c                __GNU_EH_FRAME_HDR
 *(.eh_frame_entry .eh_frame_entry.*)

.eh_frame       0x00000000000203d0     0x56d4
 *(.eh_frame)
 .eh_frame      0x00000000000203d0       0x30 /usr/lib/gcc/x86_64-linux-gnu/6/../../../x86_64-linux-gnu/Scrt1.o
 .eh_frame      0x0000000000020400       0x40 /usr/lib/gcc/x86_64-linux-gnu/6/../../../x86_64-linux-gnu/Scrt1.o
 .eh_frame      0x0000000000020440       0x18 /usr/lib/gcc/x86_64-linux-gnu/6/../../../x86_64-linux-gnu/Scrt1.o
                                         0x30 (size before relaxing)
 .eh_frame      0x0000000000020458       0x40 coap-example-client.o
                                         0x58 (size before relaxing)
 .eh_frame      0x0000000000020498       0x48 build/native///contiki-ng-native.a(coap-blocking-a)
                                         0x60 (size before relaxing)
 .eh_frame      0x00000000000204e0      0x100 build/native///contiki-ng-native.a(coap-transactio)
                                        0x118 (size before relaxing)
 .eh_frame      0x00000000000205e0      0x6e8 build/native///contiki-ng-native.a(coap.o)
                                        0x700 (size before relaxing)
 .eh_frame      0x0000000000020cc8      0x248 build/native///contiki-ng-native.a(coap-uip.o)
                                        0x260 (size before relaxing)
 .eh_frame      0x0000000000020f10      0x108 build/native///contiki-ng-native.a(coap-timer.o)
                                        0x120 (size before relaxing)
 .eh_frame      0x0000000000021018       0x20 build/native///contiki-ng-native.a(contiki-main.o)
                                         0x38 (size before relaxing)
 .eh_frame      0x0000000000021038       0x40 build/native///contiki-ng-native.a(autostart.o)
                                         0x58 (size before relaxing)
 .eh_frame      0x0000000000021078      0x100 build/native///contiki-ng-native.a(ctimer.o)
                                        0x118 (size before relaxing)
 .eh_frame      0x0000000000021178      0x100 build/native///contiki-ng-native.a(log.o)
                                        0x118 (size before relaxing)
 .eh_frame      0x0000000000021278       0x60 build/native///contiki-ng-native.a(energest.o)
                                         0x78 (size before relaxing)
 .eh_frame      0x00000000000212d8      0x1e0 build/native///contiki-ng-native.a(etimer.o)
                                        0x1f8 (size before relaxing)
 .eh_frame      0x00000000000214b8       0x20 build/native///contiki-ng-native.a(node-id.o)
                                         0x38 (size before relaxing)
 .eh_frame      0x00000000000214d8      0x1c8 build/native///contiki-ng-native.a(process.o)
                                        0x1e0 (size before relaxing)
 .eh_frame      0x00000000000216a0       0x60 build/native///contiki-ng-native.a(rtimer.o)
                                         0x78 (size before relaxing)
 .eh_frame      0x0000000000021700       0xa0 build/native///contiki-ng-native.a(timer.o)
                                         0xb8 (size before relaxing)
 .eh_frame      0x00000000000217a0      0x1a0 build/native///contiki-ng-native.a(list.o)
                                        0x1b8 (size before relaxing)
 .eh_frame      0x0000000000021940       0xa0 build/native///contiki-ng-native.a(memb.o)
                                         0xb8 (size before relaxing)
 .eh_frame      0x00000000000219e0      0x1a0 build/native///contiki-ng-native.a(queuebuf.o)
                                        0x1b8 (size before relaxing)
 .eh_frame      0x0000000000021b80      0x288 build/native///contiki-ng-native.a(packetbuf.o)
                                        0x2a0 (size before relaxing)
 .eh_frame      0x0000000000021e08       0x80 build/native///contiki-ng-native.a(netstack.o)
                                         0x98 (size before relaxing)
 .eh_frame      0x0000000000021e88       0x60 build/native///contiki-ng-native.a(linkaddr.o)
                                         0x78 (size before relaxing)
 .eh_frame      0x0000000000021ee8       0xc0 build/native///contiki-ng-native.a(nullmac.o)
                                         0xd8 (size before relaxing)
 .eh_frame      0x0000000000021fa8      0x2e8 build/native///contiki-ng-native.a(uip-ds6.o)
                                        0x300 (size before relaxing)
 .eh_frame      0x0000000000022290      0x248 build/native///contiki-ng-native.a(tcpip.o)
                                        0x260 (size before relaxing)
 .eh_frame      0x00000000000224d8       0x40 build/native///contiki-ng-native.a(uip-udp-packet.)
                                         0x58 (size before relaxing)
 .eh_frame      0x0000000000022518      0x220 build/native///contiki-ng-native.a(uip-ds6-route.o)
                                        0x238 (size before relaxing)
 .eh_frame      0x0000000000022738      0x1c0 build/native///contiki-ng-native.a(uip-ds6-nbr.o)
                                        0x1d8 (size before relaxing)
 .eh_frame      0x00000000000228f8      0x1f0 build/native///contiki-ng-native.a(uip6.o)
                                        0x200 (size before relaxing)
 .eh_frame      0x0000000000022ae8       0x88 build/native///contiki-ng-native.a(uip-nd6.o)
                                         0xa0 (size before relaxing)
 .eh_frame      0x0000000000022b70       0x80 build/native///contiki-ng-native.a(uiplib.o)
                                         0x98 (size before relaxing)
 .eh_frame      0x0000000000022bf0      0x1e0 build/native///contiki-ng-native.a(rpl.o)
                                        0x1f8 (size before relaxing)
 .eh_frame      0x0000000000022dd0       0xa0 build/native///contiki-ng-native.a(rpl-dag-root.o)
                                         0xb8 (size before relaxing)
 .eh_frame      0x0000000000022e70      0x180 build/native///contiki-ng-native.a(platform.o)
                                        0x198 (size before relaxing)
 .eh_frame      0x0000000000022ff0       0xa0 build/native///contiki-ng-native.a(clock.o)
                                         0xb8 (size before relaxing)
 .eh_frame      0x0000000000023090      0x180 build/native///contiki-ng-native.a(tun6-net.o)
                                        0x198 (size before relaxing)
 .eh_frame      0x0000000000023210       0x60 build/native///contiki-ng-native.a(rtimer-arch.o)
                                         0x78 (size before relaxing)
 .eh_frame      0x0000000000023270       0xa0 build/native///contiki-ng-native.a(watchdog.o)
                                         0xb8 (size before relaxing)
 .eh_frame      0x0000000000023310      0x220 build/native///contiki-ng-native.a(coap-engine.o)
                                        0x238 (size before relaxing)
 .eh_frame      0x0000000000023530       0x20 build/native///contiki-ng-native.a(coap-res-well-k)
                                         0x38 (size before relaxing)
 .eh_frame      0x0000000000023550      0x188 build/native///contiki-ng-native.a(coap-observe.o)
                                        0x1a0 (size before relaxing)
 .eh_frame      0x00000000000236d8       0xa0 build/native///contiki-ng-native.a(coap-timer-defa)
                                         0xb8 (size before relaxing)
 .eh_frame      0x0000000000023778       0xc0 build/native///contiki-ng-native.a(stimer.o)
                                         0xd8 (size before relaxing)
 .eh_frame      0x0000000000023838      0x140 build/native///contiki-ng-native.a(button-hal.o)
                                        0x158 (size before relaxing)
 .eh_frame      0x0000000000023978       0x60 build/native///contiki-ng-native.a(serial-line.o)
                                         0x78 (size before relaxing)
 .eh_frame      0x00000000000239d8      0x120 build/native///contiki-ng-native.a(leds.o)
                                        0x138 (size before relaxing)
 .eh_frame      0x0000000000023af8      0x1c0 build/native///contiki-ng-native.a(nullradio.o)
                                        0x1d8 (size before relaxing)
 .eh_frame      0x0000000000023cb8       0xa0 build/native///contiki-ng-native.a(gpio-hal.o)
                                         0xb8 (size before relaxing)
 .eh_frame      0x0000000000023d58       0x40 build/native///contiki-ng-native.a(random.o)
                                         0x58 (size before relaxing)
 .eh_frame      0x0000000000023d98       0xa0 build/native///contiki-ng-native.a(ringbuf.o)
                                         0xb8 (size before relaxing)
 .eh_frame      0x0000000000023e38      0x2a0 build/native///contiki-ng-native.a(nbr-table.o)
                                        0x2b8 (size before relaxing)
 .eh_frame      0x00000000000240d8      0x120 build/native///contiki-ng-native.a(link-stats.o)
                                        0x138 (size before relaxing)
 .eh_frame      0x00000000000241f8      0x200 build/native///contiki-ng-native.a(uipbuf.o)
                                        0x218 (size before relaxing)
 .eh_frame      0x00000000000243f8      0x158 build/native///contiki-ng-native.a(uip-icmp6.o)
                                        0x168 (size before relaxing)
 .eh_frame      0x0000000000024550      0x180 build/native///contiki-ng-native.a(uip-sr.o)
                                        0x198 (size before relaxing)
 .eh_frame      0x00000000000246d0       0xe0 build/native///contiki-ng-native.a(uip-packetqueue)
                                         0xf8 (size before relaxing)
 .eh_frame      0x00000000000247b0      0x1c0 build/native///contiki-ng-native.a(rpl-icmp6.o)
                                        0x1d8 (size before relaxing)
 .eh_frame      0x0000000000024970      0x2d0 build/native///contiki-ng-native.a(rpl-neighbor.o)
                                        0x2e8 (size before relaxing)
 .eh_frame      0x0000000000024c40      0x360 build/native///contiki-ng-native.a(rpl-dag.o)
                                        0x378 (size before relaxing)
 .eh_frame      0x0000000000024fa0      0x368 build/native///contiki-ng-native.a(rpl-timers.o)
                                        0x380 (size before relaxing)
 .eh_frame      0x0000000000025308      0x128 build/native///contiki-ng-native.a(rpl-ext-header.)
                                        0x140 (size before relaxing)
 .eh_frame      0x0000000000025430       0x80 build/native///contiki-ng-native.a(rpl-nbr-policy.)
                                         0x98 (size before relaxing)
 .eh_frame      0x00000000000254b0      0x150 build/native///contiki-ng-native.a(rpl-mrhof.o)
                                        0x160 (size before relaxing)
 .eh_frame      0x0000000000025600       0x80 build/native///contiki-ng-native.a(int-master.o)
                                         0x98 (size before relaxing)
 .eh_frame      0x0000000000025680      0x1e0 build/native///contiki-ng-native.a(gpio-hal-arch.o)
                                        0x1f8 (size before relaxing)
 .eh_frame      0x0000000000025860      0x1c8 build/native///contiki-ng-native.a(coap-observe-cl)
                                        0x1e0 (size before relaxing)
 .eh_frame      0x0000000000025a28       0x60 /usr/lib/x86_64-linux-gnu/libc_nonshared.a(elf-init.oS)
                                         0x78 (size before relaxing)
 .eh_frame      0x0000000000025a88       0x18 /usr/lib/x86_64-linux-gnu/libc_nonshared.a(atexit.oS)
                                         0x30 (size before relaxing)
 .eh_frame      0x0000000000025aa0        0x4 /usr/lib/gcc/x86_64-linux-gnu/6/crtendS.o
 *(.eh_frame.*)

.gcc_except_table
 *(.gcc_except_table .gcc_except_table.*)

.gnu_extab
 *(.gnu_extab*)

.exception_ranges
 *(.exception_ranges .exception_ranges*)
                0x0000000000225ba8                . = DATA_SEGMENT_ALIGN (CONSTANT (MAXPAGESIZE), CONSTANT (COMMONPAGESIZE))

.eh_frame
 *(.eh_frame)
 *(.eh_frame.*)

.gnu_extab
 *(.gnu_extab)

.gcc_except_table
 *(.gcc_except_table .gcc_except_table.*)

.exception_ranges
 *(.exception_ranges .exception_ranges*)

.tdata
 *(.tdata .tdata.* .gnu.linkonce.td.*)

.tbss
 *(.tbss .tbss.* .gnu.linkonce.tb.*)
 *(.tcommon)

.preinit_array  0x0000000000225ba8        0x0
                [!provide]                        PROVIDE (__preinit_array_start, .)
 *(.preinit_array)
                [!provide]                        PROVIDE (__preinit_array_end, .)

.init_array     0x0000000000225ba8        0x8
                0x0000000000225ba8                PROVIDE (__init_array_start, .)
 *(SORT(.init_array.*) SORT(.ctors.*))
 *(.init_array EXCLUDE_FILE(*crtend?.o *crtend.o *crtbegin?.o *crtbegin.o) .ctors)
 .init_array    0x0000000000225ba8        0x8 /usr/lib/gcc/x86_64-linux-gnu/6/crtbeginS.o
                0x0000000000225bb0                PROVIDE (__init_array_end, .)

.fini_array     0x0000000000225bb0        0x8
                [!provide]                        PROVIDE (__fini_array_start, .)
 *(SORT(.fini_array.*) SORT(.dtors.*))
 *(.fini_array EXCLUDE_FILE(*crtend?.o *crtend.o *crtbegin?.o *crtbegin.o) .dtors)
 .fini_array    0x0000000000225bb0        0x8 /usr/lib/gcc/x86_64-linux-gnu/6/crtbeginS.o
                [!provide]                        PROVIDE (__fini_array_end, .)

.ctors
 *crtbegin.o(.ctors)
 *crtbegin?.o(.ctors)
 *(EXCLUDE_FILE(*crtend?.o *crtend.o) .ctors)
 *(SORT(.ctors.*))
 *(.ctors)

.dtors
 *crtbegin.o(.dtors)
 *crtbegin?.o(.dtors)
 *(EXCLUDE_FILE(*crtend?.o *crtend.o) .dtors)
 *(SORT(.dtors.*))
 *(.dtors)

.jcr            0x0000000000225bb8        0x8
 *(.jcr)
 .jcr           0x0000000000225bb8        0x0 /usr/lib/gcc/x86_64-linux-gnu/6/crtbeginS.o
 .jcr           0x0000000000225bb8        0x8 /usr/lib/gcc/x86_64-linux-gnu/6/crtendS.o

.data.rel.ro    0x0000000000225bc0      0x208
 *(.data.rel.ro.local* .gnu.linkonce.d.rel.ro.local.*)
 .data.rel.ro.local
                0x0000000000225bc0       0x10 coap-example-client.o
                0x0000000000225bc0                autostart_processes
 *fill*         0x0000000000225bd0       0x10 
 .data.rel.ro.local
                0x0000000000225be0       0x38 build/native///contiki-ng-native.a(nullmac.o)
                0x0000000000225be0                nullmac_driver
 *fill*         0x0000000000225c18        0x8 
 .data.rel.ro.local
                0x0000000000225c20       0x10 build/native///contiki-ng-native.a(platform.o)
 *fill*         0x0000000000225c30       0x10 
 .data.rel.ro.local
                0x0000000000225c40       0x40 build/native///contiki-ng-native.a(tun6-net.o)
                0x0000000000225c60                tun6_net_driver
 .data.rel.ro.local
                0x0000000000225c80       0x18 build/native///contiki-ng-native.a(coap-timer-defa)
                0x0000000000225c80                coap_timer_default_driver
 *fill*         0x0000000000225c98        0x8 
 .data.rel.ro.local
                0x0000000000225ca0       0x70 build/native///contiki-ng-native.a(nullradio.o)
                0x0000000000225ca0                nullradio_driver
 *(.data.rel.ro .data.rel.ro.* .gnu.linkonce.d.rel.ro.*)
 .data.rel.ro   0x0000000000225d10        0x0 /usr/lib/gcc/x86_64-linux-gnu/6/../../../x86_64-linux-gnu/Scrt1.o
 *fill*         0x0000000000225d10       0x10 
 .data.rel.ro   0x0000000000225d20       0xa0 build/native///contiki-ng-native.a(rpl.o)
                0x0000000000225d20                rpl_lite_driver
 .data.rel.ro   0x0000000000225dc0        0x8 build/native///contiki-ng-native.a(rpl-dag.o)

.dynamic        0x0000000000225dc8      0x1f0
 *(.dynamic)
 .dynamic       0x0000000000225dc8      0x1f0 /usr/lib/gcc/x86_64-linux-gnu/6/../../../x86_64-linux-gnu/Scrt1.o
                0x0000000000225dc8                _DYNAMIC

.got            0x0000000000225fb8       0x30
 *(.got)
 .got           0x0000000000225fb8       0x30 /usr/lib/gcc/x86_64-linux-gnu/6/../../../x86_64-linux-gnu/Scrt1.o
 *(.igot)
                0x0000000000225fe8                . = DATA_SEGMENT_RELRO_END (., (SIZEOF (.got.plt) >= 0x18)?0x18:0x0)

.got.plt        0x0000000000226000      0x130
 *(.got.plt)
 .got.plt       0x0000000000226000      0x130 /usr/lib/gcc/x86_64-linux-gnu/6/../../../x86_64-linux-gnu/Scrt1.o
                0x0000000000226000                _GLOBAL_OFFSET_TABLE_
 *(.igot.plt)

.data           0x0000000000226140      0x6d0
 *(.data .data.* .gnu.linkonce.d.*)
 .data          0x0000000000226140        0x4 /usr/lib/gcc/x86_64-linux-gnu/6/../../../x86_64-linux-gnu/Scrt1.o
                0x0000000000226140                data_start
                0x0000000000226140                __data_start
 .data          0x0000000000226144        0x0 /usr/lib/gcc/x86_64-linux-gnu/6/../../../x86_64-linux-gnu/crti.o
 .data          0x0000000000226144        0x0 /usr/lib/gcc/x86_64-linux-gnu/6/crtbeginS.o
 *fill*         0x0000000000226144        0x4 
 .data.rel.local
                0x0000000000226148        0x8 /usr/lib/gcc/x86_64-linux-gnu/6/crtbeginS.o
                0x0000000000226148                __dso_handle
 .data          0x0000000000226150        0x0 coap-example-client.o
 *fill*         0x0000000000226150       0x10 
 .data.rel.local
                0x0000000000226160       0x40 coap-example-client.o
                0x0000000000226160                er_example_client
                0x0000000000226180                service_urls
 .data          0x00000000002261a0        0x0 build/native///contiki-ng-native.a(coap-blocking-a)
 .data          0x00000000002261a0        0x0 build/native///contiki-ng-native.a(coap-transactio)
 .data.rel.local
                0x00000000002261a0       0x20 build/native///contiki-ng-native.a(coap-transactio)
 .data          0x00000000002261c0        0x0 build/native///contiki-ng-native.a(coap.o)
 .data.rel.local
                0x00000000002261c0        0x8 build/native///contiki-ng-native.a(coap.o)
                0x00000000002261c0                coap_error_message
 .data          0x00000000002261c8        0x0 build/native///contiki-ng-native.a(coap-uip.o)
 *fill*         0x00000000002261c8       0x18 
 .data.rel.local
                0x00000000002261e0       0x20 build/native///contiki-ng-native.a(coap-uip.o)
                0x00000000002261e0                coap_engine
 .data          0x0000000000226200        0x0 build/native///contiki-ng-native.a(coap-timer.o)
 .data.rel.local
                0x0000000000226200        0x8 build/native///contiki-ng-native.a(coap-timer.o)
 .data          0x0000000000226208        0x0 build/native///contiki-ng-native.a(contiki-main.o)
 .data          0x0000000000226208        0x0 build/native///contiki-ng-native.a(autostart.o)
 .data          0x0000000000226208        0x0 build/native///contiki-ng-native.a(ctimer.o)
 *fill*         0x0000000000226208       0x18 
 .data.rel.local
                0x0000000000226220       0x40 build/native///contiki-ng-native.a(ctimer.o)
                0x0000000000226240                ctimer_process
 .data          0x0000000000226260        0x4 build/native///contiki-ng-native.a(log.o)
                0x0000000000226260                curr_log_level_main
 *fill*         0x0000000000226264       0x1c 
 .data.rel.local
                0x0000000000226280      0x120 build/native///contiki-ng-native.a(log.o)
                0x0000000000226280                all_modules
 .data          0x00000000002263a0        0x0 build/native///contiki-ng-native.a(energest.o)
 .data          0x00000000002263a0        0x0 build/native///contiki-ng-native.a(etimer.o)
 .data.rel.local
                0x00000000002263a0       0x20 build/native///contiki-ng-native.a(etimer.o)
                0x00000000002263a0                etimer_process
 .data          0x00000000002263c0        0x0 build/native///contiki-ng-native.a(node-id.o)
 .data          0x00000000002263c0        0x0 build/native///contiki-ng-native.a(process.o)
 .data          0x00000000002263c0        0x0 build/native///contiki-ng-native.a(rtimer.o)
 .data          0x00000000002263c0        0x0 build/native///contiki-ng-native.a(timer.o)
 .data          0x00000000002263c0        0x0 build/native///contiki-ng-native.a(list.o)
 .data          0x00000000002263c0        0x0 build/native///contiki-ng-native.a(memb.o)
 .data          0x00000000002263c0        0x0 build/native///contiki-ng-native.a(queuebuf.o)
 .data.rel.local
                0x00000000002263c0       0x38 build/native///contiki-ng-native.a(queuebuf.o)
 .data          0x00000000002263f8        0x0 build/native///contiki-ng-native.a(packetbuf.o)
 .data.rel.local
                0x00000000002263f8        0x8 build/native///contiki-ng-native.a(packetbuf.o)
 .data          0x0000000000226400        0x0 build/native///contiki-ng-native.a(netstack.o)
 .data.rel.local
                0x0000000000226400        0x8 build/native///contiki-ng-native.a(netstack.o)
 .data          0x0000000000226408        0x0 build/native///contiki-ng-native.a(linkaddr.o)
 .data          0x0000000000226408        0x0 build/native///contiki-ng-native.a(nullmac.o)
 .data          0x0000000000226408        0x0 build/native///contiki-ng-native.a(uip-ds6.o)
 .data          0x0000000000226408        0x0 build/native///contiki-ng-native.a(tcpip.o)
 *fill*         0x0000000000226408       0x18 
 .data.rel.local
                0x0000000000226420       0x20 build/native///contiki-ng-native.a(tcpip.o)
                0x0000000000226420                tcpip_process
 .data          0x0000000000226440        0x0 build/native///contiki-ng-native.a(uip-udp-packet.)
 .data          0x0000000000226440        0x0 build/native///contiki-ng-native.a(uip-ds6-route.o)
 .data.rel.local
                0x0000000000226440       0x28 build/native///contiki-ng-native.a(uip-ds6-route.o)
 .data          0x0000000000226468        0x0 build/native///contiki-ng-native.a(uip-ds6-nbr.o)
 *fill*         0x0000000000226468        0x8 
 .data.rel.local
                0x0000000000226470       0x20 build/native///contiki-ng-native.a(uip-ds6-nbr.o)
 .data          0x0000000000226490        0x0 build/native///contiki-ng-native.a(uip6.o)
 .data          0x0000000000226490        0x0 build/native///contiki-ng-native.a(uip-nd6.o)
 .data.rel.local
                0x0000000000226490       0x18 build/native///contiki-ng-native.a(uip-nd6.o)
 .data          0x00000000002264a8        0x0 build/native///contiki-ng-native.a(uiplib.o)
 .data          0x00000000002264a8        0x0 build/native///contiki-ng-native.a(rpl.o)
 .data          0x00000000002264a8        0x0 build/native///contiki-ng-native.a(rpl-dag-root.o)
 .data          0x00000000002264a8        0x8 build/native///contiki-ng-native.a(platform.o)
 .data          0x00000000002264b0        0x0 build/native///contiki-ng-native.a(clock.o)
 *fill*         0x00000000002264b0       0x10 
 .data          0x00000000002264c0       0x44 build/native///contiki-ng-native.a(tun6-net.o)
 *fill*         0x0000000000226504        0x4 
 .data.rel.local
                0x0000000000226508        0x8 build/native///contiki-ng-native.a(tun6-net.o)
 .data          0x0000000000226510        0x0 build/native///contiki-ng-native.a(rtimer-arch.o)
 .data          0x0000000000226510        0x0 build/native///contiki-ng-native.a(watchdog.o)
 .data          0x0000000000226510        0x0 build/native///contiki-ng-native.a(coap-engine.o)
 .data.rel.local
                0x0000000000226510       0x10 build/native///contiki-ng-native.a(coap-engine.o)
 .data          0x0000000000226520        0x0 build/native///contiki-ng-native.a(coap-res-well-k)
 .data.rel.local
                0x0000000000226520       0x48 build/native///contiki-ng-native.a(coap-res-well-k)
                0x0000000000226520                res_well_known_core
 .data          0x0000000000226568        0x0 build/native///contiki-ng-native.a(coap-observe.o)
 *fill*         0x0000000000226568        0x8 
 .data.rel.local
                0x0000000000226570       0x20 build/native///contiki-ng-native.a(coap-observe.o)
 .data          0x0000000000226590        0x0 build/native///contiki-ng-native.a(coap-timer-defa)
 *fill*         0x0000000000226590       0x10 
 .data.rel.local
                0x00000000002265a0       0x20 build/native///contiki-ng-native.a(coap-timer-defa)
                0x00000000002265a0                coap_timer_process
 .data          0x00000000002265c0        0x0 build/native///contiki-ng-native.a(stimer.o)
 .data          0x00000000002265c0        0x0 build/native///contiki-ng-native.a(button-hal.o)
 .data.rel.local
                0x00000000002265c0       0x20 build/native///contiki-ng-native.a(button-hal.o)
                0x00000000002265c0                button_hal_process
 .data          0x00000000002265e0        0x0 build/native///contiki-ng-native.a(serial-line.o)
 .data.rel.local
                0x00000000002265e0       0x20 build/native///contiki-ng-native.a(serial-line.o)
                0x00000000002265e0                serial_line_process
 .data          0x0000000000226600        0x0 build/native///contiki-ng-native.a(leds.o)
 .data          0x0000000000226600        0x0 build/native///contiki-ng-native.a(nullradio.o)
 .data          0x0000000000226600        0x0 build/native///contiki-ng-native.a(gpio-hal.o)
 .data.rel.local
                0x0000000000226600        0x8 build/native///contiki-ng-native.a(gpio-hal.o)
 .data          0x0000000000226608        0x0 build/native///contiki-ng-native.a(random.o)
 .data          0x0000000000226608        0x0 build/native///contiki-ng-native.a(ringbuf.o)
 .data          0x0000000000226608        0x0 build/native///contiki-ng-native.a(nbr-table.o)
 *fill*         0x0000000000226608        0x8 
 .data.rel.local
                0x0000000000226610       0x20 build/native///contiki-ng-native.a(nbr-table.o)
 .data          0x0000000000226630        0x0 build/native///contiki-ng-native.a(link-stats.o)
 .data.rel.local
                0x0000000000226630       0x20 build/native///contiki-ng-native.a(link-stats.o)
 .data          0x0000000000226650        0x0 build/native///contiki-ng-native.a(uipbuf.o)
 .data          0x0000000000226650        0x0 build/native///contiki-ng-native.a(uip-icmp6.o)
 .data.rel.local
                0x0000000000226650       0x48 build/native///contiki-ng-native.a(uip-icmp6.o)
 .data          0x0000000000226698        0x0 build/native///contiki-ng-native.a(uip-sr.o)
 *fill*         0x0000000000226698        0x8 
 .data.rel.local
                0x00000000002266a0       0x28 build/native///contiki-ng-native.a(uip-sr.o)
 .data          0x00000000002266c8        0x0 build/native///contiki-ng-native.a(uip-packetqueue)
 *fill*         0x00000000002266c8        0x8 
 .data.rel.local
                0x00000000002266d0       0x18 build/native///contiki-ng-native.a(uip-packetqueue)
 .data          0x00000000002266e8        0x0 build/native///contiki-ng-native.a(rpl-icmp6.o)
 *fill*         0x00000000002266e8        0x8 
 .data.rel.local
                0x00000000002266f0       0x78 build/native///contiki-ng-native.a(rpl-icmp6.o)
 .data          0x0000000000226768        0x0 build/native///contiki-ng-native.a(rpl-neighbor.o)
 *fill*         0x0000000000226768        0x8 
 .data.rel.local
                0x0000000000226770       0x20 build/native///contiki-ng-native.a(rpl-neighbor.o)
                0x0000000000226788                rpl_neighbors
 .data          0x0000000000226790        0x0 build/native///contiki-ng-native.a(rpl-dag.o)
 .data          0x0000000000226790        0x0 build/native///contiki-ng-native.a(rpl-timers.o)
 .data          0x0000000000226790        0x0 build/native///contiki-ng-native.a(rpl-ext-header.)
 .data          0x0000000000226790        0x0 build/native///contiki-ng-native.a(rpl-nbr-policy.)
 .data          0x0000000000226790        0x0 build/native///contiki-ng-native.a(rpl-mrhof.o)
 *fill*         0x0000000000226790       0x10 
 .data.rel.local
                0x00000000002267a0       0x48 build/native///contiki-ng-native.a(rpl-mrhof.o)
                0x00000000002267a0                rpl_mrhof
 .data          0x00000000002267e8        0x0 build/native///contiki-ng-native.a(buttons.o)
 .data          0x00000000002267e8        0x0 build/native///contiki-ng-native.a(int-master.o)
 .data          0x00000000002267e8        0x0 build/native///contiki-ng-native.a(gpio-hal-arch.o)
 .data          0x00000000002267e8        0x0 build/native///contiki-ng-native.a(coap-observe-cl)
 *fill*         0x00000000002267e8        0x8 
 .data.rel.local
                0x00000000002267f0       0x20 build/native///contiki-ng-native.a(coap-observe-cl)
 .data          0x0000000000226810        0x0 /usr/lib/x86_64-linux-gnu/libc_nonshared.a(elf-init.oS)
 .data          0x0000000000226810        0x0 /usr/lib/x86_64-linux-gnu/libc_nonshared.a(atexit.oS)
 .data          0x0000000000226810        0x0 /usr/lib/gcc/x86_64-linux-gnu/6/crtendS.o
 .data          0x0000000000226810        0x0 /usr/lib/gcc/x86_64-linux-gnu/6/../../../x86_64-linux-gnu/crtn.o

.tm_clone_table
                0x0000000000226810        0x0
 .tm_clone_table
                0x0000000000226810        0x0 /usr/lib/gcc/x86_64-linux-gnu/6/crtbeginS.o
 .tm_clone_table
                0x0000000000226810        0x0 /usr/lib/gcc/x86_64-linux-gnu/6/crtendS.o

.data1
 *(.data1)
                0x0000000000226810                _edata = .
                [!provide]                        PROVIDE (edata, .)
                0x0000000000226810                . = .
                0x0000000000226810                __bss_start = .

.bss            0x0000000000226820     0xeca0
 *(.dynbss)
 .dynbss        0x0000000000226820       0x28 /usr/lib/gcc/x86_64-linux-gnu/6/../../../x86_64-linux-gnu/Scrt1.o
                0x0000000000226820                stdout@@GLIBC_2.2.5
                0x0000000000226840                stderr@@GLIBC_2.2.5
 *(.bss .bss.* .gnu.linkonce.b.*)
 .bss           0x0000000000226848        0x0 /usr/lib/gcc/x86_64-linux-gnu/6/../../../x86_64-linux-gnu/Scrt1.o
 .bss           0x0000000000226848        0x0 /usr/lib/gcc/x86_64-linux-gnu/6/../../../x86_64-linux-gnu/crti.o
 .bss           0x0000000000226848        0x1 /usr/lib/gcc/x86_64-linux-gnu/6/crtbeginS.o
 *fill*         0x0000000000226849       0x17 
 .bss           0x0000000000226860      0x190 coap-example-client.o
 .bss           0x00000000002269f0        0x0 build/native///contiki-ng-native.a(coap-blocking-a)
 *fill*         0x00000000002269f0       0x10 
 .bss           0x0000000000226a00      0x3c8 build/native///contiki-ng-native.a(coap-transactio)
 .bss           0x0000000000226dc8        0x6 build/native///contiki-ng-native.a(coap.o)
                0x0000000000226dc8                coap_status_code
 *fill*         0x0000000000226dce        0x2 
 .bss           0x0000000000226dd0       0x24 build/native///contiki-ng-native.a(coap-uip.o)
 *fill*         0x0000000000226df4        0x4 
 .bss           0x0000000000226df8        0x9 build/native///contiki-ng-native.a(coap-timer.o)
 .bss           0x0000000000226e01        0x0 build/native///contiki-ng-native.a(contiki-main.o)
 .bss           0x0000000000226e01        0x0 build/native///contiki-ng-native.a(autostart.o)
 *fill*         0x0000000000226e01        0x7 
 .bss           0x0000000000226e08        0x9 build/native///contiki-ng-native.a(ctimer.o)
 *fill*         0x0000000000226e11        0x3 
 .bss           0x0000000000226e14       0x28 build/native///contiki-ng-native.a(log.o)
                0x0000000000226e14                curr_log_level_rpl
                0x0000000000226e18                curr_log_level_tcpip
                0x0000000000226e1c                curr_log_level_ipv6
                0x0000000000226e20                curr_log_level_6lowpan
                0x0000000000226e24                curr_log_level_nullnet
                0x0000000000226e28                curr_log_level_mac
                0x0000000000226e2c                curr_log_level_framer
                0x0000000000226e30                curr_log_level_6top
                0x0000000000226e34                curr_log_level_coap
                0x0000000000226e38                curr_log_level_lwm2m
 .bss           0x0000000000226e3c        0x0 build/native///contiki-ng-native.a(energest.o)
 *fill*         0x0000000000226e3c        0x4 
 .bss           0x0000000000226e40       0x10 build/native///contiki-ng-native.a(etimer.o)
 .bss           0x0000000000226e50        0x2 build/native///contiki-ng-native.a(node-id.o)
                0x0000000000226e50                node_id
 *fill*         0x0000000000226e52        0xe 
 .bss           0x0000000000226e60      0x321 build/native///contiki-ng-native.a(process.o)
                0x0000000000226e60                process_list
                0x0000000000226e68                process_current
 *fill*         0x0000000000227181        0x7 
 .bss           0x0000000000227188        0x8 build/native///contiki-ng-native.a(rtimer.o)
 .bss           0x0000000000227190        0x0 build/native///contiki-ng-native.a(timer.o)
 .bss           0x0000000000227190        0x0 build/native///contiki-ng-native.a(list.o)
 .bss           0x0000000000227190        0x0 build/native///contiki-ng-native.a(memb.o)
 *fill*         0x0000000000227190       0x10 
 .bss           0x00000000002271a0     0x2d80 build/native///contiki-ng-native.a(queuebuf.o)
 .bss           0x0000000000229f20       0xa0 build/native///contiki-ng-native.a(packetbuf.o)
 .bss           0x0000000000229fc0        0x8 build/native///contiki-ng-native.a(netstack.o)
 .bss           0x0000000000229fc8        0x0 build/native///contiki-ng-native.a(linkaddr.o)
 .bss           0x0000000000229fc8        0x0 build/native///contiki-ng-native.a(nullmac.o)
 *fill*         0x0000000000229fc8        0x8 
 .bss           0x0000000000229fd0       0x30 build/native///contiki-ng-native.a(uip-ds6.o)
 .bss           0x000000000022a000       0x20 build/native///contiki-ng-native.a(tcpip.o)
 .bss           0x000000000022a020        0x0 build/native///contiki-ng-native.a(uip-udp-packet.)
 .bss           0x000000000022a020       0x80 build/native///contiki-ng-native.a(uip-ds6-route.o)
 .bss           0x000000000022a0a0     0x2580 build/native///contiki-ng-native.a(uip-ds6-nbr.o)
 .bss           0x000000000022c620        0x6 build/native///contiki-ng-native.a(uip6.o)
                0x000000000022c620                uip_ext_bitmap
                0x000000000022c621                uip_ext_len
                0x000000000022c622                uip_last_proto
 *fill*         0x000000000022c626        0x2 
 .bss           0x000000000022c628       0x20 build/native///contiki-ng-native.a(uip-nd6.o)
 .bss           0x000000000022c648        0x0 build/native///contiki-ng-native.a(uiplib.o)
 .bss           0x000000000022c648        0x1 build/native///contiki-ng-native.a(rpl.o)
 *fill*         0x000000000022c649        0x7 
 .bss           0x000000000022c650       0x11 build/native///contiki-ng-native.a(rpl-dag-root.o)
 *fill*         0x000000000022c661       0x1f 
 .bss           0x000000000022c680       0x80 build/native///contiki-ng-native.a(platform.o)
                0x000000000022c680                contiki_argc
 .bss           0x000000000022c700        0x0 build/native///contiki-ng-native.a(clock.o)
 .bss           0x000000000022c700        0x0 build/native///contiki-ng-native.a(tun6-net.o)
 .bss           0x000000000022c700        0x0 build/native///contiki-ng-native.a(rtimer-arch.o)
 .bss           0x000000000022c700        0x0 build/native///contiki-ng-native.a(watchdog.o)
 .bss           0x000000000022c700      0x220 build/native///contiki-ng-native.a(coap-engine.o)
 .bss           0x000000000022c920        0x0 build/native///contiki-ng-native.a(coap-res-well-k)
 .bss           0x000000000022c920      0x160 build/native///contiki-ng-native.a(coap-observe.o)
 .bss           0x000000000022ca80       0x48 build/native///contiki-ng-native.a(coap-timer-defa)
 .bss           0x000000000022cac8        0x0 build/native///contiki-ng-native.a(stimer.o)
 *fill*         0x000000000022cac8        0x8 
 .bss           0x000000000022cad0       0x28 build/native///contiki-ng-native.a(button-hal.o)
 *fill*         0x000000000022caf8        0x8 
 .bss           0x000000000022cb00      0x140 build/native///contiki-ng-native.a(serial-line.o)
 .bss           0x000000000022cc40        0x8 build/native///contiki-ng-native.a(leds.o)
 .bss           0x000000000022cc48        0x0 build/native///contiki-ng-native.a(nullradio.o)
 .bss           0x000000000022cc48        0x8 build/native///contiki-ng-native.a(gpio-hal.o)
 .bss           0x000000000022cc50        0x0 build/native///contiki-ng-native.a(random.o)
 .bss           0x000000000022cc50        0x0 build/native///contiki-ng-native.a(ringbuf.o)
 *fill*         0x000000000022cc50       0x10 
 .bss           0x000000000022cc60     0x16e8 build/native///contiki-ng-native.a(nbr-table.o)
 *fill*         0x000000000022e348       0x18 
 .bss           0x000000000022e360     0x12c0 build/native///contiki-ng-native.a(link-stats.o)
 .bss           0x000000000022f620       0x1c build/native///contiki-ng-native.a(uipbuf.o)
 *fill*         0x000000000022f63c        0x4 
 .bss           0x000000000022f640       0x20 build/native///contiki-ng-native.a(uip-icmp6.o)
 .bss           0x000000000022f660     0x3040 build/native///contiki-ng-native.a(uip-sr.o)
 .bss           0x00000000002326a0      0xad0 build/native///contiki-ng-native.a(uip-packetqueue)
 .bss           0x0000000000233170        0x0 build/native///contiki-ng-native.a(rpl-icmp6.o)
 *fill*         0x0000000000233170       0x10 
 .bss           0x0000000000233180     0x12c0 build/native///contiki-ng-native.a(rpl-neighbor.o)
 .bss           0x0000000000234440        0x0 build/native///contiki-ng-native.a(rpl-dag.o)
 .bss           0x0000000000234440       0x80 build/native///contiki-ng-native.a(rpl-timers.o)
 .bss           0x00000000002344c0        0x0 build/native///contiki-ng-native.a(rpl-ext-header.)
 .bss           0x00000000002344c0       0x12 build/native///contiki-ng-native.a(rpl-nbr-policy.)
 .bss           0x00000000002344d2        0x0 build/native///contiki-ng-native.a(rpl-mrhof.o)
 *fill*         0x00000000002344d2        0x6 
 .bss           0x00000000002344d8        0x8 build/native///contiki-ng-native.a(buttons.o)
                0x00000000002344d8                button_hal_buttons
 .bss           0x00000000002344e0        0x4 build/native///contiki-ng-native.a(int-master.o)
 *fill*         0x00000000002344e4       0x1c 
 .bss           0x0000000000234500       0xa0 build/native///contiki-ng-native.a(gpio-hal-arch.o)
 .bss           0x00000000002345a0      0x281 build/native///contiki-ng-native.a(coap-observe-cl)
 .bss           0x0000000000234821        0x0 /usr/lib/x86_64-linux-gnu/libc_nonshared.a(elf-init.oS)
 .bss           0x0000000000234821        0x0 /usr/lib/x86_64-linux-gnu/libc_nonshared.a(atexit.oS)
 .bss           0x0000000000234821        0x0 /usr/lib/gcc/x86_64-linux-gnu/6/crtendS.o
 .bss           0x0000000000234821        0x0 /usr/lib/gcc/x86_64-linux-gnu/6/../../../x86_64-linux-gnu/crtn.o
 *(COMMON)
 *fill*         0x0000000000234821       0x1f 
 COMMON         0x0000000000234840       0xe8 build/native///contiki-ng-native.a(contiki-main.o)
                0x0000000000234840                eb_per_time_source
                0x0000000000234880                unicast_per_neighbor_rpl_storing
                0x00000000002348c0                unicast_per_neighbor_rpl_ns
                0x0000000000234900                default_common
 *fill*         0x0000000000234928        0x8 
 COMMON         0x0000000000234930       0x30 build/native///contiki-ng-native.a(packetbuf.o)
                0x0000000000234930                packetbuf_attrs
                0x0000000000234950                packetbuf_addrs
 COMMON         0x0000000000234960        0x8 build/native///contiki-ng-native.a(linkaddr.o)
                0x0000000000234960                linkaddr_node_addr
 *fill*         0x0000000000234968       0x18 
 COMMON         0x0000000000234980      0x1c1 build/native///contiki-ng-native.a(uip-ds6.o)
                0x0000000000234980                uip_ds6_prefix_list
                0x00000000002349e0                uip_ds6_timer_periodic
                0x0000000000234a00                uip_ds6_netif_addr_list_offset
                0x0000000000234a20                uip_ds6_if
                0x0000000000234b30                uip_ds6_timer_ra
                0x0000000000234b40                uip_ds6_addr_size
 COMMON         0x0000000000234b41        0x1 build/native///contiki-ng-native.a(tcpip.o)
                0x0000000000234b41                tcpip_event
 *fill*         0x0000000000234b42       0x1e 
 COMMON         0x0000000000234b60      0x690 build/native///contiki-ng-native.a(uip6.o)
                0x0000000000234b60                uip_slen
                0x0000000000234b68                uip_lladdr
                0x0000000000234b70                uip_appdata
                0x0000000000234b78                uip_flags
                0x0000000000234b80                uip_aligned_buf
                0x0000000000235080                uip_len
                0x0000000000235088                uip_sappdata
                0x00000000002350a0                uip_udp_conns
                0x00000000002351e0                uip_udp_conn
                0x00000000002351e8                uip_conn
 COMMON         0x00000000002351f0       0x10 build/native///contiki-ng-native.a(rpl.o)
                0x00000000002351f0                rpl_multicast_addr
 COMMON         0x0000000000235200        0x8 build/native///contiki-ng-native.a(platform.o)
                0x0000000000235200                contiki_argv
 COMMON         0x0000000000235208        0x3 build/native///contiki-ng-native.a(button-hal.o)
                0x0000000000235208                button_hal_periodic_event
                0x0000000000235209                button_hal_press_event
                0x000000000023520a                button_hal_release_event
 COMMON         0x000000000023520b        0x1 build/native///contiki-ng-native.a(serial-line.o)
                0x000000000023520b                serial_line_event_message
 *fill*         0x000000000023520c       0x14 
 COMMON         0x0000000000235220       0x40 build/native///contiki-ng-native.a(link-stats.o)
                0x0000000000235220                periodic_timer
 COMMON         0x0000000000235260      0x260 build/native///contiki-ng-native.a(rpl-dag.o)
                0x0000000000235260                curr_instance
                0x00000000002354c0                . = ALIGN ((. != 0x0)?0x8:0x1)

.lbss
 *(.dynlbss)
 *(.lbss .lbss.* .gnu.linkonce.lb.*)
 *(LARGE_COMMON)
                0x00000000002354c0                . = ALIGN (0x8)
                0x00000000002354c0                . = SEGMENT_START ("ldata-segment", .)

.lrodata
 *(.lrodata .lrodata.* .gnu.linkonce.lr.*)

.ldata          0x00000000006354c0        0x0
 *(.ldata .ldata.* .gnu.linkonce.l.*)
                0x00000000006354c0                . = ALIGN ((. != 0x0)?0x8:0x1)
                0x00000000006354c0                . = ALIGN (0x8)