Archive member included to satisfy reference by file (symbol)

/home/aghiles/Aghiles/Program/boards/riot/javascript/bin/native/application_riot_javascript.a(main.o)
                              /usr/lib/gcc/x86_64-linux-gnu/6/../../../../lib32/Scrt1.o (main)
/home/aghiles/Aghiles/Program/boards/riot/javascript/bin/native/board.a(board_init.o)
                              /home/aghiles/Aghiles/Program/boards/riot/javascript/bin/native/cpu/startup.o (board_init)
/home/aghiles/Aghiles/Program/boards/riot/javascript/bin/native/core.a(kernel_init.o)
                              /home/aghiles/Aghiles/Program/boards/riot/javascript/bin/native/cpu/startup.o (kernel_init)
/home/aghiles/Aghiles/Program/boards/riot/javascript/bin/native/core.a(assert.o)
                              /home/aghiles/Aghiles/Program/boards/riot/javascript/bin/native/cpu/startup.o (_assert_failure)
/home/aghiles/Aghiles/Program/boards/riot/javascript/bin/native/core.a(thread.o)
                              /home/aghiles/Aghiles/Program/boards/riot/javascript/bin/native/core.a(kernel_init.o) (thread_create)
/home/aghiles/Aghiles/Program/boards/riot/javascript/bin/native/core.a(panic.o)
                              /home/aghiles/Aghiles/Program/boards/riot/javascript/bin/native/core.a(assert.o) (assert_crash_message)
/home/aghiles/Aghiles/Program/boards/riot/javascript/bin/native/core.a(sched.o)
                              /home/aghiles/Aghiles/Program/boards/riot/javascript/bin/native/core.a(thread.o) (sched_num_threads)
/home/aghiles/Aghiles/Program/boards/riot/javascript/bin/native/cpu.a(syscalls.o)
                              /home/aghiles/Aghiles/Program/boards/riot/javascript/bin/native/cpu/startup.o (real_exit)
/home/aghiles/Aghiles/Program/boards/riot/javascript/bin/native/cpu.a(irq_cpu.o)
                              /home/aghiles/Aghiles/Program/boards/riot/javascript/bin/native/cpu.a(syscalls.o) (native_interrupts_enabled)
/home/aghiles/Aghiles/Program/boards/riot/javascript/bin/native/cpu.a(native_cpu.o)
                              /home/aghiles/Aghiles/Program/boards/riot/javascript/bin/native/core.a(thread.o) (thread_stack_init)
/home/aghiles/Aghiles/Program/boards/riot/javascript/bin/native/cpu.a(tramp.o)
                              /home/aghiles/Aghiles/Program/boards/riot/javascript/bin/native/cpu.a(irq_cpu.o) (_native_sig_leave_tramp)
/home/aghiles/Aghiles/Program/boards/riot/javascript/bin/native/jerryscript.a(jerry.c.obj)
                              /home/aghiles/Aghiles/Program/boards/riot/javascript/bin/native/application_riot_javascript.a(main.o) (jerry_init)
/home/aghiles/Aghiles/Program/boards/riot/javascript/bin/native/jerryscript.a(ecma-gc.c.obj)
                              /home/aghiles/Aghiles/Program/boards/riot/javascript/bin/native/jerryscript.a(jerry.c.obj) (ecma_gc_run)
/home/aghiles/Aghiles/Program/boards/riot/javascript/bin/native/jerryscript.a(ecma-helpers-conversion.c.obj)
                              /home/aghiles/Aghiles/Program/boards/riot/javascript/bin/native/jerryscript.a(jerry.c.obj) (ecma_number_to_uint32)
/home/aghiles/Aghiles/Program/boards/riot/javascript/bin/native/jerryscript.a(ecma-helpers-errol.c.obj)
                              /home/aghiles/Aghiles/Program/boards/riot/javascript/bin/native/jerryscript.a(ecma-helpers-conversion.c.obj) (ecma_errol0_dtoa)
/home/aghiles/Aghiles/Program/boards/riot/javascript/bin/native/jerryscript.a(ecma-helpers-external-pointers.c.obj)
                              /home/aghiles/Aghiles/Program/boards/riot/javascript/bin/native/jerryscript.a(jerry.c.obj) (ecma_create_native_handle_property)
/home/aghiles/Aghiles/Program/boards/riot/javascript/bin/native/jerryscript.a(ecma-helpers-number.c.obj)
                              /home/aghiles/Aghiles/Program/boards/riot/javascript/bin/native/jerryscript.a(ecma-helpers-conversion.c.obj) (ecma_number_is_nan)
/home/aghiles/Aghiles/Program/boards/riot/javascript/bin/native/jerryscript.a(ecma-helpers-string.c.obj)
                              /home/aghiles/Aghiles/Program/boards/riot/javascript/bin/native/jerryscript.a(jerry.c.obj) (ecma_new_ecma_string_from_uint32)
/home/aghiles/Aghiles/Program/boards/riot/javascript/bin/native/jerryscript.a(ecma-helpers-value.c.obj)
                              /home/aghiles/Aghiles/Program/boards/riot/javascript/bin/native/jerryscript.a(jerry.c.obj) (ecma_is_value_undefined)
/home/aghiles/Aghiles/Program/boards/riot/javascript/bin/native/jerryscript.a(ecma-helpers-values-collection.c.obj)
                              /home/aghiles/Aghiles/Program/boards/riot/javascript/bin/native/jerryscript.a(jerry.c.obj) (ecma_free_values_collection)
/home/aghiles/Aghiles/Program/boards/riot/javascript/bin/native/jerryscript.a(ecma-helpers.c.obj)
                              /home/aghiles/Aghiles/Program/boards/riot/javascript/bin/native/jerryscript.a(jerry.c.obj) (ecma_is_lexical_environment)
[...]
Memory Configuration

Name             Origin             Length             Attributes
*default*        0x0000000000000000 0xffffffffffffffff

Linker script and memory map

LOAD /usr/lib/gcc/x86_64-linux-gnu/6/../../../../lib32/Scrt1.o
LOAD /usr/lib/gcc/x86_64-linux-gnu/6/../../../../lib32/crti.o
LOAD /usr/lib/gcc/x86_64-linux-gnu/6/32/crtbeginS.o
LOAD /home/aghiles/Aghiles/Program/boards/riot/javascript/bin/native/cpu/startup.o
START GROUP
LOAD /home/aghiles/Aghiles/Program/boards/riot/javascript/bin/native/application_riot_javascript.a
LOAD /home/aghiles/Aghiles/Program/boards/riot/javascript/bin/native/auto_init.a
LOAD /home/aghiles/Aghiles/Program/boards/riot/javascript/bin/native/board.a
LOAD /home/aghiles/Aghiles/Program/boards/riot/javascript/bin/native/core.a
LOAD /home/aghiles/Aghiles/Program/boards/riot/javascript/bin/native/cpu.a
LOAD /home/aghiles/Aghiles/Program/boards/riot/javascript/bin/native/jerryport-minimal.a
LOAD /home/aghiles/Aghiles/Program/boards/riot/javascript/bin/native/jerryscript.a
LOAD /home/aghiles/Aghiles/Program/boards/riot/javascript/bin/native/jerryscript-ext.a
LOAD /home/aghiles/Aghiles/Program/boards/riot/javascript/bin/native/native-drivers.a
LOAD /home/aghiles/Aghiles/Program/boards/riot/javascript/bin/native/periph.a
LOAD /home/aghiles/Aghiles/Program/boards/riot/javascript/bin/native/sys.a
LOAD /home/aghiles/Aghiles/Program/boards/riot/javascript/bin/native/periph_common.a
LOAD /usr/lib/gcc/x86_64-linux-gnu/6/../../../../lib32/libm.so
END GROUP
LOAD /usr/lib/gcc/x86_64-linux-gnu/6/../../../../lib32/libdl.so
LOAD /usr/lib/gcc/x86_64-linux-gnu/6/32/libgcc.a
LOAD /usr/lib/gcc/x86_64-linux-gnu/6/32/libgcc_s.so
START GROUP
LOAD /usr/lib/gcc/x86_64-linux-gnu/6/32/libgcc_s.so.1
LOAD /usr/lib/gcc/x86_64-linux-gnu/6/32/libgcc.a
END GROUP
LOAD /usr/lib/gcc/x86_64-linux-gnu/6/../../../../lib32/libc.so
START GROUP
LOAD /lib32/libc.so.6
LOAD /usr/lib32/libc_nonshared.a
LOAD /lib32/ld-linux.so.2
END GROUP
LOAD /usr/lib/gcc/x86_64-linux-gnu/6/32/libgcc.a
LOAD /usr/lib/gcc/x86_64-linux-gnu/6/32/libgcc_s.so
START GROUP
LOAD /usr/lib/gcc/x86_64-linux-gnu/6/32/libgcc_s.so.1
LOAD /usr/lib/gcc/x86_64-linux-gnu/6/32/libgcc.a
END GROUP
LOAD /usr/lib/gcc/x86_64-linux-gnu/6/32/crtendS.o
LOAD /usr/lib/gcc/x86_64-linux-gnu/6/../../../../lib32/crtn.o
                [!provide]                        PROVIDE (__executable_start, SEGMENT_START ("text-segment", 0x0))
                0x0000000000000154                . = (SEGMENT_START ("text-segment", 0x0) + SIZEOF_HEADERS)

.interp         0x0000000000000154       0x13
 *(.interp)
 .interp        0x0000000000000154       0x13 /usr/lib/gcc/x86_64-linux-gnu/6/../../../../lib32/Scrt1.o

.note.ABI-tag   0x0000000000000168       0x20
 .note.ABI-tag  0x0000000000000168       0x20 /usr/lib/gcc/x86_64-linux-gnu/6/../../../../lib32/Scrt1.o

.note.gnu.build-id
                0x0000000000000188       0x24
 *(.note.gnu.build-id)
 .note.gnu.build-id
                0x0000000000000188       0x24 /usr/lib/gcc/x86_64-linux-gnu/6/../../../../lib32/Scrt1.o

.hash
 *(.hash)

.gnu.hash       0x00000000000001ac       0xd4
 *(.gnu.hash)
 .gnu.hash      0x00000000000001ac       0xd4 /usr/lib/gcc/x86_64-linux-gnu/6/../../../../lib32/Scrt1.o

.dynsym         0x0000000000000280      0x510
 *(.dynsym)
 .dynsym        0x0000000000000280      0x510 /usr/lib/gcc/x86_64-linux-gnu/6/../../../../lib32/Scrt1.o

.dynstr         0x0000000000000790      0x2e5
 *(.dynstr)
 .dynstr        0x0000000000000790      0x2e5 /usr/lib/gcc/x86_64-linux-gnu/6/../../../../lib32/Scrt1.o

.gnu.version    0x0000000000000a76       0xa2
 *(.gnu.version)
 .gnu.version   0x0000000000000a76       0xa2 /usr/lib/gcc/x86_64-linux-gnu/6/../../../../lib32/Scrt1.o

.gnu.version_d  0x0000000000000b18        0x0
 *(.gnu.version_d)
 .gnu.version_d
                0x0000000000000b18        0x0 /usr/lib/gcc/x86_64-linux-gnu/6/../../../../lib32/Scrt1.o

.gnu.version_r  0x0000000000000b18       0x90
 *(.gnu.version_r)
 .gnu.version_r
                0x0000000000000b18       0x90 /usr/lib/gcc/x86_64-linux-gnu/6/../../../../lib32/Scrt1.o

.rel.dyn        0x0000000000000ba8      0xd30
 *(.rel.init)
 *(.rel.text .rel.text.* .rel.gnu.linkonce.t.*)
 .rel.text.core_panic
                0x0000000000000ba8        0x0 /usr/lib/gcc/x86_64-linux-gnu/6/../../../../lib32/Scrt1.o
 .rel.text      0x0000000000000ba8       0x38 /usr/lib/gcc/x86_64-linux-gnu/6/../../../../lib32/Scrt1.o
 *(.rel.fini)
 *(.rel.rodata .rel.rodata.* .rel.gnu.linkonce.r.*)
 *(.rel.data.rel.ro .rel.data.rel.ro.* .rel.gnu.linkonce.d.rel.ro.*)
 .rel.data.rel.ro
                0x0000000000000be0        0x0 /usr/lib/gcc/x86_64-linux-gnu/6/../../../../lib32/Scrt1.o
 .rel.data.rel.ro.local.long_opts
                0x0000000000000be0       0x40 /usr/lib/gcc/x86_64-linux-gnu/6/../../../../lib32/Scrt1.o
 .rel.data.rel.ro.ecma_builtin_property_list_references
                0x0000000000000c20      0x110 /usr/lib/gcc/x86_64-linux-gnu/6/../../../../lib32/Scrt1.o
 .rel.data.rel.ro.ecma_builtin_construct_functions
                0x0000000000000d30       0x88 /usr/lib/gcc/x86_64-linux-gnu/6/../../../../lib32/Scrt1.o
 .rel.data.rel.ro.ecma_builtin_call_functions
                0x0000000000000db8       0x88 /usr/lib/gcc/x86_64-linux-gnu/6/../../../../lib32/Scrt1.o
 .rel.data.rel.ro.ecma_builtin_routines
                0x0000000000000e40      0x110 /usr/lib/gcc/x86_64-linux-gnu/6/../../../../lib32/Scrt1.o
 .rel.data.rel.ro.local.lit_magic_strings.3206
                0x0000000000000f50      0x6b0 /usr/lib/gcc/x86_64-linux-gnu/6/../../../../lib32/Scrt1.o
 .rel.data.rel.ro.local.day_names_p.3776
                0x0000000000001600       0x38 /usr/lib/gcc/x86_64-linux-gnu/6/../../../../lib32/Scrt1.o
 .rel.data.rel.ro.local.month_names_p.3777
                0x0000000000001638       0x60 /usr/lib/gcc/x86_64-linux-gnu/6/../../../../lib32/Scrt1.o
 .rel.data.rel.ro.local.keyword_string_list
                0x0000000000001698       0x48 /usr/lib/gcc/x86_64-linux-gnu/6/../../../../lib32/Scrt1.o
 .rel.data.rel.ro.local.keyword_length_10
                0x00000000000016e0       0x10 /usr/lib/gcc/x86_64-linux-gnu/6/../../../../lib32/Scrt1.o
 .rel.data.rel.ro.local.keyword_length_9
                0x00000000000016f0       0x10 /usr/lib/gcc/x86_64-linux-gnu/6/../../../../lib32/Scrt1.o
 .rel.data.rel.ro.local.keyword_length_8
                0x0000000000001700       0x18 /usr/lib/gcc/x86_64-linux-gnu/6/../../../../lib32/Scrt1.o
 .rel.data.rel.ro.local.keyword_length_7
                0x0000000000001718       0x28 /usr/lib/gcc/x86_64-linux-gnu/6/../../../../lib32/Scrt1.o
 .rel.data.rel.ro.local.keyword_length_6
                0x0000000000001740       0x40 /usr/lib/gcc/x86_64-linux-gnu/6/../../../../lib32/Scrt1.o
 .rel.data.rel.ro.local.keyword_length_5
                0x0000000000001780       0x48 /usr/lib/gcc/x86_64-linux-gnu/6/../../../../lib32/Scrt1.o
 .rel.data.rel.ro.local.keyword_length_4
                0x00000000000017c8       0x40 /usr/lib/gcc/x86_64-linux-gnu/6/../../../../lib32/Scrt1.o
 .rel.data.rel.ro.local.keyword_length_3
                0x0000000000001808       0x28 /usr/lib/gcc/x86_64-linux-gnu/6/../../../../lib32/Scrt1.o
 .rel.data.rel.ro.local.keyword_length_2
                0x0000000000001830       0x18 /usr/lib/gcc/x86_64-linux-gnu/6/../../../../lib32/Scrt1.o
 *(.rel.data .rel.data.* .rel.gnu.linkonce.d.*)
 .rel.data.rel.local
                0x0000000000001848        0x8 /usr/lib/gcc/x86_64-linux-gnu/6/../../../../lib32/Scrt1.o
 .rel.data.rel.local.main_name
                0x0000000000001850        0x8 /usr/lib/gcc/x86_64-linux-gnu/6/../../../../lib32/Scrt1.o
 .rel.data.rel.local.idle_name
                0x0000000000001858        0x8 /usr/lib/gcc/x86_64-linux-gnu/6/../../../../lib32/Scrt1.o
 *(.rel.tdata .rel.tdata.* .rel.gnu.linkonce.td.*)
 *(.rel.tbss .rel.tbss.* .rel.gnu.linkonce.tb.*)
 *(.rel.ctors)
 *(.rel.dtors)
 *(.rel.got)
 .rel.got       0x0000000000001860       0x60 /usr/lib/gcc/x86_64-linux-gnu/6/../../../../lib32/Scrt1.o
 *(.rel.bss .rel.bss.* .rel.gnu.linkonce.b.*)
 .rel.bss       0x00000000000018c0        0x0 /usr/lib/gcc/x86_64-linux-gnu/6/../../../../lib32/Scrt1.o
 *(.rel.ifunc)
 .rel.fini_array
                0x00000000000018c0        0x8 /usr/lib/gcc/x86_64-linux-gnu/6/../../../../lib32/Scrt1.o
 .rel.init_array
                0x00000000000018c8       0x10 /usr/lib/gcc/x86_64-linux-gnu/6/../../../../lib32/Scrt1.o

.rel.plt        0x00000000000018d8      0x180
 *(.rel.plt)
 .rel.plt       0x00000000000018d8      0x180 /usr/lib/gcc/x86_64-linux-gnu/6/../../../../lib32/Scrt1.o
                [!provide]                        PROVIDE (__rel_iplt_start, .)
 *(.rel.iplt)
                [!provide]                        PROVIDE (__rel_iplt_end, .)

.init           0x0000000000001a58       0x23
 *(SORT(.init))
 .init          0x0000000000001a58       0x1e /usr/lib/gcc/x86_64-linux-gnu/6/../../../../lib32/crti.o
                0x0000000000001a58                _init
 .init          0x0000000000001a76        0x5 /usr/lib/gcc/x86_64-linux-gnu/6/../../../../lib32/crtn.o

.plt            0x0000000000001a80      0x310
 *(.plt)
 .plt           0x0000000000001a80      0x310 /usr/lib/gcc/x86_64-linux-gnu/6/../../../../lib32/Scrt1.o
 *(.iplt)

.plt.got        0x0000000000001d90       0x10
 *(.plt.got)
 .plt.got       0x0000000000001d90       0x10 /usr/lib/gcc/x86_64-linux-gnu/6/../../../../lib32/Scrt1.o

.text           0x0000000000001da0    0x2d6c4
 *(.text.unlikely .text.*_unlikely .text.unlikely.*)
 *(.text.exit .text.exit.*)
 *(.text.startup .text.startup.*)
 .text.startup  0x0000000000001da0      0x315 /home/aghiles/Aghiles/Program/boards/riot/javascript/bin/native/cpu/startup.o
 *(.text.hot .text.hot.*)
 .text.hot.jmem_heap_alloc_block_internal
                0x00000000000020b5       0xfc /home/aghiles/Aghiles/Program/boards/riot/javascript/bin/native/jerryscript.a(jmem-heap.c.obj)
 .text.hot.jmem_heap_alloc_block
                0x00000000000021b1        0xe /home/aghiles/Aghiles/Program/boards/riot/javascript/bin/native/jerryscript.a(jmem-heap.c.obj)
                0x00000000000021b1                jmem_heap_alloc_block
 .text.hot.jmem_heap_alloc_block_null_on_error
                0x00000000000021bf       0x11 /home/aghiles/Aghiles/Program/boards/riot/javascript/bin/native/jerryscript.a(jmem-heap.c.obj)
                0x00000000000021bf                jmem_heap_alloc_block_null_on_error
 .text.hot.jmem_heap_free_block
                0x00000000000021d0       0xb0 /home/aghiles/Aghiles/Program/boards/riot/javascript/bin/native/jerryscript.a(jmem-heap.c.obj)
                0x00000000000021d0                jmem_heap_free_block
 .text.hot.jmem_pools_alloc
                0x0000000000002280       0x3c /home/aghiles/Aghiles/Program/boards/riot/javascript/bin/native/jerryscript.a(jmem-poolman.c.obj)
                0x0000000000002280                jmem_pools_alloc
 .text.hot.jmem_pools_free
                0x00000000000022bc       0x26 /home/aghiles/Aghiles/Program/boards/riot/javascript/bin/native/jerryscript.a(jmem-poolman.c.obj)
                0x00000000000022bc                jmem_pools_free
 *(.text .stub .text.* .gnu.linkonce.t.*)
 .text          0x00000000000022e2       0x36 /usr/lib/gcc/x86_64-linux-gnu/6/../../../../lib32/Scrt1.o
                0x00000000000022e2                _start
 *fill*         0x0000000000002318        0x8 
 .gnu.linkonce.t.__x86.get_pc_thunk.bx
                0x0000000000002320        0x4 /usr/lib/gcc/x86_64-linux-gnu/6/../../../../lib32/crti.o
                0x0000000000002320                __x86.get_pc_thunk.bx
 *fill*         0x0000000000002324        0xc 
 .text          0x0000000000002330      0x11c /usr/lib/gcc/x86_64-linux-gnu/6/32/crtbeginS.o
 .text.__x86.get_pc_thunk.dx
                0x000000000000244c        0x4 /usr/lib/gcc/x86_64-linux-gnu/6/32/crtbeginS.o
                0x000000000000244c                __x86.get_pc_thunk.dx
 .text._native_input
                0x0000000000002450       0x9c /home/aghiles/Aghiles/Program/boards/riot/javascript/bin/native/cpu/startup.o
                0x0000000000002450                _native_input
 .text._native_log_output
                0x00000000000024ec      0x162 /home/aghiles/Aghiles/Program/boards/riot/javascript/bin/native/cpu/startup.o
                0x00000000000024ec                _native_log_output
 .text.daemonize
                0x000000000000264e      0x106 /home/aghiles/Aghiles/Program/boards/riot/javascript/bin/native/cpu/startup.o
                0x000000000000264e                daemonize
 .text.filter_daemonize_argv
                0x0000000000002754       0xba /home/aghiles/Aghiles/Program/boards/riot/javascript/bin/native/cpu/startup.o
 .text.usage_exit
                0x000000000000280e       0x9d /home/aghiles/Aghiles/Program/boards/riot/javascript/bin/native/cpu/startup.o
                0x000000000000280e                usage_exit
 .text.js_run   0x00000000000028ab       0xfb /home/aghiles/Aghiles/Program/boards/riot/javascript/bin/native/application_riot_javascript.a(main.o)
                0x00000000000028ab                js_run
 .text.main     0x00000000000029a6       0xa4 /home/aghiles/Aghiles/Program/boards/riot/javascript/bin/native/application_riot_javascript.a(main.o)
                0x00000000000029a6                main
 .text.board_init
                0x0000000000002a4a       0x50 /home/aghiles/Aghiles/Program/boards/riot/javascript/bin/native/board.a(board_init.o)
                0x0000000000002a4a                board_init
 .text.main_trampoline
                0x0000000000002a9a       0x5a /home/aghiles/Aghiles/Program/boards/riot/javascript/bin/native/core.a(kernel_init.o)
 .text.idle_thread
                0x0000000000002af4       0x2a /home/aghiles/Aghiles/Program/boards/riot/javascript/bin/native/core.a(kernel_init.o)
 .text.kernel_init
                0x0000000000002b1e       0x7d /home/aghiles/Aghiles/Program/boards/riot/javascript/bin/native/core.a(kernel_init.o)
                0x0000000000002b1e                kernel_init
 .text._assert_failure
                0x0000000000002b9b       0x52 /home/aghiles/Aghiles/Program/boards/riot/javascript/bin/native/core.a(assert.o)
                0x0000000000002b9b                _assert_failure
 .text.cib_init
                0x0000000000002bed       0x8b /home/aghiles/Aghiles/Program/boards/riot/javascript/bin/native/core.a(thread.o)
 .text.thread_create
                0x0000000000002c78      0x272 /home/aghiles/Aghiles/Program/boards/riot/javascript/bin/native/core.a(thread.o)
                0x0000000000002c78                thread_create
 .text.__x86.get_pc_thunk.ax
                0x0000000000002eea        0x4 /home/aghiles/Aghiles/Program/boards/riot/javascript/bin/native/core.a(thread.o)
                0x0000000000002eea                __x86.get_pc_thunk.ax
 .text.panic_arch
                0x0000000000002eee       0x2f /home/aghiles/Aghiles/Program/boards/riot/javascript/bin/native/core.a(panic.o)
                0x0000000000002eee                panic_arch
 .text.core_panic
                0x0000000000002f1d       0x8f /home/aghiles/Aghiles/Program/boards/riot/javascript/bin/native/core.a(panic.o)
                0x0000000000002f1d                core_panic
 .text.bitarithm_lsb
                0x0000000000002fac       0x51 /home/aghiles/Aghiles/Program/boards/riot/javascript/bin/native/core.a(sched.o)
 .text.clist_rpush
                0x0000000000002ffd       0x6c /home/aghiles/Aghiles/Program/boards/riot/javascript/bin/native/core.a(sched.o)
 .text.clist_lpop
                0x0000000000003069       0x72 /home/aghiles/Aghiles/Program/boards/riot/javascript/bin/native/core.a(sched.o)
 .text.sched_run
                0x00000000000030db       0xbd /home/aghiles/Aghiles/Program/boards/riot/javascript/bin/native/core.a(sched.o)
                0x00000000000030db                sched_run
 .text.sched_set_status
                0x0000000000003198      0x11f /home/aghiles/Aghiles/Program/boards/riot/javascript/bin/native/core.a(sched.o)
                0x0000000000003198                sched_set_status
 .text.sched_switch
                0x00000000000032b7       0x90 /home/aghiles/Aghiles/Program/boards/riot/javascript/bin/native/core.a(sched.o)
                0x00000000000032b7                sched_switch
 .text.sched_task_exit
                0x0000000000003347       0x67 /home/aghiles/Aghiles/Program/boards/riot/javascript/bin/native/core.a(sched.o)
                0x0000000000003347                sched_task_exit
 .text._native_syscall_enter
                0x00000000000033ae       0x43 /home/aghiles/Aghiles/Program/boards/riot/javascript/bin/native/cpu.a(syscalls.o)
                0x00000000000033ae                _native_syscall_enter
 .text._native_syscall_leave
                0x00000000000033f1      0x137 /home/aghiles/Aghiles/Program/boards/riot/javascript/bin/native/cpu.a(syscalls.o)
                0x00000000000033f1                _native_syscall_leave
 .text.malloc   0x0000000000003528       0xa8 /home/aghiles/Aghiles/Program/boards/riot/javascript/bin/native/cpu.a(syscalls.o)
                0x0000000000003528                malloc
 .text.free     0x00000000000035d0       0x55 /home/aghiles/Aghiles/Program/boards/riot/javascript/bin/native/cpu.a(syscalls.o)
                0x00000000000035d0                free
 .text.calloc   0x0000000000003625       0xb1 /home/aghiles/Aghiles/Program/boards/riot/javascript/bin/native/cpu.a(syscalls.o)
                0x0000000000003625                calloc
 .text.realloc  0x00000000000036d6       0x63 /home/aghiles/Aghiles/Program/boards/riot/javascript/bin/native/cpu.a(syscalls.o)
                0x00000000000036d6                realloc
 .text._native_write
                0x0000000000003739       0x6c /home/aghiles/Aghiles/Program/boards/riot/javascript/bin/native/cpu.a(syscalls.o)
                0x0000000000003739                _native_write
 .text.putchar  0x00000000000037a5       0x4c /home/aghiles/Aghiles/Program/boards/riot/javascript/bin/native/cpu.a(syscalls.o)
                0x00000000000037a5                putchar
 .text.puts     0x00000000000037f1       0x6d /home/aghiles/Aghiles/Program/boards/riot/javascript/bin/native/cpu.a(syscalls.o)
                0x00000000000037f1                puts
 .text.make_message
                0x000000000000385e       0xd8 /home/aghiles/Aghiles/Program/boards/riot/javascript/bin/native/cpu.a(syscalls.o)
                0x000000000000385e                make_message
 .text.printf   0x0000000000003936       0x5c /home/aghiles/Aghiles/Program/boards/riot/javascript/bin/native/cpu.a(syscalls.o)
                0x0000000000003936                printf
 .text.vprintf  0x0000000000003992       0x55 /home/aghiles/Aghiles/Program/boards/riot/javascript/bin/native/cpu.a(syscalls.o)
                0x0000000000003992                vprintf
 .text.fprintf  0x00000000000039e7       0x5b /home/aghiles/Aghiles/Program/boards/riot/javascript/bin/native/cpu.a(syscalls.o)
                0x00000000000039e7                fprintf
 .text.vfprintf
                0x0000000000003a42       0xb5 /home/aghiles/Aghiles/Program/boards/riot/javascript/bin/native/cpu.a(syscalls.o)
                0x0000000000003a42                vfprintf
 .text.vwarn    0x0000000000003af7      0x14e /home/aghiles/Aghiles/Program/boards/riot/javascript/bin/native/cpu.a(syscalls.o)
                0x0000000000003af7                vwarn
 .text.vwarnx   0x0000000000003c45      0x103 /home/aghiles/Aghiles/Program/boards/riot/javascript/bin/native/cpu.a(syscalls.o)
                0x0000000000003c45                vwarnx
 .text.verr     0x0000000000003d48       0x4e /home/aghiles/Aghiles/Program/boards/riot/javascript/bin/native/cpu.a(syscalls.o)
                0x0000000000003d48                verr
 .text.verrx    0x0000000000003d96       0x4e /home/aghiles/Aghiles/Program/boards/riot/javascript/bin/native/cpu.a(syscalls.o)
                0x0000000000003d96                verrx
 .text.warn     0x0000000000003de4       0x4d /home/aghiles/Aghiles/Program/boards/riot/javascript/bin/native/cpu.a(syscalls.o)
                0x0000000000003de4                warn
 .text.warnx    0x0000000000003e31       0x4d /home/aghiles/Aghiles/Program/boards/riot/javascript/bin/native/cpu.a(syscalls.o)
                0x0000000000003e31                warnx
 .text.err      0x0000000000003e7e       0x3f /home/aghiles/Aghiles/Program/boards/riot/javascript/bin/native/cpu.a(syscalls.o)
                0x0000000000003e7e                err
 .text.errx     0x0000000000003ebd       0x3f /home/aghiles/Aghiles/Program/boards/riot/javascript/bin/native/cpu.a(syscalls.o)
                0x0000000000003ebd                errx
 .text.getpid   0x0000000000003efc       0x46 /home/aghiles/Aghiles/Program/boards/riot/javascript/bin/native/cpu.a(syscalls.o)
                0x0000000000003efc                getpid
 .text._native_init_syscalls
                0x0000000000003f42      0x5af /home/aghiles/Aghiles/Program/boards/riot/javascript/bin/native/cpu.a(syscalls.o)
                0x0000000000003f42                _native_init_syscalls
 .text.irq_disable
                0x00000000000044f1       0x85 /home/aghiles/Aghiles/Program/boards/riot/javascript/bin/native/cpu.a(irq_cpu.o)
                0x00000000000044f1                irq_disable
 .text.irq_enable
                0x0000000000004576       0xa5 /home/aghiles/Aghiles/Program/boards/riot/javascript/bin/native/cpu.a(irq_cpu.o)
                0x0000000000004576                irq_enable
 .text.irq_restore
                0x000000000000461b       0x47 /home/aghiles/Aghiles/Program/boards/riot/javascript/bin/native/cpu.a(irq_cpu.o)
                0x000000000000461b                irq_restore
 .text.irq_is_in
                0x0000000000004662       0x35 /home/aghiles/Aghiles/Program/boards/riot/javascript/bin/native/cpu.a(irq_cpu.o)
                0x0000000000004662                irq_is_in
 .text._native_popsig
                0x0000000000004697       0x9f /home/aghiles/Aghiles/Program/boards/riot/javascript/bin/native/cpu.a(irq_cpu.o)
                0x0000000000004697                _native_popsig
 .text.native_irq_handler
                0x0000000000004736       0x8f /home/aghiles/Aghiles/Program/boards/riot/javascript/bin/native/cpu.a(irq_cpu.o)
                0x0000000000004736                native_irq_handler
 .text.isr_set_sigmask
                0x00000000000047c5       0x60 /home/aghiles/Aghiles/Program/boards/riot/javascript/bin/native/cpu.a(irq_cpu.o)
                0x00000000000047c5                isr_set_sigmask
 .text.native_isr_entry
                0x0000000000004825      0x18f /home/aghiles/Aghiles/Program/boards/riot/javascript/bin/native/cpu.a(irq_cpu.o)
                0x0000000000004825                native_isr_entry
 .text.native_shutdown
                0x00000000000049b4       0x4e /home/aghiles/Aghiles/Program/boards/riot/javascript/bin/native/cpu.a(irq_cpu.o)
 .text.native_interrupt_init
                0x0000000000004a02      0x3fe /home/aghiles/Aghiles/Program/boards/riot/javascript/bin/native/cpu.a(irq_cpu.o)
                0x0000000000004a02                native_interrupt_init
 .text._native_mod_ctx_leave_sigh
                0x0000000000004e00       0x54 /home/aghiles/Aghiles/Program/boards/riot/javascript/bin/native/cpu.a(native_cpu.o)
 .text.thread_stack_init
                0x0000000000004e54      0x10d /home/aghiles/Aghiles/Program/boards/riot/javascript/bin/native/cpu.a(native_cpu.o)
                0x0000000000004e54                thread_stack_init
 .text.isr_cpu_switch_context_exit
                0x0000000000004f61       0x97 /home/aghiles/Aghiles/Program/boards/riot/javascript/bin/native/cpu.a(native_cpu.o)
                0x0000000000004f61                isr_cpu_switch_context_exit
 .text.cpu_switch_context_exit
                0x0000000000004ff8       0xd1 /home/aghiles/Aghiles/Program/boards/riot/javascript/bin/native/cpu.a(native_cpu.o)
                0x0000000000004ff8                cpu_switch_context_exit
 .text.isr_thread_yield
                0x00000000000050c9       0x95 /home/aghiles/Aghiles/Program/boards/riot/javascript/bin/native/cpu.a(native_cpu.o)
                0x00000000000050c9                isr_thread_yield
 .text.thread_yield_higher
                0x000000000000515e      0x100 /home/aghiles/Aghiles/Program/boards/riot/javascript/bin/native/cpu.a(native_cpu.o)
                0x000000000000515e                thread_yield_higher
 .text.native_cpu_init
                0x000000000000525e       0xb1 /home/aghiles/Aghiles/Program/boards/riot/javascript/bin/native/cpu.a(native_cpu.o)
                0x000000000000525e                native_cpu_init
 .text          0x000000000000530f       0x3f /home/aghiles/Aghiles/Program/boards/riot/javascript/bin/native/cpu.a(tramp.o)
                0x000000000000530f                _native_sig_leave_tramp
                0x000000000000533d                _native_sig_leave_handler
 .text.jerry_return
                0x000000000000534e       0x1e /home/aghiles/Aghiles/Program/boards/riot/javascript/bin/native/jerryscript.a(jerry.c.obj)
 .text.jerry_init
                0x000000000000536c       0x48 /home/aghiles/Aghiles/Program/boards/riot/javascript/bin/native/jerryscript.a(jerry.c.obj)
                0x000000000000536c                jerry_init
 .text.jerry_cleanup
                0x00000000000053b4       0x92 /home/aghiles/Aghiles/Program/boards/riot/javascript/bin/native/jerryscript.a(jerry.c.obj)
                0x00000000000053b4                jerry_cleanup
 .text.jerry_parse
                0x0000000000005446       0x6e /home/aghiles/Aghiles/Program/boards/riot/javascript/bin/native/jerryscript.a(jerry.c.obj)
                0x0000000000005446                jerry_parse
 .text.jerry_run
                0x00000000000054b4       0x95 /home/aghiles/Aghiles/Program/boards/riot/javascript/bin/native/jerryscript.a(jerry.c.obj)
                0x00000000000054b4                jerry_run
 .text.jerry_get_global_object
                0x0000000000005549       0x29 /home/aghiles/Aghiles/Program/boards/riot/javascript/bin/native/jerryscript.a(jerry.c.obj)
                0x0000000000005549                jerry_get_global_object
 .text.jerry_value_is_error
                0x0000000000005572       0x22 /home/aghiles/Aghiles/Program/boards/riot/javascript/bin/native/jerryscript.a(jerry.c.obj)
                0x0000000000005572                jerry_value_is_error
 .text.jerry_value_is_undefined
                0x0000000000005594       0x22 /home/aghiles/Aghiles/Program/boards/riot/javascript/bin/native/jerryscript.a(jerry.c.obj)
                0x0000000000005594                jerry_value_is_undefined
 .text.jerry_value_to_string
                0x00000000000055b6       0x53 /home/aghiles/Aghiles/Program/boards/riot/javascript/bin/native/jerryscript.a(jerry.c.obj)
                0x00000000000055b6                jerry_value_to_string
 .text.jerry_release_value
                0x0000000000005609       0x49 /home/aghiles/Aghiles/Program/boards/riot/javascript/bin/native/jerryscript.a(jerry.c.obj)
                0x0000000000005609                jerry_release_value
 .text.jerry_create_external_function
                0x0000000000005652       0x2a /home/aghiles/Aghiles/Program/boards/riot/javascript/bin/native/jerryscript.a(jerry.c.obj)
                0x0000000000005652                jerry_create_external_function
 .text.jerry_create_undefined
                0x000000000000567c        0xa /home/aghiles/Aghiles/Program/boards/riot/javascript/bin/native/jerryscript.a(jerry.c.obj)
                0x000000000000567c                jerry_create_undefined
 .text.jerry_create_string_sz
                0x0000000000005686       0x2d /home/aghiles/Aghiles/Program/boards/riot/javascript/bin/native/jerryscript.a(jerry.c.obj)
                0x0000000000005686                jerry_create_string_sz
 .text.jerry_create_string
                0x00000000000056b3       0x2c /home/aghiles/Aghiles/Program/boards/riot/javascript/bin/native/jerryscript.a(jerry.c.obj)
                0x00000000000056b3                jerry_create_string
 .text.jerry_substring_to_utf8_char_buffer
                0x00000000000056df       0x54 /home/aghiles/Aghiles/Program/boards/riot/javascript/bin/native/jerryscript.a(jerry.c.obj)
                0x00000000000056df                jerry_substring_to_utf8_char_buffer
 .text.jerry_set_property
                0x0000000000005733       0x98 /home/aghiles/Aghiles/Program/boards/riot/javascript/bin/native/jerryscript.a(jerry.c.obj)
                0x0000000000005733                jerry_set_property
 .text.ecma_gc_set_object_visited.isra.1
                0x00000000000057cb       0x14 /home/aghiles/Aghiles/Program/boards/riot/javascript/bin/native/jerryscript.a(ecma-gc.c.obj)
 .text.ecma_gc_get_object_next.isra.3
                0x00000000000057df       0x2d /home/aghiles/Aghiles/Program/boards/riot/javascript/bin/native/jerryscript.a(ecma-gc.c.obj)
 .text.ecma_gc_mark_property
                0x000000000000580c       0x9b /home/aghiles/Aghiles/Program/boards/riot/javascript/bin/native/jerryscript.a(ecma-gc.c.obj)
 .text.ecma_gc_mark
                0x00000000000058a7      0x18b /home/aghiles/Aghiles/Program/boards/riot/javascript/bin/native/jerryscript.a(ecma-gc.c.obj)
 .text.ecma_init_gc_info
                0x0000000000005a32       0x5d /home/aghiles/Aghiles/Program/boards/riot/javascript/bin/native/jerryscript.a(ecma-gc.c.obj)
                0x0000000000005a32                ecma_init_gc_info
 .text.ecma_ref_object
                0x0000000000005a8f       0x31 /home/aghiles/Aghiles/Program/boards/riot/javascript/bin/native/jerryscript.a(ecma-gc.c.obj)
                0x0000000000005a8f                ecma_ref_object
 .text.ecma_deref_object
                0x0000000000005ac0        0xc /home/aghiles/Aghiles/Program/boards/riot/javascript/bin/native/jerryscript.a(ecma-gc.c.obj)
                0x0000000000005ac0                ecma_deref_object
 .text.ecma_gc_run
                0x0000000000005acc      0x497 /home/aghiles/Aghiles/Program/boards/riot/javascript/bin/native/jerryscript.a(ecma-gc.c.obj)
                0x0000000000005acc                ecma_gc_run
 .text.ecma_free_unused_memory
                0x0000000000005f63       0x89 /home/aghiles/Aghiles/Program/boards/riot/javascript/bin/native/jerryscript.a(ecma-gc.c.obj)
                0x0000000000005f63                ecma_free_unused_memory
 .text.ecma_utf8_string_to_number
                0x0000000000005fec      0xa36 /home/aghiles/Aghiles/Program/boards/riot/javascript/bin/native/jerryscript.a(ecma-helpers-conversion.c.obj)
                0x0000000000005fec                ecma_utf8_string_to_number
 .text.ecma_uint32_to_utf8_string
                0x0000000000006a22       0x51 /home/aghiles/Aghiles/Program/boards/riot/javascript/bin/native/jerryscript.a(ecma-helpers-conversion.c.obj)
                0x0000000000006a22                ecma_uint32_to_utf8_string
 .text.ecma_number_to_uint32
                0x0000000000006a73      0x116 /home/aghiles/Aghiles/Program/boards/riot/javascript/bin/native/jerryscript.a(ecma-helpers-conversion.c.obj)
                0x0000000000006a73                ecma_number_to_uint32
 .text.ecma_number_to_int32
                0x0000000000006b89        0x9 /home/aghiles/Aghiles/Program/boards/riot/javascript/bin/native/jerryscript.a(ecma-helpers-conversion.c.obj)
                0x0000000000006b89                ecma_number_to_int32
 .text.ecma_number_to_decimal
                0x0000000000006b92       0x26 /home/aghiles/Aghiles/Program/boards/riot/javascript/bin/native/jerryscript.a(ecma-helpers-conversion.c.obj)
                0x0000000000006b92                ecma_number_to_decimal
 .text.ecma_number_to_binary_floating_point_number
                0x0000000000006bb8      0x279 /home/aghiles/Aghiles/Program/boards/riot/javascript/bin/native/jerryscript.a(ecma-helpers-conversion.c.obj)
                0x0000000000006bb8                ecma_number_to_binary_floating_point_number
 .text.ecma_number_to_utf8_string
                0x0000000000006e31      0x215 /home/aghiles/Aghiles/Program/boards/riot/javascript/bin/native/jerryscript.a(ecma-helpers-conversion.c.obj)
                0x0000000000006e31                ecma_number_to_utf8_string
 .text.ecma_divide_high_prec_by_10
                0x0000000000007046       0x6d /home/aghiles/Aghiles/Program/boards/riot/javascript/bin/native/jerryscript.a(ecma-helpers-errol.c.obj)
 .text.ecma_errol0_dtoa
                0x00000000000070b3      0x5b3 /home/aghiles/Aghiles/Program/boards/riot/javascript/bin/native/jerryscript.a(ecma-helpers-errol.c.obj)
                0x00000000000070b3                ecma_errol0_dtoa
 .text.ecma_free_native_pointer
                0x0000000000007666       0x2c /home/aghiles/Aghiles/Program/boards/riot/javascript/bin/native/jerryscript.a(ecma-helpers-external-pointers.c.obj)
                0x0000000000007666                ecma_free_native_pointer
 .text.ecma_number_is_nan
                0x0000000000007692        0xd /home/aghiles/Aghiles/Program/boards/riot/javascript/bin/native/jerryscript.a(ecma-helpers-number.c.obj)
                0x0000000000007692                ecma_number_is_nan
 .text.ecma_number_make_nan
                0x000000000000769f       0x1b /home/aghiles/Aghiles/Program/boards/riot/javascript/bin/native/jerryscript.a(ecma-helpers-number.c.obj)
                0x000000000000769f                ecma_number_make_nan
 .text.ecma_number_make_infinity
                0x00000000000076ba       0x27 /home/aghiles/Aghiles/Program/boards/riot/javascript/bin/native/jerryscript.a(ecma-helpers-number.c.obj)
                0x00000000000076ba                ecma_number_make_infinity
 .text.ecma_number_is_negative
                0x00000000000076e1        0xb /home/aghiles/Aghiles/Program/boards/riot/javascript/bin/native/jerryscript.a(ecma-helpers-number.c.obj)
                0x00000000000076e1                ecma_number_is_negative
 .text.ecma_number_is_zero
                0x00000000000076ec       0x16 /home/aghiles/Aghiles/Program/boards/riot/javascript/bin/native/jerryscript.a(ecma-helpers-number.c.obj)
                0x00000000000076ec                ecma_number_is_zero
 .text.ecma_number_is_infinity
                0x0000000000007702       0x27 /home/aghiles/Aghiles/Program/boards/riot/javascript/bin/native/jerryscript.a(ecma-helpers-number.c.obj)
                0x0000000000007702                ecma_number_is_infinity
 .text.ecma_number_make_from_sign_mantissa_and_exponent
                0x0000000000007729       0xde /home/aghiles/Aghiles/Program/boards/riot/javascript/bin/native/jerryscript.a(ecma-helpers-number.c.obj)
                0x0000000000007729                ecma_number_make_from_sign_mantissa_and_exponent
 .text.ecma_number_trunc
                0x0000000000007807       0xab /home/aghiles/Aghiles/Program/boards/riot/javascript/bin/native/jerryscript.a(ecma-helpers-number.c.obj)
                0x0000000000007807                ecma_number_trunc
 .text.ecma_number_calc_remainder
                0x00000000000078b2       0x58 /home/aghiles/Aghiles/Program/boards/riot/javascript/bin/native/jerryscript.a(ecma-helpers-number.c.obj)
                0x00000000000078b2                ecma_number_calc_remainder
 .text.ecma_integer_multiply
                0x000000000000790a       0x4d /home/aghiles/Aghiles/Program/boards/riot/javascript/bin/native/jerryscript.a(ecma-helpers-number.c.obj)
                0x000000000000790a                ecma_integer_multiply
 .text.ecma_compare_ecma_strings_longpath
                0x0000000000007957       0x54 /home/aghiles/Aghiles/Program/boards/riot/javascript/bin/native/jerryscript.a(ecma-helpers-string.c.obj)
 .text.ecma_string_to_array_index.part.0
                0x00000000000079ab       0x89 /home/aghiles/Aghiles/Program/boards/riot/javascript/bin/native/jerryscript.a(ecma-helpers-string.c.obj)
 .text.ecma_new_ecma_string_from_magic_string_ex_id
                0x0000000000007a34       0x3c /home/aghiles/Aghiles/Program/boards/riot/javascript/bin/native/jerryscript.a(ecma-helpers-string.c.obj)
 .text.ecma_string_get_ascii_size
                0x0000000000007a70       0xac /home/aghiles/Aghiles/Program/boards/riot/javascript/bin/native/jerryscript.a(ecma-helpers-string.c.obj)
 .text.ecma_string_get_chars_fast
                0x0000000000007b1c       0x92 /home/aghiles/Aghiles/Program/boards/riot/javascript/bin/native/jerryscript.a(ecma-helpers-string.c.obj)
 .text.ecma_new_ecma_string_from_uint32
                0x0000000000007bae       0x3a /home/aghiles/Aghiles/Program/boards/riot/javascript/bin/native/jerryscript.a(ecma-helpers-string.c.obj)
                0x0000000000007bae                ecma_new_ecma_string_from_uint32
 .text.ecma_new_ecma_string_from_utf8
                0x0000000000007be8      0x13d /home/aghiles/Aghiles/Program/boards/riot/javascript/bin/native/jerryscript.a(ecma-helpers-string.c.obj)
                0x0000000000007be8                ecma_new_ecma_string_from_utf8
 .text.ecma_new_ecma_string_from_utf8_converted_to_cesu8
                0x0000000000007d25      0x1cb /home/aghiles/Aghiles/Program/boards/riot/javascript/bin/native/jerryscript.a(ecma-helpers-string.c.obj)
                0x0000000000007d25                ecma_new_ecma_string_from_utf8_converted_to_cesu8
 .text.ecma_new_ecma_string_from_code_unit
                0x0000000000007ef0       0x31 /home/aghiles/Aghiles/Program/boards/riot/javascript/bin/native/jerryscript.a(ecma-helpers-string.c.obj)
                0x0000000000007ef0                ecma_new_ecma_string_from_code_unit
 .text.ecma_get_ecma_string_from_uint32
                0x0000000000007f21        0xe /home/aghiles/Aghiles/Program/boards/riot/javascript/bin/native/jerryscript.a(ecma-helpers-string.c.obj)
                0x0000000000007f21                ecma_get_ecma_string_from_uint32
 .text.ecma_new_ecma_string_from_number
                0x0000000000007f2f      0x10f /home/aghiles/Aghiles/Program/boards/riot/javascript/bin/native/jerryscript.a(ecma-helpers-string.c.obj)
                0x0000000000007f2f                ecma_new_ecma_string_from_number
 .text.ecma_get_magic_string
                0x000000000000803e        0xe /home/aghiles/Aghiles/Program/boards/riot/javascript/bin/native/jerryscript.a(ecma-helpers-string.c.obj)
                0x000000000000803e                ecma_get_magic_string
 .text.ecma_ref_ecma_string
                0x000000000000804c       0x37 /home/aghiles/Aghiles/Program/boards/riot/javascript/bin/native/jerryscript.a(ecma-helpers-string.c.obj)
                0x000000000000804c                ecma_ref_ecma_string
 .text.ecma_deref_ecma_string
                0x0000000000008083       0x76 /home/aghiles/Aghiles/Program/boards/riot/javascript/bin/native/jerryscript.a(ecma-helpers-string.c.obj)
                0x0000000000008083                ecma_deref_ecma_string
 .text.ecma_append_chars_to_string
                0x00000000000080f9      0x2fe /home/aghiles/Aghiles/Program/boards/riot/javascript/bin/native/jerryscript.a(ecma-helpers-string.c.obj)
                0x00000000000080f9                ecma_append_chars_to_string
 .text.ecma_concat_ecma_strings
                0x00000000000083f7      0x113 /home/aghiles/Aghiles/Program/boards/riot/javascript/bin/native/jerryscript.a(ecma-helpers-string.c.obj)
                0x00000000000083f7                ecma_concat_ecma_strings
 .text.ecma_append_magic_string_to_string
                0x000000000000850a       0x50 /home/aghiles/Aghiles/Program/boards/riot/javascript/bin/native/jerryscript.a(ecma-helpers-string.c.obj)
                0x000000000000850a                ecma_append_magic_string_to_string
 .text.ecma_string_to_number
                0x000000000000855a       0x73 /home/aghiles/Aghiles/Program/boards/riot/javascript/bin/native/jerryscript.a(ecma-helpers-string.c.obj)
                0x000000000000855a                ecma_string_to_number
 .text.ecma_string_get_array_index
                0x00000000000085cd       0x33 /home/aghiles/Aghiles/Program/boards/riot/javascript/bin/native/jerryscript.a(ecma-helpers-string.c.obj)
                0x00000000000085cd                ecma_string_get_array_index
 .text.ecma_string_copy_to_cesu8_buffer
                0x0000000000008600       0x6b /home/aghiles/Aghiles/Program/boards/riot/javascript/bin/native/jerryscript.a(ecma-helpers-string.c.obj)
                0x0000000000008600                ecma_string_copy_to_cesu8_buffer
 .text.ecma_string_to_utf8_bytes
                0x000000000000866b        0x9 /home/aghiles/Aghiles/Program/boards/riot/javascript/bin/native/jerryscript.a(ecma-helpers-string.c.obj)
                0x000000000000866b                ecma_string_to_utf8_bytes
 .text.ecma_string_get_chars
                0x0000000000008674      0x1cc /home/aghiles/Aghiles/Program/boards/riot/javascript/bin/native/jerryscript.a(ecma-helpers-string.c.obj)
                0x0000000000008674                ecma_string_get_chars
 .text.ecma_compare_ecma_string_to_magic_id
                0x0000000000008840       0x14 /home/aghiles/Aghiles/Program/boards/riot/javascript/bin/native/jerryscript.a(ecma-helpers-string.c.obj)
                0x0000000000008840                ecma_compare_ecma_string_to_magic_id
 .text.ecma_string_is_empty
                0x0000000000008854        0xc /home/aghiles/Aghiles/Program/boards/riot/javascript/bin/native/jerryscript.a(ecma-helpers-string.c.obj)
                0x0000000000008854                ecma_string_is_empty
 .text.ecma_string_is_length
                0x0000000000008860        0xf /home/aghiles/Aghiles/Program/boards/riot/javascript/bin/native/jerryscript.a(ecma-helpers-string.c.obj)
                0x0000000000008860                ecma_string_is_length
 .text.ecma_string_to_property_name
                0x000000000000886f       0x4f /home/aghiles/Aghiles/Program/boards/riot/javascript/bin/native/jerryscript.a(ecma-helpers-string.c.obj)
                0x000000000000886f                ecma_string_to_property_name
 .text.ecma_string_from_property_name
                0x00000000000088be       0x51 /home/aghiles/Aghiles/Program/boards/riot/javascript/bin/native/jerryscript.a(ecma-helpers-string.c.obj)
                0x00000000000088be                ecma_string_from_property_name
 .text.ecma_string_get_property_name_hash
                0x000000000000890f       0x42 /home/aghiles/Aghiles/Program/boards/riot/javascript/bin/native/jerryscript.a(ecma-helpers-string.c.obj)
                0x000000000000890f                ecma_string_get_property_name_hash
 .text.ecma_string_get_property_index
                0x0000000000008951       0x6a /home/aghiles/Aghiles/Program/boards/riot/javascript/bin/native/jerryscript.a(ecma-helpers-string.c.obj)
                0x0000000000008951                ecma_string_get_property_index
 .text.ecma_compare_ecma_strings
                0x00000000000089bb       0x51 /home/aghiles/Aghiles/Program/boards/riot/javascript/bin/native/jerryscript.a(ecma-helpers-string.c.obj)
                0x00000000000089bb                ecma_compare_ecma_strings
 .text.ecma_compare_ecma_non_direct_strings
                0x0000000000008a0c       0x49 /home/aghiles/Aghiles/Program/boards/riot/javascript/bin/native/jerryscript.a(ecma-helpers-string.c.obj)
                0x0000000000008a0c                ecma_compare_ecma_non_direct_strings
 .text.ecma_compare_ecma_strings_relational
                0x0000000000008a55      0x12d /home/aghiles/Aghiles/Program/boards/riot/javascript/bin/native/jerryscript.a(ecma-helpers-string.c.obj)
                0x0000000000008a55                ecma_compare_ecma_strings_relational
 .text.ecma_string_get_length
                0x0000000000008b82       0x81 /home/aghiles/Aghiles/Program/boards/riot/javascript/bin/native/jerryscript.a(ecma-helpers-string.c.obj)
                0x0000000000008b82                ecma_string_get_length
 .text.ecma_string_get_utf8_length
                0x0000000000008c03       0x9a /home/aghiles/Aghiles/Program/boards/riot/javascript/bin/native/jerryscript.a(ecma-helpers-string.c.obj)
                0x0000000000008c03                ecma_string_get_utf8_length
 .text.ecma_substring_copy_to_utf8_buffer
                0x0000000000008c9d      0x201 /home/aghiles/Aghiles/Program/boards/riot/javascript/bin/native/jerryscript.a(ecma-helpers-string.c.obj)
                0x0000000000008c9d                ecma_substring_copy_to_utf8_buffer
 .text.ecma_string_get_size
                0x0000000000008e9e       0x5e /home/aghiles/Aghiles/Program/boards/riot/javascript/bin/native/jerryscript.a(ecma-helpers-string.c.obj)
                0x0000000000008e9e                ecma_string_get_size
 .text.ecma_string_get_char_at_pos
                0x0000000000008efc       0x6c /home/aghiles/Aghiles/Program/boards/riot/javascript/bin/native/jerryscript.a(ecma-helpers-string.c.obj)
                0x0000000000008efc                ecma_string_get_char_at_pos
 .text.ecma_get_string_magic
                0x0000000000008f68       0x1b /home/aghiles/Aghiles/Program/boards/riot/javascript/bin/native/jerryscript.a(ecma-helpers-string.c.obj)
                0x0000000000008f68                ecma_get_string_magic
 .text.ecma_string_hash
                0x0000000000008f83       0x27 /home/aghiles/Aghiles/Program/boards/riot/javascript/bin/native/jerryscript.a(ecma-helpers-string.c.obj)
                0x0000000000008f83                ecma_string_hash
 .text.ecma_string_substr
                0x0000000000008faa       0xcc /home/aghiles/Aghiles/Program/boards/riot/javascript/bin/native/jerryscript.a(ecma-helpers-string.c.obj)
                0x0000000000008faa                ecma_string_substr
 .text.ecma_string_trim
                0x0000000000009076      0x11d /home/aghiles/Aghiles/Program/boards/riot/javascript/bin/native/jerryscript.a(ecma-helpers-string.c.obj)
                0x0000000000009076                ecma_string_trim
 .text.ecma_is_value_direct
                0x0000000000009193        0xc /home/aghiles/Aghiles/Program/boards/riot/javascript/bin/native/jerryscript.a(ecma-helpers-value.c.obj)
                0x0000000000009193                ecma_is_value_direct
 .text.ecma_is_value_simple
                0x000000000000919f       0x11 /home/aghiles/Aghiles/Program/boards/riot/javascript/bin/native/jerryscript.a(ecma-helpers-value.c.obj)
                0x000000000000919f                ecma_is_value_simple
 .text.ecma_is_value_empty
                0x00000000000091b0        0xc /home/aghiles/Aghiles/Program/boards/riot/javascript/bin/native/jerryscript.a(ecma-helpers-value.c.obj)
                0x00000000000091b0                ecma_is_value_empty
 .text.ecma_is_value_undefined
                0x00000000000091bc        0xc /home/aghiles/Aghiles/Program/boards/riot/javascript/bin/native/jerryscript.a(ecma-helpers-value.c.obj)
                0x00000000000091bc                ecma_is_value_undefined
 .text.ecma_is_value_null
                0x00000000000091c8        0xc /home/aghiles/Aghiles/Program/boards/riot/javascript/bin/native/jerryscript.a(ecma-helpers-value.c.obj)
                0x00000000000091c8                ecma_is_value_null
 .text.ecma_is_value_boolean
                0x00000000000091d4       0x11 /home/aghiles/Aghiles/Program/boards/riot/javascript/bin/native/jerryscript.a(ecma-helpers-value.c.obj)
                0x00000000000091d4                ecma_is_value_boolean
 .text.ecma_is_value_true
                0x00000000000091e5        0xc /home/aghiles/Aghiles/Program/boards/riot/javascript/bin/native/jerryscript.a(ecma-helpers-value.c.obj)
                0x00000000000091e5                ecma_is_value_true
 .text.ecma_is_value_false
                0x00000000000091f1        0xc /home/aghiles/Aghiles/Program/boards/riot/javascript/bin/native/jerryscript.a(ecma-helpers-value.c.obj)
                0x00000000000091f1                ecma_is_value_false
 .text.ecma_is_value_found
                0x00000000000091fd        0xc /home/aghiles/Aghiles/Program/boards/riot/javascript/bin/native/jerryscript.a(ecma-helpers-value.c.obj)
                0x00000000000091fd                ecma_is_value_found
 .text.ecma_is_value_array_hole
                0x0000000000009209        0xc /home/aghiles/Aghiles/Program/boards/riot/javascript/bin/native/jerryscript.a(ecma-helpers-value.c.obj)
                0x0000000000009209                ecma_is_value_array_hole
 .text.ecma_is_value_integer_number
                0x0000000000009215        0xc /home/aghiles/Aghiles/Program/boards/riot/javascript/bin/native/jerryscript.a(ecma-helpers-value.c.obj)
                0x0000000000009215                ecma_is_value_integer_number
 .text.ecma_are_values_integer_numbers
                0x0000000000009221       0x10 /home/aghiles/Aghiles/Program/boards/riot/javascript/bin/native/jerryscript.a(ecma-helpers-value.c.obj)
                0x0000000000009221                ecma_are_values_integer_numbers
 .text.ecma_is_value_float_number
                0x0000000000009231       0x11 /home/aghiles/Aghiles/Program/boards/riot/javascript/bin/native/jerryscript.a(ecma-helpers-value.c.obj)
                0x0000000000009231                ecma_is_value_float_number
 .text.ecma_is_value_number
                0x0000000000009242       0x18 /home/aghiles/Aghiles/Program/boards/riot/javascript/bin/native/jerryscript.a(ecma-helpers-value.c.obj)
                0x0000000000009242                ecma_is_value_number
 .text.ecma_is_value_string
                0x000000000000925a        0xf /home/aghiles/Aghiles/Program/boards/riot/javascript/bin/native/jerryscript.a(ecma-helpers-value.c.obj)
                0x000000000000925a                ecma_is_value_string
 .text.ecma_is_value_object
                0x0000000000009269       0x11 /home/aghiles/Aghiles/Program/boards/riot/javascript/bin/native/jerryscript.a(ecma-helpers-value.c.obj)
                0x0000000000009269                ecma_is_value_object
 .text.ecma_is_value_error_reference
                0x000000000000927a       0x11 /home/aghiles/Aghiles/Program/boards/riot/javascript/bin/native/jerryscript.a(ecma-helpers-value.c.obj)
                0x000000000000927a                ecma_is_value_error_reference
 .text.ecma_is_value_collection_chunk
                0x000000000000928b       0x11 /home/aghiles/Aghiles/Program/boards/riot/javascript/bin/native/jerryscript.a(ecma-helpers-value.c.obj)
                0x000000000000928b                ecma_is_value_collection_chunk
 .text.ecma_check_value_type_is_spec_defined
                0x000000000000929c        0x5 /home/aghiles/Aghiles/Program/boards/riot/javascript/bin/native/jerryscript.a(ecma-helpers-value.c.obj)
                0x000000000000929c                ecma_check_value_type_is_spec_defined
 .text.ecma_make_boolean_value
                0x00000000000092a1       0x11 /home/aghiles/Aghiles/Program/boards/riot/javascript/bin/native/jerryscript.a(ecma-helpers-value.c.obj)
                0x00000000000092a1                ecma_make_boolean_value
 .text.ecma_make_integer_value
                0x00000000000092b2        0xb /home/aghiles/Aghiles/Program/boards/riot/javascript/bin/native/jerryscript.a(ecma-helpers-value.c.obj)
                0x00000000000092b2                ecma_make_integer_value
 .text.ecma_make_nan_value
                0x00000000000092bd       0x2d /home/aghiles/Aghiles/Program/boards/riot/javascript/bin/native/jerryscript.a(ecma-helpers-value.c.obj)
                0x00000000000092bd                ecma_make_nan_value
 .text.ecma_make_number_value
                0x00000000000092ea       0x7a /home/aghiles/Aghiles/Program/boards/riot/javascript/bin/native/jerryscript.a(ecma-helpers-value.c.obj)
                0x00000000000092ea                ecma_make_number_value
 .text.ecma_make_int32_value
                0x0000000000009364       0x38 /home/aghiles/Aghiles/Program/boards/riot/javascript/bin/native/jerryscript.a(ecma-helpers-value.c.obj)
                0x0000000000009364                ecma_make_int32_value
 .text.ecma_make_uint32_value
                0x000000000000939c       0x43 /home/aghiles/Aghiles/Program/boards/riot/javascript/bin/native/jerryscript.a(ecma-helpers-value.c.obj)
                0x000000000000939c                ecma_make_uint32_value
 .text.ecma_make_string_value
                0x00000000000093df       0x13 /home/aghiles/Aghiles/Program/boards/riot/javascript/bin/native/jerryscript.a(ecma-helpers-value.c.obj)
                0x00000000000093df                ecma_make_string_value
 .text.ecma_make_magic_string_value
                0x00000000000093f2        0xe /home/aghiles/Aghiles/Program/boards/riot/javascript/bin/native/jerryscript.a(ecma-helpers-value.c.obj)
                0x00000000000093f2                ecma_make_magic_string_value
 .text.ecma_make_object_value
                0x0000000000009400        0xb /home/aghiles/Aghiles/Program/boards/riot/javascript/bin/native/jerryscript.a(ecma-helpers-value.c.obj)
                0x0000000000009400                ecma_make_object_value
 .text.ecma_make_error_reference_value
                0x000000000000940b        0xb /home/aghiles/Aghiles/Program/boards/riot/javascript/bin/native/jerryscript.a(ecma-helpers-value.c.obj)
                0x000000000000940b                ecma_make_error_reference_value
 .text.ecma_make_collection_chunk_value
                0x0000000000009416        0xb /home/aghiles/Aghiles/Program/boards/riot/javascript/bin/native/jerryscript.a(ecma-helpers-value.c.obj)
                0x0000000000009416                ecma_make_collection_chunk_value
 .text.ecma_get_integer_from_value
                0x0000000000009421        0xb /home/aghiles/Aghiles/Program/boards/riot/javascript/bin/native/jerryscript.a(ecma-helpers-value.c.obj)
                0x0000000000009421                ecma_get_integer_from_value
 .text.ecma_get_float_from_value
                0x000000000000942c        0xd /home/aghiles/Aghiles/Program/boards/riot/javascript/bin/native/jerryscript.a(ecma-helpers-value.c.obj)
                0x000000000000942c                ecma_get_float_from_value
 .text.ecma_get_number_from_value
                0x0000000000009439       0x1f /home/aghiles/Aghiles/Program/boards/riot/javascript/bin/native/jerryscript.a(ecma-helpers-value.c.obj)
                0x0000000000009439                ecma_get_number_from_value
 .text.ecma_get_string_from_value
                0x0000000000009458       0x18 /home/aghiles/Aghiles/Program/boards/riot/javascript/bin/native/jerryscript.a(ecma-helpers-value.c.obj)
                0x0000000000009458                ecma_get_string_from_value
 .text.ecma_get_object_from_value
                0x0000000000009470        0xb /home/aghiles/Aghiles/Program/boards/riot/javascript/bin/native/jerryscript.a(ecma-helpers-value.c.obj)
                0x0000000000009470                ecma_get_object_from_value
 .text.ecma_get_error_reference_from_value
                0x000000000000947b        0xb /home/aghiles/Aghiles/Program/boards/riot/javascript/bin/native/jerryscript.a(ecma-helpers-value.c.obj)
                0x000000000000947b                ecma_get_error_reference_from_value
 .text.ecma_get_collection_chunk_from_value
                0x0000000000009486        0xb /home/aghiles/Aghiles/Program/boards/riot/javascript/bin/native/jerryscript.a(ecma-helpers-value.c.obj)
                0x0000000000009486                ecma_get_collection_chunk_from_value
 .text.ecma_invert_boolean_value
                0x0000000000009491        0xb /home/aghiles/Aghiles/Program/boards/riot/javascript/bin/native/jerryscript.a(ecma-helpers-value.c.obj)
                0x0000000000009491                ecma_invert_boolean_value
 .text.ecma_copy_value
                0x000000000000949c       0x6b /home/aghiles/Aghiles/Program/boards/riot/javascript/bin/native/jerryscript.a(ecma-helpers-value.c.obj)
                0x000000000000949c                ecma_copy_value
 .text.ecma_fast_copy_value
                0x0000000000009507       0x12 /home/aghiles/Aghiles/Program/boards/riot/javascript/bin/native/jerryscript.a(ecma-helpers-value.c.obj)
                0x0000000000009507                ecma_fast_copy_value
 .text.ecma_copy_value_if_not_object
                0x0000000000009519       0x18 /home/aghiles/Aghiles/Program/boards/riot/javascript/bin/native/jerryscript.a(ecma-helpers-value.c.obj)
                0x0000000000009519                ecma_copy_value_if_not_object
 .text.ecma_update_float_number
                0x0000000000009531       0x8c /home/aghiles/Aghiles/Program/boards/riot/javascript/bin/native/jerryscript.a(ecma-helpers-value.c.obj)
                0x0000000000009531                ecma_update_float_number
 .text.ecma_free_value
                0x00000000000095bd       0x55 /home/aghiles/Aghiles/Program/boards/riot/javascript/bin/native/jerryscript.a(ecma-helpers-value.c.obj)
                0x00000000000095bd                ecma_free_value
 .text.ecma_value_assign_number
                0x0000000000009612       0xca /home/aghiles/Aghiles/Program/boards/riot/javascript/bin/native/jerryscript.a(ecma-helpers-value.c.obj)
                0x0000000000009612                ecma_value_assign_number
 .text.ecma_fast_free_value
                0x00000000000096dc       0x12 /home/aghiles/Aghiles/Program/boards/riot/javascript/bin/native/jerryscript.a(ecma-helpers-value.c.obj)
                0x00000000000096dc                ecma_fast_free_value
 .text.ecma_free_value_if_not_object
                0x00000000000096ee       0x18 /home/aghiles/Aghiles/Program/boards/riot/javascript/bin/native/jerryscript.a(ecma-helpers-value.c.obj)
                0x00000000000096ee                ecma_free_value_if_not_object
 .text.ecma_value_assign_value
                0x0000000000009706       0x5e /home/aghiles/Aghiles/Program/boards/riot/javascript/bin/native/jerryscript.a(ecma-helpers-value.c.obj)
                0x0000000000009706                ecma_value_assign_value
 .text.ecma_get_typeof_lit_id
                0x0000000000009764       0x75 /home/aghiles/Aghiles/Program/boards/riot/javascript/bin/native/jerryscript.a(ecma-helpers-value.c.obj)
                0x0000000000009764                ecma_get_typeof_lit_id
 .text.ecma_new_values_collection
                0x00000000000097d9       0x30 /home/aghiles/Aghiles/Program/boards/riot/javascript/bin/native/jerryscript.a(ecma-helpers-values-collection.c.obj)
                0x00000000000097d9                ecma_new_values_collection
 .text.ecma_free_values_collection
                0x0000000000009809       0xc5 /home/aghiles/Aghiles/Program/boards/riot/javascript/bin/native/jerryscript.a(ecma-helpers-values-collection.c.obj)
                0x0000000000009809                ecma_free_values_collection
 .text.ecma_append_to_values_collection
                0x00000000000098ce      0x106 /home/aghiles/Aghiles/Program/boards/riot/javascript/bin/native/jerryscript.a(ecma-helpers-values-collection.c.obj)
                0x00000000000098ce                ecma_append_to_values_collection
 .text.ecma_collection_iterator_init
                0x00000000000099d4       0x33 /home/aghiles/Aghiles/Program/boards/riot/javascript/bin/native/jerryscript.a(ecma-helpers-values-collection.c.obj)
                0x00000000000099d4                ecma_collection_iterator_init
 .text.ecma_collection_iterator_next
                0x0000000000009a07       0x42 /home/aghiles/Aghiles/Program/boards/riot/javascript/bin/native/jerryscript.a(ecma-helpers-values-collection.c.obj)
                0x0000000000009a07                ecma_collection_iterator_next
 .text.ecma_create_property
                0x0000000000009a49      0x190 /home/aghiles/Aghiles/Program/boards/riot/javascript/bin/native/jerryscript.a(ecma-helpers.c.obj)
 .text.ecma_create_object
                0x0000000000009bd9       0x76 /home/aghiles/Aghiles/Program/boards/riot/javascript/bin/native/jerryscript.a(ecma-helpers.c.obj)
                0x0000000000009bd9                ecma_create_object
 .text.ecma_create_decl_lex_env
                0x0000000000009c4f       0x5b /home/aghiles/Aghiles/Program/boards/riot/javascript/bin/native/jerryscript.a(ecma-helpers.c.obj)
                0x0000000000009c4f                ecma_create_decl_lex_env
 .text.ecma_create_object_lex_env
                0x0000000000009caa       0x62 /home/aghiles/Aghiles/Program/boards/riot/javascript/bin/native/jerryscript.a(ecma-helpers.c.obj)
                0x0000000000009caa                ecma_create_object_lex_env
 .text.ecma_is_lexical_environment
                0x0000000000009d0c       0x15 /home/aghiles/Aghiles/Program/boards/riot/javascript/bin/native/jerryscript.a(ecma-helpers.c.obj)
                0x0000000000009d0c                ecma_is_lexical_environment
 .text.ecma_get_object_extensible
                0x0000000000009d21       0x12 /home/aghiles/Aghiles/Program/boards/riot/javascript/bin/native/jerryscript.a(ecma-helpers.c.obj)
                0x0000000000009d21                ecma_get_object_extensible
 .text.ecma_set_object_extensible
                0x0000000000009d33       0x18 /home/aghiles/Aghiles/Program/boards/riot/javascript/bin/native/jerryscript.a(ecma-helpers.c.obj)
                0x0000000000009d33                ecma_set_object_extensible
 .text.ecma_get_object_type
                0x0000000000009d4b        0xe /home/aghiles/Aghiles/Program/boards/riot/javascript/bin/native/jerryscript.a(ecma-helpers.c.obj)
                0x0000000000009d4b                ecma_get_object_type
 .text.ecma_get_object_is_builtin
                0x0000000000009d59       0x12 /home/aghiles/Aghiles/Program/boards/riot/javascript/bin/native/jerryscript.a(ecma-helpers.c.obj)
                0x0000000000009d59                ecma_get_object_is_builtin
 .text.ecma_set_object_is_builtin
                0x0000000000009d6b        0xc /home/aghiles/Aghiles/Program/boards/riot/javascript/bin/native/jerryscript.a(ecma-helpers.c.obj)
                0x0000000000009d6b                ecma_set_object_is_builtin
 .text.ecma_get_lex_env_type
                0x0000000000009d77        0xe /home/aghiles/Aghiles/Program/boards/riot/javascript/bin/native/jerryscript.a(ecma-helpers.c.obj)
                0x0000000000009d77                ecma_get_lex_env_type
 .text.ecma_get_lex_env_outer_reference
                0x0000000000009d85       0x2f /home/aghiles/Aghiles/Program/boards/riot/javascript/bin/native/jerryscript.a(ecma-helpers.c.obj)
                0x0000000000009d85                ecma_get_lex_env_outer_reference
 .text.ecma_get_object_prototype
                0x0000000000009db4        0x9 /home/aghiles/Aghiles/Program/boards/riot/javascript/bin/native/jerryscript.a(ecma-helpers.c.obj)
                0x0000000000009db4                ecma_get_object_prototype
 .text.ecma_get_property_list
                0x0000000000009dbd       0x2f /home/aghiles/Aghiles/Program/boards/riot/javascript/bin/native/jerryscript.a(ecma-helpers.c.obj)
                0x0000000000009dbd                ecma_get_property_list
 .text.ecma_get_lex_env_binding_object
                0x0000000000009dec       0x27 /home/aghiles/Aghiles/Program/boards/riot/javascript/bin/native/jerryscript.a(ecma-helpers.c.obj)
                0x0000000000009dec                ecma_get_lex_env_binding_object
 .text.ecma_create_named_data_property
                0x0000000000009e13       0x21 /home/aghiles/Aghiles/Program/boards/riot/javascript/bin/native/jerryscript.a(ecma-helpers.c.obj)
                0x0000000000009e13                ecma_create_named_data_property
 .text.ecma_create_named_accessor_property
                0x0000000000009e34       0x74 /home/aghiles/Aghiles/Program/boards/riot/javascript/bin/native/jerryscript.a(ecma-helpers.c.obj)
                0x0000000000009e34                ecma_create_named_accessor_property
 .text.ecma_find_named_property
                0x0000000000009ea8      0x1c1 /home/aghiles/Aghiles/Program/boards/riot/javascript/bin/native/jerryscript.a(ecma-helpers.c.obj)
                0x0000000000009ea8                ecma_find_named_property
 .text.ecma_get_named_data_property
                0x000000000000a069       0x19 /home/aghiles/Aghiles/Program/boards/riot/javascript/bin/native/jerryscript.a(ecma-helpers.c.obj)
                0x000000000000a069                ecma_get_named_data_property
 .text.ecma_free_property
                0x000000000000a082       0x92 /home/aghiles/Aghiles/Program/boards/riot/javascript/bin/native/jerryscript.a(ecma-helpers.c.obj)
                0x000000000000a082                ecma_free_property
 .text.ecma_delete_property
                0x000000000000a114      0x15d /home/aghiles/Aghiles/Program/boards/riot/javascript/bin/native/jerryscript.a(ecma-helpers.c.obj)
                0x000000000000a114                ecma_delete_property
 .text.ecma_delete_array_properties
                0x000000000000a271      0x204 /home/aghiles/Aghiles/Program/boards/riot/javascript/bin/native/jerryscript.a(ecma-helpers.c.obj)
                0x000000000000a271                ecma_delete_array_properties
 .text.ecma_named_data_property_assign_value
                0x000000000000a475       0x25 /home/aghiles/Aghiles/Program/boards/riot/javascript/bin/native/jerryscript.a(ecma-helpers.c.obj)
                0x000000000000a475                ecma_named_data_property_assign_value
 .text.ecma_get_named_accessor_property_getter
                0x000000000000a49a       0x2e /home/aghiles/Aghiles/Program/boards/riot/javascript/bin/native/jerryscript.a(ecma-helpers.c.obj)
                0x000000000000a49a                ecma_get_named_accessor_property_getter
 .text.ecma_get_named_accessor_property_setter
                0x000000000000a4c8       0x2f /home/aghiles/Aghiles/Program/boards/riot/javascript/bin/native/jerryscript.a(ecma-helpers.c.obj)
                0x000000000000a4c8                ecma_get_named_accessor_property_setter
 .text.ecma_set_named_accessor_property_getter
                0x000000000000a4f7       0x37 /home/aghiles/Aghiles/Program/boards/riot/javascript/bin/native/jerryscript.a(ecma-helpers.c.obj)
                0x000000000000a4f7                ecma_set_named_accessor_property_getter
 .text.ecma_set_named_accessor_property_setter
                0x000000000000a52e       0x39 /home/aghiles/Aghiles/Program/boards/riot/javascript/bin/native/jerryscript.a(ecma-helpers.c.obj)
                0x000000000000a52e                ecma_set_named_accessor_property_setter
 .text.ecma_is_property_writable
                0x000000000000a567        0xe /home/aghiles/Aghiles/Program/boards/riot/javascript/bin/native/jerryscript.a(ecma-helpers.c.obj)
                0x000000000000a567                ecma_is_property_writable
 .text.ecma_set_property_writable_attr
                0x000000000000a575       0x16 /home/aghiles/Aghiles/Program/boards/riot/javascript/bin/native/jerryscript.a(ecma-helpers.c.obj)
                0x000000000000a575                ecma_set_property_writable_attr
 .text.ecma_is_property_enumerable
                0x000000000000a58b        0xe /home/aghiles/Aghiles/Program/boards/riot/javascript/bin/native/jerryscript.a(ecma-helpers.c.obj)
                0x000000000000a58b                ecma_is_property_enumerable
 .text.ecma_set_property_enumerable_attr
                0x000000000000a599       0x16 /home/aghiles/Aghiles/Program/boards/riot/javascript/bin/native/jerryscript.a(ecma-helpers.c.obj)
                0x000000000000a599                ecma_set_property_enumerable_attr
 .text.ecma_is_property_configurable
                0x000000000000a5af        0xe /home/aghiles/Aghiles/Program/boards/riot/javascript/bin/native/jerryscript.a(ecma-helpers.c.obj)
                0x000000000000a5af                ecma_is_property_configurable
 .text.ecma_set_property_configurable_attr
                0x000000000000a5bd       0x16 /home/aghiles/Aghiles/Program/boards/riot/javascript/bin/native/jerryscript.a(ecma-helpers.c.obj)
                0x000000000000a5bd                ecma_set_property_configurable_attr
 .text.ecma_set_property_lcached
                0x000000000000a5d3       0x16 /home/aghiles/Aghiles/Program/boards/riot/javascript/bin/native/jerryscript.a(ecma-helpers.c.obj)
                0x000000000000a5d3                ecma_set_property_lcached
 .text.ecma_make_empty_property_descriptor
                0x000000000000a5e9       0x26 /home/aghiles/Aghiles/Program/boards/riot/javascript/bin/native/jerryscript.a(ecma-helpers.c.obj)
                0x000000000000a5e9                ecma_make_empty_property_descriptor
 .text.ecma_free_property_descriptor
                0x000000000000a60f       0x81 /home/aghiles/Aghiles/Program/boards/riot/javascript/bin/native/jerryscript.a(ecma-helpers.c.obj)
                0x000000000000a60f                ecma_free_property_descriptor
 .text.ecma_create_error_reference
                0x000000000000a690       0x42 /home/aghiles/Aghiles/Program/boards/riot/javascript/bin/native/jerryscript.a(ecma-helpers.c.obj)
                0x000000000000a690                ecma_create_error_reference
 .text.ecma_create_error_reference_from_context
                0x000000000000a6d2       0x30 /home/aghiles/Aghiles/Program/boards/riot/javascript/bin/native/jerryscript.a(ecma-helpers.c.obj)
                0x000000000000a6d2                ecma_create_error_reference_from_context
 .text.ecma_deref_error_reference
                0x000000000000a702       0x3e /home/aghiles/Aghiles/Program/boards/riot/javascript/bin/native/jerryscript.a(ecma-helpers.c.obj)
                0x000000000000a702                ecma_deref_error_reference
 .text.ecma_clear_error_reference
                0x000000000000a740       0x7c /home/aghiles/Aghiles/Program/boards/riot/javascript/bin/native/jerryscript.a(ecma-helpers.c.obj)
                0x000000000000a740                ecma_clear_error_reference
 .text.ecma_bytecode_ref
                0x000000000000a7bc       0x31 /home/aghiles/Aghiles/Program/boards/riot/javascript/bin/native/jerryscript.a(ecma-helpers.c.obj)
                0x000000000000a7bc                ecma_bytecode_ref
 .text.ecma_bytecode_deref
                0x000000000000a7ed       0xb7 /home/aghiles/Aghiles/Program/boards/riot/javascript/bin/native/jerryscript.a(ecma-helpers.c.obj)
                0x000000000000a7ed                ecma_bytecode_deref
 .text.ecma_init
                0x000000000000a8a4       0x44 /home/aghiles/Aghiles/Program/boards/riot/javascript/bin/native/jerryscript.a(ecma-init-finalize.c.obj)
                0x000000000000a8a4                ecma_init
 .text.ecma_finalize
                0x000000000000a8e8       0x40 /home/aghiles/Aghiles/Program/boards/riot/javascript/bin/native/jerryscript.a(ecma-init-finalize.c.obj)
                0x000000000000a8e8                ecma_finalize
 .text.ecma_lcache_init
                0x000000000000a928       0x2c /home/aghiles/Aghiles/Program/boards/riot/javascript/bin/native/jerryscript.a(ecma-lcache.c.obj)
                0x000000000000a928                ecma_lcache_init
 .text.ecma_lcache_insert
                0x000000000000a954       0xaa /home/aghiles/Aghiles/Program/boards/riot/javascript/bin/native/jerryscript.a(ecma-lcache.c.obj)
                0x000000000000a954                ecma_lcache_insert
 .text.ecma_lcache_lookup
                0x000000000000a9fe       0xa3 /home/aghiles/Aghiles/Program/boards/riot/javascript/bin/native/jerryscript.a(ecma-lcache.c.obj)
                0x000000000000a9fe                ecma_lcache_lookup
 .text.ecma_lcache_invalidate
                0x000000000000aaa1       0x70 /home/aghiles/Aghiles/Program/boards/riot/javascript/bin/native/jerryscript.a(ecma-lcache.c.obj)
                0x000000000000aaa1                ecma_lcache_invalidate
 .text.ecma_free_string_list
                0x000000000000ab11       0x71 /home/aghiles/Aghiles/Program/boards/riot/javascript/bin/native/jerryscript.a(ecma-literal-storage.c.obj)
 .text.ecma_finalize_lit_storage
                0x000000000000ab82       0x2e /home/aghiles/Aghiles/Program/boards/riot/javascript/bin/native/jerryscript.a(ecma-literal-storage.c.obj)
                0x000000000000ab82                ecma_finalize_lit_storage
 .text.ecma_find_or_create_literal_string
                0x000000000000abb0      0x13d /home/aghiles/Aghiles/Program/boards/riot/javascript/bin/native/jerryscript.a(ecma-literal-storage.c.obj)
                0x000000000000abb0                ecma_find_or_create_literal_string
 .text.ecma_find_or_create_literal_number
                0x000000000000aced      0x153 /home/aghiles/Aghiles/Program/boards/riot/javascript/bin/native/jerryscript.a(ecma-literal-storage.c.obj)
                0x000000000000aced                ecma_find_or_create_literal_number
 .text.ecma_property_hashmap_create
                0x000000000000ae40      0x206 /home/aghiles/Aghiles/Program/boards/riot/javascript/bin/native/jerryscript.a(ecma-property-hashmap.c.obj)
                0x000000000000ae40                ecma_property_hashmap_create
 .text.ecma_property_hashmap_free
                0x000000000000b046       0x43 /home/aghiles/Aghiles/Program/boards/riot/javascript/bin/native/jerryscript.a(ecma-property-hashmap.c.obj)
                0x000000000000b046                ecma_property_hashmap_free
 .text.ecma_property_hashmap_insert
                0x000000000000b089      0x10f /home/aghiles/Aghiles/Program/boards/riot/javascript/bin/native/jerryscript.a(ecma-property-hashmap.c.obj)
                0x000000000000b089                ecma_property_hashmap_insert
 .text.ecma_property_hashmap_delete
                0x000000000000b198       0xf9 /home/aghiles/Aghiles/Program/boards/riot/javascript/bin/native/jerryscript.a(ecma-property-hashmap.c.obj)
                0x000000000000b198                ecma_property_hashmap_delete
 .text.ecma_property_hashmap_find
                0x000000000000b291      0x199 /home/aghiles/Aghiles/Program/boards/riot/javascript/bin/native/jerryscript.a(ecma-property-hashmap.c.obj)
                0x000000000000b291                ecma_property_hashmap_find
 .text.ecma_builtin_helper_object_to_string
                0x000000000000b42a       0xd3 /home/aghiles/Aghiles/Program/boards/riot/javascript/bin/native/jerryscript.a(ecma-builtin-helpers.c.obj)
                0x000000000000b42a                ecma_builtin_helper_object_to_string
 .text.ecma_builtin_helper_get_to_locale_string_at_index
                0x000000000000b4fd      0x169 /home/aghiles/Aghiles/Program/boards/riot/javascript/bin/native/jerryscript.a(ecma-builtin-helpers.c.obj)
                0x000000000000b4fd                ecma_builtin_helper_get_to_locale_string_at_index
 .text.ecma_builtin_helper_array_index_normalize
                0x000000000000b666       0xec /home/aghiles/Aghiles/Program/boards/riot/javascript/bin/native/jerryscript.a(ecma-builtin-helpers.c.obj)
                0x000000000000b666                ecma_builtin_helper_array_index_normalize
 .text.ecma_builtin_helper_string_index_normalize
                0x000000000000b752       0x80 /home/aghiles/Aghiles/Program/boards/riot/javascript/bin/native/jerryscript.a(ecma-builtin-helpers.c.obj)
                0x000000000000b752                ecma_builtin_helper_string_index_normalize
 .text.ecma_builtin_helper_string_find_index
                0x000000000000b7d2      0x1b6 /home/aghiles/Aghiles/Program/boards/riot/javascript/bin/native/jerryscript.a(ecma-builtin-helpers.c.obj)
                0x000000000000b7d2                ecma_builtin_helper_string_find_index
 .text.ecma_builtin_helper_string_prototype_object_index_of
                0x000000000000b988      0x145 /home/aghiles/Aghiles/Program/boards/riot/javascript/bin/native/jerryscript.a(ecma-builtin-helpers.c.obj)
                0x000000000000b988                ecma_builtin_helper_string_prototype_object_index_of
 .text.ecma_builtin_helper_def_prop
                0x000000000000bacd       0x8d /home/aghiles/Aghiles/Program/boards/riot/javascript/bin/native/jerryscript.a(ecma-builtin-helpers.c.obj)
                0x000000000000bacd                ecma_builtin_helper_def_prop
 .text.ecma_builtin_helper_object_get_properties
                0x000000000000bb5a       0xb3 /home/aghiles/Aghiles/Program/boards/riot/javascript/bin/native/jerryscript.a(ecma-builtin-helpers.c.obj)
                0x000000000000bb5a                ecma_builtin_helper_object_get_properties
 .text.ecma_builtin_helper_array_concat_value
                0x000000000000bc0d      0x1d9 /home/aghiles/Aghiles/Program/boards/riot/javascript/bin/native/jerryscript.a(ecma-builtin-helpers.c.obj)
                0x000000000000bc0d                ecma_builtin_helper_array_concat_value
 .text.ecma_builtin_json_check_id
                0x000000000000bde6       0x2b /home/aghiles/Aghiles/Program/boards/riot/javascript/bin/native/jerryscript.a(ecma-builtin-json.c.obj)
 .text.ecma_builtin_json_quote
                0x000000000000be11      0x1c5 /home/aghiles/Aghiles/Program/boards/riot/javascript/bin/native/jerryscript.a(ecma-builtin-json.c.obj)
 .text.ecma_builtin_json_str
                0x000000000000bfd6      0x884 /home/aghiles/Aghiles/Program/boards/riot/javascript/bin/native/jerryscript.a(ecma-builtin-json.c.obj)
 .text.ecma_builtin_json_str_helper
                0x000000000000c85a       0x9b /home/aghiles/Aghiles/Program/boards/riot/javascript/bin/native/jerryscript.a(ecma-builtin-json.c.obj)
 .text.ecma_builtin_json_parse_next_token
                0x000000000000c8f5      0x487 /home/aghiles/Aghiles/Program/boards/riot/javascript/bin/native/jerryscript.a(ecma-builtin-json.c.obj)
 .text.ecma_builtin_json_parse_value
                0x000000000000cd7c      0x229 /home/aghiles/Aghiles/Program/boards/riot/javascript/bin/native/jerryscript.a(ecma-builtin-json.c.obj)
 .text.ecma_builtin_json_walk
                0x000000000000cfa5      0x18a /home/aghiles/Aghiles/Program/boards/riot/javascript/bin/native/jerryscript.a(ecma-builtin-json.c.obj)
 .text.ecma_builtin_json_parse_buffer
                0x000000000000d12f       0x66 /home/aghiles/Aghiles/Program/boards/riot/javascript/bin/native/jerryscript.a(ecma-builtin-json.c.obj)
                0x000000000000d12f                ecma_builtin_json_parse_buffer
 .text.ecma_builtin_json_dispatch_routine
                0x000000000000d195      0x5d1 /home/aghiles/Aghiles/Program/boards/riot/javascript/bin/native/jerryscript.a(ecma-builtin-json.c.obj)
                0x000000000000d195                ecma_builtin_json_dispatch_routine
 .text.ecma_instantiate_builtin_helper
                0x000000000000d766      0x18d /home/aghiles/Aghiles/Program/boards/riot/javascript/bin/native/jerryscript.a(ecma-builtins.c.obj)
 .text.ecma_instantiate_builtin
                0x000000000000d8f3      0x344 /home/aghiles/Aghiles/Program/boards/riot/javascript/bin/native/jerryscript.a(ecma-builtins.c.obj)
 .text.ecma_builtin_get
                0x000000000000dc37       0x40 /home/aghiles/Aghiles/Program/boards/riot/javascript/bin/native/jerryscript.a(ecma-builtins.c.obj)
                0x000000000000dc37                ecma_builtin_get
 .text.ecma_builtin_make_function_object_for_routine
                0x000000000000dc77       0xc1 /home/aghiles/Aghiles/Program/boards/riot/javascript/bin/native/jerryscript.a(ecma-builtins.c.obj)
 .text.ecma_builtin_get_global
                0x000000000000dd38       0x1b /home/aghiles/Aghiles/Program/boards/riot/javascript/bin/native/jerryscript.a(ecma-builtins.c.obj)
                0x000000000000dd38                ecma_builtin_get_global
 .text.ecma_builtin_function_is_routine
                0x000000000000dd53       0x10 /home/aghiles/Aghiles/Program/boards/riot/javascript/bin/native/jerryscript.a(ecma-builtins.c.obj)
                0x000000000000dd53                ecma_builtin_function_is_routine
 .text.ecma_finalize_builtins
                0x000000000000dd63       0x49 /home/aghiles/Aghiles/Program/boards/riot/javascript/bin/native/jerryscript.a(ecma-builtins.c.obj)
                0x000000000000dd63                ecma_finalize_builtins
 .text.ecma_builtin_try_to_instantiate_property
                0x000000000000ddac      0x293 /home/aghiles/Aghiles/Program/boards/riot/javascript/bin/native/jerryscript.a(ecma-builtins.c.obj)
                0x000000000000ddac                ecma_builtin_try_to_instantiate_property
 .text.ecma_builtin_list_lazy_property_names
                0x000000000000e03f      0x125 /home/aghiles/Aghiles/Program/boards/riot/javascript/bin/native/jerryscript.a(ecma-builtins.c.obj)
                0x000000000000e03f                ecma_builtin_list_lazy_property_names
 .text.ecma_builtin_dispatch_call
                0x000000000000e164       0x4b /home/aghiles/Aghiles/Program/boards/riot/javascript/bin/native/jerryscript.a(ecma-builtins.c.obj)
                0x000000000000e164                ecma_builtin_dispatch_call
 .text.ecma_builtin_dispatch_construct
                0x000000000000e1af       0x2c /home/aghiles/Aghiles/Program/boards/riot/javascript/bin/native/jerryscript.a(ecma-builtins.c.obj)
                0x000000000000e1af                ecma_builtin_dispatch_construct
 .text.ecma_op_create_array_object
                0x000000000000e1db      0x138 /home/aghiles/Aghiles/Program/boards/riot/javascript/bin/native/jerryscript.a(ecma-array-object.c.obj)
                0x000000000000e1db                ecma_op_create_array_object
 .text.ecma_op_array_object_set_length
                0x000000000000e313      0x196 /home/aghiles/Aghiles/Program/boards/riot/javascript/bin/native/jerryscript.a(ecma-array-object.c.obj)
                0x000000000000e313                ecma_op_array_object_set_length
 .text.ecma_op_array_object_define_own_property
                0x000000000000e4a9      0x13e /home/aghiles/Aghiles/Program/boards/riot/javascript/bin/native/jerryscript.a(ecma-array-object.c.obj)
                0x000000000000e4a9                ecma_op_array_object_define_own_property
 .text.ecma_op_array_list_lazy_property_names
                0x000000000000e5e7       0x3b /home/aghiles/Aghiles/Program/boards/riot/javascript/bin/native/jerryscript.a(ecma-array-object.c.obj)
                0x000000000000e5e7                ecma_op_array_list_lazy_property_names
 .text.ecma_op_check_object_coercible
                0x000000000000e622       0x56 /home/aghiles/Aghiles/Program/boards/riot/javascript/bin/native/jerryscript.a(ecma-conversion.c.obj)
                0x000000000000e622                ecma_op_check_object_coercible
 .text.ecma_op_same_value
                0x000000000000e678      0x21a /home/aghiles/Aghiles/Program/boards/riot/javascript/bin/native/jerryscript.a(ecma-conversion.c.obj)
                0x000000000000e678                ecma_op_same_value
 .text.ecma_op_to_primitive
                0x000000000000e892       0x54 /home/aghiles/Aghiles/Program/boards/riot/javascript/bin/native/jerryscript.a(ecma-conversion.c.obj)
                0x000000000000e892                ecma_op_to_primitive
 .text.ecma_op_to_boolean
                0x000000000000e8e6       0xde /home/aghiles/Aghiles/Program/boards/riot/javascript/bin/native/jerryscript.a(ecma-conversion.c.obj)
                0x000000000000e8e6                ecma_op_to_boolean
 .text.ecma_op_to_number
                0x000000000000e9c4      0x111 /home/aghiles/Aghiles/Program/boards/riot/javascript/bin/native/jerryscript.a(ecma-conversion.c.obj)
                0x000000000000e9c4                ecma_op_to_number
 .text.ecma_get_number
                0x000000000000ead5      0x11b /home/aghiles/Aghiles/Program/boards/riot/javascript/bin/native/jerryscript.a(ecma-conversion.c.obj)
                0x000000000000ead5                ecma_get_number
 .text.ecma_op_to_string
                0x000000000000ebf0      0x156 /home/aghiles/Aghiles/Program/boards/riot/javascript/bin/native/jerryscript.a(ecma-conversion.c.obj)
                0x000000000000ebf0                ecma_op_to_string
 .text.ecma_op_to_object
                0x000000000000ed46       0xb1 /home/aghiles/Aghiles/Program/boards/riot/javascript/bin/native/jerryscript.a(ecma-conversion.c.obj)
                0x000000000000ed46                ecma_op_to_object
 .text.ecma_op_from_property_descriptor
                0x000000000000edf7      0x145 /home/aghiles/Aghiles/Program/boards/riot/javascript/bin/native/jerryscript.a(ecma-conversion.c.obj)
                0x000000000000edf7                ecma_op_from_property_descriptor
 .text.ecma_op_to_property_descriptor
                0x000000000000ef3c      0x371 /home/aghiles/Aghiles/Program/boards/riot/javascript/bin/native/jerryscript.a(ecma-conversion.c.obj)
                0x000000000000ef3c                ecma_op_to_property_descriptor
 .text.ecma_op_eval_chars_buffer
                0x000000000000f2ad       0x57 /home/aghiles/Aghiles/Program/boards/riot/javascript/bin/native/jerryscript.a(ecma-eval.c.obj)
                0x000000000000f2ad                ecma_op_eval_chars_buffer
 .text.ecma_op_eval
                0x000000000000f304       0x72 /home/aghiles/Aghiles/Program/boards/riot/javascript/bin/native/jerryscript.a(ecma-eval.c.obj)
                0x000000000000f304                ecma_op_eval
 .text.ecma_new_standard_error
                0x000000000000f376       0x5e /home/aghiles/Aghiles/Program/boards/riot/javascript/bin/native/jerryscript.a(ecma-exceptions.c.obj)
                0x000000000000f376                ecma_new_standard_error
 .text.ecma_new_standard_error_with_message
                0x000000000000f3d4       0x5a /home/aghiles/Aghiles/Program/boards/riot/javascript/bin/native/jerryscript.a(ecma-exceptions.c.obj)
                0x000000000000f3d4                ecma_new_standard_error_with_message
 .text.ecma_raise_standard_error
                0x000000000000f42e       0x84 /home/aghiles/Aghiles/Program/boards/riot/javascript/bin/native/jerryscript.a(ecma-exceptions.c.obj)
 .text.ecma_raise_range_error
                0x000000000000f4b2       0x11 /home/aghiles/Aghiles/Program/boards/riot/javascript/bin/native/jerryscript.a(ecma-exceptions.c.obj)
                0x000000000000f4b2                ecma_raise_range_error
 .text.ecma_raise_reference_error
                0x000000000000f4c3       0x11 /home/aghiles/Aghiles/Program/boards/riot/javascript/bin/native/jerryscript.a(ecma-exceptions.c.obj)
                0x000000000000f4c3                ecma_raise_reference_error
 .text.ecma_raise_syntax_error
                0x000000000000f4d4       0x11 /home/aghiles/Aghiles/Program/boards/riot/javascript/bin/native/jerryscript.a(ecma-exceptions.c.obj)
                0x000000000000f4d4                ecma_raise_syntax_error
 .text.ecma_raise_type_error
                0x000000000000f4e5       0x11 /home/aghiles/Aghiles/Program/boards/riot/javascript/bin/native/jerryscript.a(ecma-exceptions.c.obj)
                0x000000000000f4e5                ecma_raise_type_error
 .text.ecma_raise_uri_error
                0x000000000000f4f6       0x11 /home/aghiles/Aghiles/Program/boards/riot/javascript/bin/native/jerryscript.a(ecma-exceptions.c.obj)
                0x000000000000f4f6                ecma_raise_uri_error
 .text.ecma_is_normal_or_arrow_function
                0x000000000000f507        0xc /home/aghiles/Aghiles/Program/boards/riot/javascript/bin/native/jerryscript.a(ecma-function-object.c.obj)
                0x000000000000f507                ecma_is_normal_or_arrow_function
 .text.ecma_op_is_callable
                0x000000000000f513       0x4f /home/aghiles/Aghiles/Program/boards/riot/javascript/bin/native/jerryscript.a(ecma-function-object.c.obj)
                0x000000000000f513                ecma_op_is_callable
 .text.ecma_is_constructor
                0x000000000000f562       0x7c /home/aghiles/Aghiles/Program/boards/riot/javascript/bin/native/jerryscript.a(ecma-function-object.c.obj)
                0x000000000000f562                ecma_is_constructor
 .text.ecma_op_create_function_object
                0x000000000000f5de       0x52 /home/aghiles/Aghiles/Program/boards/riot/javascript/bin/native/jerryscript.a(ecma-function-object.c.obj)
                0x000000000000f5de                ecma_op_create_function_object
 .text.ecma_op_create_external_function_object
                0x000000000000f630       0x44 /home/aghiles/Aghiles/Program/boards/riot/javascript/bin/native/jerryscript.a(ecma-function-object.c.obj)
                0x000000000000f630                ecma_op_create_external_function_object
 .text.ecma_op_function_get_compiled_code
                0x000000000000f674        0xb /home/aghiles/Aghiles/Program/boards/riot/javascript/bin/native/jerryscript.a(ecma-function-object.c.obj)
                0x000000000000f674                ecma_op_function_get_compiled_code
 .text.ecma_op_function_has_instance
                0x000000000000f67f       0xee /home/aghiles/Aghiles/Program/boards/riot/javascript/bin/native/jerryscript.a(ecma-function-object.c.obj)
                0x000000000000f67f                ecma_op_function_has_instance
 .text.ecma_op_function_call
                0x000000000000f76d      0x270 /home/aghiles/Aghiles/Program/boards/riot/javascript/bin/native/jerryscript.a(ecma-function-object.c.obj)
                0x000000000000f76d                ecma_op_function_call
 .text.ecma_op_function_construct
                0x000000000000f9dd      0x200 /home/aghiles/Aghiles/Program/boards/riot/javascript/bin/native/jerryscript.a(ecma-function-object.c.obj)
                0x000000000000f9dd                ecma_op_function_construct
 .text.ecma_op_function_try_to_lazy_instantiate_property
                0x000000000000fbdd       0xeb /home/aghiles/Aghiles/Program/boards/riot/javascript/bin/native/jerryscript.a(ecma-function-object.c.obj)
                0x000000000000fbdd                ecma_op_function_try_to_lazy_instantiate_property
 .text.ecma_op_external_function_try_to_lazy_instantiate_property
                0x000000000000fcc8       0x4e /home/aghiles/Aghiles/Program/boards/riot/javascript/bin/native/jerryscript.a(ecma-function-object.c.obj)
                0x000000000000fcc8                ecma_op_external_function_try_to_lazy_instantiate_property
 .text.ecma_op_bound_function_try_to_lazy_instantiate_property
                0x000000000000fd16      0x121 /home/aghiles/Aghiles/Program/boards/riot/javascript/bin/native/jerryscript.a(ecma-function-object.c.obj)
                0x000000000000fd16                ecma_op_bound_function_try_to_lazy_instantiate_property
 .text.ecma_op_function_list_lazy_property_names
                0x000000000000fe37       0x90 /home/aghiles/Aghiles/Program/boards/riot/javascript/bin/native/jerryscript.a(ecma-function-object.c.obj)
                0x000000000000fe37                ecma_op_function_list_lazy_property_names
 .text.ecma_op_external_function_list_lazy_property_names
                0x000000000000fec7       0x3e /home/aghiles/Aghiles/Program/boards/riot/javascript/bin/native/jerryscript.a(ecma-function-object.c.obj)
                0x000000000000fec7                ecma_op_external_function_list_lazy_property_names
 .text.ecma_op_bound_function_list_lazy_property_names
                0x000000000000ff05       0x6b /home/aghiles/Aghiles/Program/boards/riot/javascript/bin/native/jerryscript.a(ecma-function-object.c.obj)
                0x000000000000ff05                ecma_op_bound_function_list_lazy_property_names
 .text.ecma_init_global_lex_env
                0x000000000000ff70       0x44 /home/aghiles/Aghiles/Program/boards/riot/javascript/bin/native/jerryscript.a(ecma-lex-env.c.obj)
                0x000000000000ff70                ecma_init_global_lex_env
 .text.ecma_finalize_global_lex_env
                0x000000000000ffb4       0x38 /home/aghiles/Aghiles/Program/boards/riot/javascript/bin/native/jerryscript.a(ecma-lex-env.c.obj)
                0x000000000000ffb4                ecma_finalize_global_lex_env
 .text.ecma_get_global_environment
                0x000000000000ffec       0x1b /home/aghiles/Aghiles/Program/boards/riot/javascript/bin/native/jerryscript.a(ecma-lex-env.c.obj)
                0x000000000000ffec                ecma_get_global_environment
 .text.ecma_op_has_binding
                0x0000000000010007       0x58 /home/aghiles/Aghiles/Program/boards/riot/javascript/bin/native/jerryscript.a(ecma-lex-env.c.obj)
                0x0000000000010007                ecma_op_has_binding
 .text.ecma_op_create_mutable_binding
                0x000000000001005f       0x92 /home/aghiles/Aghiles/Program/boards/riot/javascript/bin/native/jerryscript.a(ecma-lex-env.c.obj)
                0x000000000001005f                ecma_op_create_mutable_binding
 .text.ecma_op_set_mutable_binding
                0x00000000000100f1       0xa9 /home/aghiles/Aghiles/Program/boards/riot/javascript/bin/native/jerryscript.a(ecma-lex-env.c.obj)
                0x00000000000100f1                ecma_op_set_mutable_binding
 .text.ecma_op_get_binding_value
                0x000000000001019a       0x86 /home/aghiles/Aghiles/Program/boards/riot/javascript/bin/native/jerryscript.a(ecma-lex-env.c.obj)
                0x000000000001019a                ecma_op_get_binding_value
 .text.ecma_op_delete_binding
                0x0000000000010220       0x92 /home/aghiles/Aghiles/Program/boards/riot/javascript/bin/native/jerryscript.a(ecma-lex-env.c.obj)
                0x0000000000010220                ecma_op_delete_binding
 .text.ecma_op_implicit_this_value
                0x00000000000102b2       0x50 /home/aghiles/Aghiles/Program/boards/riot/javascript/bin/native/jerryscript.a(ecma-lex-env.c.obj)
                0x00000000000102b2                ecma_op_implicit_this_value
 .text.ecma_op_create_immutable_binding
                0x0000000000010302       0x36 /home/aghiles/Aghiles/Program/boards/riot/javascript/bin/native/jerryscript.a(ecma-lex-env.c.obj)
                0x0000000000010302                ecma_op_create_immutable_binding
 .text.ecma_op_create_number_object
                0x0000000000010338       0x6d /home/aghiles/Aghiles/Program/boards/riot/javascript/bin/native/jerryscript.a(ecma-number-object.c.obj)
                0x0000000000010338                ecma_op_create_number_object
 .text.ecma_op_create_arguments_object
                0x00000000000103a5      0x288 /home/aghiles/Aghiles/Program/boards/riot/javascript/bin/native/jerryscript.a(ecma-objects-arguments.c.obj)